Archive member included to satisfy reference by file (symbol)

../p6_partb_bsp//newlib/nios2-elf/lib/libm.a(lib_a-sf_cos.o)
                              obj/default/hello_world_small.o (cosf)
../p6_partb_bsp//newlib/nios2-elf/lib/libm.a(lib_a-sf_sin.o)
                              obj/default/hello_world_small.o (sinf)
../p6_partb_bsp//newlib/nios2-elf/lib/libm.a(lib_a-s_round.o)
                              obj/default/hello_world_small.o (round)
../p6_partb_bsp//newlib/nios2-elf/lib/libm.a(lib_a-ef_rem_pio2.o)
                              ../p6_partb_bsp//newlib/nios2-elf/lib/libm.a(lib_a-sf_cos.o) (__ieee754_rem_pio2f)
../p6_partb_bsp//newlib/nios2-elf/lib/libm.a(lib_a-kf_cos.o)
                              ../p6_partb_bsp//newlib/nios2-elf/lib/libm.a(lib_a-sf_cos.o) (__kernel_cosf)
../p6_partb_bsp//newlib/nios2-elf/lib/libm.a(lib_a-kf_rem_pio2.o)
                              ../p6_partb_bsp//newlib/nios2-elf/lib/libm.a(lib_a-ef_rem_pio2.o) (__kernel_rem_pio2f)
../p6_partb_bsp//newlib/nios2-elf/lib/libm.a(lib_a-kf_sin.o)
                              ../p6_partb_bsp//newlib/nios2-elf/lib/libm.a(lib_a-sf_cos.o) (__kernel_sinf)
../p6_partb_bsp//newlib/nios2-elf/lib/libm.a(lib_a-sf_fabs.o)
                              ../p6_partb_bsp//newlib/nios2-elf/lib/libm.a(lib_a-ef_rem_pio2.o) (fabsf)
../p6_partb_bsp//newlib/nios2-elf/lib/libm.a(lib_a-sf_floor.o)
                              ../p6_partb_bsp//newlib/nios2-elf/lib/libm.a(lib_a-kf_rem_pio2.o) (floorf)
../p6_partb_bsp//newlib/nios2-elf/lib/libm.a(lib_a-sf_scalbn.o)
                              ../p6_partb_bsp//newlib/nios2-elf/lib/libm.a(lib_a-kf_rem_pio2.o) (scalbnf)
../p6_partb_bsp//newlib/nios2-elf/lib/libm.a(lib_a-sf_copysign.o)
                              ../p6_partb_bsp//newlib/nios2-elf/lib/libm.a(lib_a-sf_scalbn.o) (copysignf)
/usr/local/3rdparty/altera/18.1/nios2eds/bin/gnu/H-x86_64-pc-linux-gnu/bin/../lib/gcc/nios2-elf/5.3.0/libgcc.a(adddf3.o)
                              ../p6_partb_bsp//newlib/nios2-elf/lib/libm.a(lib_a-s_round.o) (__adddf3)
/usr/local/3rdparty/altera/18.1/nios2eds/bin/gnu/H-x86_64-pc-linux-gnu/bin/../lib/gcc/nios2-elf/5.3.0/libgcc.a(divdf3.o)
                              obj/default/hello_world_small.o (__divdf3)
/usr/local/3rdparty/altera/18.1/nios2eds/bin/gnu/H-x86_64-pc-linux-gnu/bin/../lib/gcc/nios2-elf/5.3.0/libgcc.a(muldf3.o)
                              obj/default/hello_world_small.o (__muldf3)
/usr/local/3rdparty/altera/18.1/nios2eds/bin/gnu/H-x86_64-pc-linux-gnu/bin/../lib/gcc/nios2-elf/5.3.0/libgcc.a(floatsidf.o)
                              obj/default/hello_world_small.o (__floatsidf)
/usr/local/3rdparty/altera/18.1/nios2eds/bin/gnu/H-x86_64-pc-linux-gnu/bin/../lib/gcc/nios2-elf/5.3.0/libgcc.a(extendsfdf2.o)
                              obj/default/hello_world_small.o (__extendsfdf2)
/usr/local/3rdparty/altera/18.1/nios2eds/bin/gnu/H-x86_64-pc-linux-gnu/bin/../lib/gcc/nios2-elf/5.3.0/libgcc.a(truncdfsf2.o)
                              obj/default/hello_world_small.o (__truncdfsf2)
/usr/local/3rdparty/altera/18.1/nios2eds/bin/gnu/H-x86_64-pc-linux-gnu/bin/../lib/gcc/nios2-elf/5.3.0/libgcc.a(_clzsi2.o)
                              /usr/local/3rdparty/altera/18.1/nios2eds/bin/gnu/H-x86_64-pc-linux-gnu/bin/../lib/gcc/nios2-elf/5.3.0/libgcc.a(adddf3.o) (__clzsi2)
/usr/local/3rdparty/altera/18.1/nios2eds/bin/gnu/H-x86_64-pc-linux-gnu/bin/../lib/gcc/nios2-elf/5.3.0/libgcc.a(lib2-divmod.o)
                              /usr/local/3rdparty/altera/18.1/nios2eds/bin/gnu/H-x86_64-pc-linux-gnu/bin/../lib/gcc/nios2-elf/5.3.0/libgcc.a(divdf3.o) (__udivsi3)
/usr/local/3rdparty/altera/18.1/nios2eds/bin/gnu/H-x86_64-pc-linux-gnu/bin/../lib/gcc/nios2-elf/5.3.0/libgcc.a(_clz.o)
                              /usr/local/3rdparty/altera/18.1/nios2eds/bin/gnu/H-x86_64-pc-linux-gnu/bin/../lib/gcc/nios2-elf/5.3.0/libgcc.a(_clzsi2.o) (__clz_tab)
../p6_partb_bsp//newlib/nios2-elf/lib/libsmallc.a(lib_a-printf.o)
                              obj/default/hello_world_small.o (printf)
../p6_partb_bsp//newlib/nios2-elf/lib/libsmallc.a(lib_a-puts.o)
                              obj/default/hello_world_small.o (puts)
../p6_partb_bsp//newlib/nios2-elf/lib/libsmallc.a(lib_a-strlen.o)
                              ../p6_partb_bsp//newlib/nios2-elf/lib/libsmallc.a(lib_a-puts.o) (strlen)
../p6_partb_bsp//newlib/nios2-elf/lib/libsmallc.a(lib_a-vfprintf.o)
                              ../p6_partb_bsp//newlib/nios2-elf/lib/libsmallc.a(lib_a-printf.o) (___vfprintf_internal_r)
../p6_partb_bsp//newlib/nios2-elf/lib/libsmallc.a(lib_a-fvwrite_small_dev.o)
                              ../p6_partb_bsp//newlib/nios2-elf/lib/libsmallc.a(lib_a-printf.o) (__sfvwrite_small_dev)
../p6_partb_bsp//newlib/nios2-elf/lib/libsmallc.a(lib_a-impure.o)
                              ../p6_partb_bsp//newlib/nios2-elf/lib/libsmallc.a(lib_a-printf.o) (_impure_ptr)
../p6_partb_bsp//newlib/nios2-elf/lib/libsmallc.a(lib_a-writer.o)
                              ../p6_partb_bsp//newlib/nios2-elf/lib/libsmallc.a(lib_a-fvwrite_small_dev.o) (_write_r)
../p6_partb_bsp//newlib/nios2-elf/lib/libsmallc.a(lib_a-int_errno.o)
                              ../p6_partb_bsp//newlib/nios2-elf/lib/libsmallc.a(lib_a-writer.o) (errno)
../p6_partb_bsp//libhal_bsp.a(alt_load.o)
                              ../p6_partb_bsp//obj/HAL/src/crt0.o (alt_load)
../p6_partb_bsp//libhal_bsp.a(alt_main.o)
                              ../p6_partb_bsp//obj/HAL/src/crt0.o (alt_main)
../p6_partb_bsp//libhal_bsp.a(alt_putstr.o)
                              obj/default/hello_world_small.o (alt_putstr)
../p6_partb_bsp//libhal_bsp.a(alt_write.o)
                              ../p6_partb_bsp//newlib/nios2-elf/lib/libsmallc.a(lib_a-writer.o) (write)
../p6_partb_bsp//libhal_bsp.a(alt_sys_init.o)
                              ../p6_partb_bsp//libhal_bsp.a(alt_main.o) (alt_irq_init)
../p6_partb_bsp//libhal_bsp.a(altera_avalon_jtag_uart_write.o)
                              ../p6_partb_bsp//libhal_bsp.a(alt_putstr.o) (altera_avalon_jtag_uart_write)
../p6_partb_bsp//libhal_bsp.a(altera_avalon_performance_counter.o)
                              obj/default/hello_world_small.o (perf_get_total_time)
../p6_partb_bsp//libhal_bsp.a(altera_up_avalon_video_character_buffer_with_dma.o)
                              ../p6_partb_bsp//libhal_bsp.a(alt_sys_init.o) (alt_up_char_buffer_init)
../p6_partb_bsp//libhal_bsp.a(altera_up_avalon_video_pixel_buffer_dma.o)
                              obj/default/hello_world_small.o (alt_up_pixel_buffer_dma_open_dev)
../p6_partb_bsp//libhal_bsp.a(alt_dcache_flush_all.o)
                              ../p6_partb_bsp//libhal_bsp.a(alt_load.o) (alt_dcache_flush_all)
../p6_partb_bsp//libhal_bsp.a(alt_dev.o)
                              ../p6_partb_bsp//libhal_bsp.a(alt_sys_init.o) (alt_dev_list)
../p6_partb_bsp//libhal_bsp.a(alt_dev_llist_insert.o)
                              ../p6_partb_bsp//libhal_bsp.a(alt_sys_init.o) (alt_dev_llist_insert)
../p6_partb_bsp//libhal_bsp.a(alt_errno.o)
                              ../p6_partb_bsp//libhal_bsp.a(alt_write.o) (alt_errno)
../p6_partb_bsp//libhal_bsp.a(alt_find_dev.o)
                              ../p6_partb_bsp//libhal_bsp.a(altera_up_avalon_video_character_buffer_with_dma.o) (alt_find_dev)
../p6_partb_bsp//libhal_bsp.a(alt_icache_flush_all.o)
                              ../p6_partb_bsp//libhal_bsp.a(alt_load.o) (alt_icache_flush_all)
../p6_partb_bsp//libhal_bsp.a(altera_nios2_gen2_irq.o)
                              ../p6_partb_bsp//libhal_bsp.a(alt_sys_init.o) (altera_nios2_gen2_irq_init)
../p6_partb_bsp//libhal_bsp.a(alt_icache_flush.o)
                              ../p6_partb_bsp//libhal_bsp.a(alt_icache_flush_all.o) (alt_icache_flush)
../p6_partb_bsp//newlib/nios2-elf/lib/libsmallc.a(lib_a-memcmp.o)
                              ../p6_partb_bsp//libhal_bsp.a(alt_find_dev.o) (memcmp)
../p6_partb_bsp//newlib/nios2-elf/lib/libsmallc.a(lib_a-strcmp.o)
                              ../p6_partb_bsp//libhal_bsp.a(altera_up_avalon_video_character_buffer_with_dma.o) (strcmp)

Allocating common symbols
Common symbol       size              file

total_cycles        0x8               obj/default/hello_world_small.o
end_cycles          0x8               obj/default/hello_world_small.o
errno               0x4               ../p6_partb_bsp//newlib/nios2-elf/lib/libsmallc.a(lib_a-int_errno.o)
shifted_row         0x4               obj/default/hello_world_small.o
original_row        0x4               obj/default/hello_world_small.o
start_cycles        0x8               obj/default/hello_world_small.o
theta               0x4               obj/default/hello_world_small.o
shifted_col         0x4               obj/default/hello_world_small.o
my_pixel_buffer     0x4               obj/default/hello_world_small.o
original_col        0x4               obj/default/hello_world_small.o

Memory Configuration

Name             Origin             Length             Attributes
reset            0x0000000010000000 0x0000000000000020
sdram_controller 0x0000000010000020 0x0000000007ffffe0
*default*        0x0000000000000000 0xffffffffffffffff

Linker script and memory map

LOAD ../p6_partb_bsp//obj/HAL/src/crt0.o
LOAD obj/default/hello_world_small.o
LOAD /usr/local/3rdparty/altera/18.1/nios2eds/bin/gnu/H-x86_64-pc-linux-gnu/bin/../lib/gcc/nios2-elf/5.3.0/../../../../../H-x86_64-pc-linux-gnu/nios2-elf/lib/libstdc++.a
LOAD ../p6_partb_bsp//newlib/nios2-elf/lib/libm.a
LOAD /usr/local/3rdparty/altera/18.1/nios2eds/bin/gnu/H-x86_64-pc-linux-gnu/bin/../lib/gcc/nios2-elf/5.3.0/libgcc.a
START GROUP
LOAD ../p6_partb_bsp//newlib/nios2-elf/lib/libsmallc.a
LOAD /usr/local/3rdparty/altera/18.1/nios2eds/bin/gnu/H-x86_64-pc-linux-gnu/bin/../lib/gcc/nios2-elf/5.3.0/libgcc.a
LOAD ../p6_partb_bsp//libhal_bsp.a
LOAD ../p6_partb_bsp//newlib/nios2-elf/lib/libm.a
END GROUP
LOAD /usr/local/3rdparty/altera/18.1/nios2eds/bin/gnu/H-x86_64-pc-linux-gnu/bin/../lib/gcc/nios2-elf/5.3.0/libgcc.a
                0x0000000010000000                __alt_mem_sdram_controller = 0x10000000

.entry          0x0000000010000000       0x20
 *(.entry)
 .entry         0x0000000010000000       0x20 ../p6_partb_bsp//obj/HAL/src/crt0.o
                0x0000000010000000                __reset
                0x000000001000001c                _exit

.exceptions     0x0000000010000020        0x0
                0x0000000010000020                PROVIDE (__ram_exceptions_start, ABSOLUTE (.))
                0x0000000010000020                . = ALIGN (0x20)
 *(.irq)
 *(.exceptions.entry.label)
 *(.exceptions.entry.user)
 *(.exceptions.entry.ecc_fatal)
 *(.exceptions.entry)
 *(.exceptions.irqtest.user)
 *(.exceptions.irqtest)
 *(.exceptions.irqhandler.user)
 *(.exceptions.irqhandler)
 *(.exceptions.irqreturn.user)
 *(.exceptions.irqreturn)
 *(.exceptions.notirq.label)
 *(.exceptions.notirq.user)
 *(.exceptions.notirq)
 *(.exceptions.soft.user)
 *(.exceptions.soft)
 *(.exceptions.unknown.user)
 *(.exceptions.unknown)
 *(.exceptions.exit.label)
 *(.exceptions.exit.user)
 *(.exceptions.exit)
 *(.exceptions)
                0x0000000010000020                PROVIDE (__ram_exceptions_end, ABSOLUTE (.))
                0x0000000010000020                PROVIDE (__flash_exceptions_start, LOADADDR (.exceptions))

.text           0x0000000010000020     0x49ec
                [!provide]                        PROVIDE (stext, ABSOLUTE (.))
 *(.interp)
 *(.hash)
 *(.dynsym)
 *(.dynstr)
 *(.gnu.version)
 *(.gnu.version_d)
 *(.gnu.version_r)
 *(.rel.init)
 *(.rela.init)
 *(.rel.text .rel.text.* .rel.gnu.linkonce.t.*)
 *(.rela.text .rela.text.* .rela.gnu.linkonce.t.*)
 *(.rel.fini)
 *(.rela.fini)
 *(.rel.rodata .rel.rodata.* .rel.gnu.linkonce.r.*)
 *(.rela.rodata .rela.rodata.* .rela.gnu.linkonce.r.*)
 *(.rel.data .rel.data.* .rel.gnu.linkonce.d.*)
 *(.rela.data .rela.data.* .rela.gnu.linkonce.d.*)
 *(.rel.tdata .rel.tdata.* .rel.gnu.linkonce.td.*)
 *(.rela.tdata .rela.tdata.* .rela.gnu.linkonce.td.*)
 *(.rel.tbss .rel.tbss.* .rel.gnu.linkonce.tb.*)
 *(.rela.tbss .rela.tbss.* .rela.gnu.linkonce.tb.*)
 *(.rel.ctors)
 *(.rela.ctors)
 *(.rel.dtors)
 *(.rela.dtors)
 *(.rel.got)
 *(.rela.got)
 *(.rel.sdata .rel.sdata.* .rel.gnu.linkonce.s.*)
 *(.rela.sdata .rela.sdata.* .rela.gnu.linkonce.s.*)
 *(.rel.sbss .rel.sbss.* .rel.gnu.linkonce.sb.*)
 *(.rela.sbss .rela.sbss.* .rela.gnu.linkonce.sb.*)
 *(.rel.sdata2 .rel.sdata2.* .rel.gnu.linkonce.s2.*)
 *(.rela.sdata2 .rela.sdata2.* .rela.gnu.linkonce.s2.*)
 *(.rel.sbss2 .rel.sbss2.* .rel.gnu.linkonce.sb2.*)
 *(.rela.sbss2 .rela.sbss2.* .rela.gnu.linkonce.sb2.*)
 *(.rel.bss .rel.bss.* .rel.gnu.linkonce.b.*)
 *(.rela.bss .rela.bss.* .rela.gnu.linkonce.b.*)
 *(.rel.plt)
 *(.rela.plt)
 *(.rel.dyn)
 *(.init)
 *(.plt)
 *(.text .stub .text.* .gnu.linkonce.t.*)
 .text          0x0000000010000020       0x4c ../p6_partb_bsp//obj/HAL/src/crt0.o
                0x0000000010000020                _start
 .text          0x000000001000006c      0x280 obj/default/hello_world_small.o
                0x000000001000006c                pixel_code
                0x0000000010000224                frame_function
 .text.startup  0x00000000100002ec       0xb8 obj/default/hello_world_small.o
                0x00000000100002ec                main
 .text          0x00000000100003a4        0x0 ../p6_partb_bsp//newlib/nios2-elf/lib/libm.a(lib_a-sf_cos.o)
 .text.cosf     0x00000000100003a4       0x9c ../p6_partb_bsp//newlib/nios2-elf/lib/libm.a(lib_a-sf_cos.o)
                0x00000000100003a4                cosf
 .text          0x0000000010000440        0x0 ../p6_partb_bsp//newlib/nios2-elf/lib/libm.a(lib_a-sf_sin.o)
 .text.sinf     0x0000000010000440       0x9c ../p6_partb_bsp//newlib/nios2-elf/lib/libm.a(lib_a-sf_sin.o)
                0x0000000010000440                sinf
 .text          0x00000000100004dc        0x0 ../p6_partb_bsp//newlib/nios2-elf/lib/libm.a(lib_a-s_round.o)
 .text.round    0x00000000100004dc       0xec ../p6_partb_bsp//newlib/nios2-elf/lib/libm.a(lib_a-s_round.o)
                0x00000000100004dc                round
 .text          0x00000000100005c8        0x0 ../p6_partb_bsp//newlib/nios2-elf/lib/libm.a(lib_a-ef_rem_pio2.o)
 .text.__ieee754_rem_pio2f
                0x00000000100005c8      0x308 ../p6_partb_bsp//newlib/nios2-elf/lib/libm.a(lib_a-ef_rem_pio2.o)
                0x00000000100005c8                __ieee754_rem_pio2f
 .text          0x00000000100008d0        0x0 ../p6_partb_bsp//newlib/nios2-elf/lib/libm.a(lib_a-kf_cos.o)
 .text.__kernel_cosf
                0x00000000100008d0       0xf4 ../p6_partb_bsp//newlib/nios2-elf/lib/libm.a(lib_a-kf_cos.o)
                0x00000000100008d0                __kernel_cosf
 .text          0x00000000100009c4        0x0 ../p6_partb_bsp//newlib/nios2-elf/lib/libm.a(lib_a-kf_rem_pio2.o)
 .text.__kernel_rem_pio2f
                0x00000000100009c4      0x7c0 ../p6_partb_bsp//newlib/nios2-elf/lib/libm.a(lib_a-kf_rem_pio2.o)
                0x00000000100009c4                __kernel_rem_pio2f
 .text          0x0000000010001184        0x0 ../p6_partb_bsp//newlib/nios2-elf/lib/libm.a(lib_a-kf_sin.o)
 .text.__kernel_sinf
                0x0000000010001184       0xc8 ../p6_partb_bsp//newlib/nios2-elf/lib/libm.a(lib_a-kf_sin.o)
                0x0000000010001184                __kernel_sinf
 .text          0x000000001000124c        0x0 ../p6_partb_bsp//newlib/nios2-elf/lib/libm.a(lib_a-sf_fabs.o)
 .text.fabsf    0x000000001000124c       0x10 ../p6_partb_bsp//newlib/nios2-elf/lib/libm.a(lib_a-sf_fabs.o)
                0x000000001000124c                fabsf
 .text          0x000000001000125c        0x0 ../p6_partb_bsp//newlib/nios2-elf/lib/libm.a(lib_a-sf_floor.o)
 .text.floorf   0x000000001000125c       0xb8 ../p6_partb_bsp//newlib/nios2-elf/lib/libm.a(lib_a-sf_floor.o)
                0x000000001000125c                floorf
 .text          0x0000000010001314        0x0 ../p6_partb_bsp//newlib/nios2-elf/lib/libm.a(lib_a-sf_scalbn.o)
 .text.scalbnf  0x0000000010001314      0x110 ../p6_partb_bsp//newlib/nios2-elf/lib/libm.a(lib_a-sf_scalbn.o)
                0x0000000010001314                scalbnf
 .text          0x0000000010001424        0x0 ../p6_partb_bsp//newlib/nios2-elf/lib/libm.a(lib_a-sf_copysign.o)
 .text.copysignf
                0x0000000010001424       0x18 ../p6_partb_bsp//newlib/nios2-elf/lib/libm.a(lib_a-sf_copysign.o)
                0x0000000010001424                copysignf
 .text          0x000000001000143c      0x8ac /usr/local/3rdparty/altera/18.1/nios2eds/bin/gnu/H-x86_64-pc-linux-gnu/bin/../lib/gcc/nios2-elf/5.3.0/libgcc.a(adddf3.o)
                0x000000001000143c                __adddf3
 .text          0x0000000010001ce8      0x8e8 /usr/local/3rdparty/altera/18.1/nios2eds/bin/gnu/H-x86_64-pc-linux-gnu/bin/../lib/gcc/nios2-elf/5.3.0/libgcc.a(divdf3.o)
                0x0000000010001ce8                __divdf3
 .text          0x00000000100025d0      0x718 /usr/local/3rdparty/altera/18.1/nios2eds/bin/gnu/H-x86_64-pc-linux-gnu/bin/../lib/gcc/nios2-elf/5.3.0/libgcc.a(muldf3.o)
                0x00000000100025d0                __muldf3
 .text          0x0000000010002ce8       0xdc /usr/local/3rdparty/altera/18.1/nios2eds/bin/gnu/H-x86_64-pc-linux-gnu/bin/../lib/gcc/nios2-elf/5.3.0/libgcc.a(floatsidf.o)
                0x0000000010002ce8                __floatsidf
 .text          0x0000000010002dc4      0x110 /usr/local/3rdparty/altera/18.1/nios2eds/bin/gnu/H-x86_64-pc-linux-gnu/bin/../lib/gcc/nios2-elf/5.3.0/libgcc.a(extendsfdf2.o)
                0x0000000010002dc4                __extendsfdf2
 .text          0x0000000010002ed4      0x1a8 /usr/local/3rdparty/altera/18.1/nios2eds/bin/gnu/H-x86_64-pc-linux-gnu/bin/../lib/gcc/nios2-elf/5.3.0/libgcc.a(truncdfsf2.o)
                0x0000000010002ed4                __truncdfsf2
 .text          0x000000001000307c       0x64 /usr/local/3rdparty/altera/18.1/nios2eds/bin/gnu/H-x86_64-pc-linux-gnu/bin/../lib/gcc/nios2-elf/5.3.0/libgcc.a(_clzsi2.o)
                0x000000001000307c                __clzsi2
 .text          0x00000000100030e0      0x1b4 /usr/local/3rdparty/altera/18.1/nios2eds/bin/gnu/H-x86_64-pc-linux-gnu/bin/../lib/gcc/nios2-elf/5.3.0/libgcc.a(lib2-divmod.o)
                0x00000000100030e0                __divsi3
                0x0000000010003164                __modsi3
                0x00000000100031d8                __udivsi3
                0x000000001000323c                __umodsi3
 .text          0x0000000010003294        0x0 /usr/local/3rdparty/altera/18.1/nios2eds/bin/gnu/H-x86_64-pc-linux-gnu/bin/../lib/gcc/nios2-elf/5.3.0/libgcc.a(_clz.o)
 .text          0x0000000010003294        0x0 ../p6_partb_bsp//newlib/nios2-elf/lib/libsmallc.a(lib_a-printf.o)
 .text._printf_r
                0x0000000010003294       0x3c ../p6_partb_bsp//newlib/nios2-elf/lib/libsmallc.a(lib_a-printf.o)
                0x0000000010003294                _printf_r
 .text.printf   0x00000000100032d0       0x44 ../p6_partb_bsp//newlib/nios2-elf/lib/libsmallc.a(lib_a-printf.o)
                0x00000000100032d0                printf
 .text          0x0000000010003314        0x0 ../p6_partb_bsp//newlib/nios2-elf/lib/libsmallc.a(lib_a-puts.o)
 .text._puts_r  0x0000000010003314       0x80 ../p6_partb_bsp//newlib/nios2-elf/lib/libsmallc.a(lib_a-puts.o)
                0x0000000010003314                _puts_r
 .text.puts     0x0000000010003394        0xc ../p6_partb_bsp//newlib/nios2-elf/lib/libsmallc.a(lib_a-puts.o)
                0x0000000010003394                puts
 .text          0x00000000100033a0        0x0 ../p6_partb_bsp//newlib/nios2-elf/lib/libsmallc.a(lib_a-strlen.o)
 .text.strlen   0x00000000100033a0       0x1c ../p6_partb_bsp//newlib/nios2-elf/lib/libsmallc.a(lib_a-strlen.o)
                0x00000000100033a0                strlen
 .text          0x00000000100033bc        0x0 ../p6_partb_bsp//newlib/nios2-elf/lib/libsmallc.a(lib_a-vfprintf.o)
 .text.print_repeat
                0x00000000100033bc       0x6c ../p6_partb_bsp//newlib/nios2-elf/lib/libsmallc.a(lib_a-vfprintf.o)
 .text.___vfprintf_internal_r
                0x0000000010003428      0x524 ../p6_partb_bsp//newlib/nios2-elf/lib/libsmallc.a(lib_a-vfprintf.o)
                0x0000000010003428                ___vfprintf_internal_r
 .text.__vfprintf_internal
                0x000000001000394c       0x14 ../p6_partb_bsp//newlib/nios2-elf/lib/libsmallc.a(lib_a-vfprintf.o)
                0x000000001000394c                __vfprintf_internal
 .text          0x0000000010003960        0x0 ../p6_partb_bsp//newlib/nios2-elf/lib/libsmallc.a(lib_a-fvwrite_small_dev.o)
 .text.__sfvwrite_small_dev
                0x0000000010003960       0xb8 ../p6_partb_bsp//newlib/nios2-elf/lib/libsmallc.a(lib_a-fvwrite_small_dev.o)
                0x0000000010003960                __sfvwrite_small_dev
 .text          0x0000000010003a18        0x0 ../p6_partb_bsp//newlib/nios2-elf/lib/libsmallc.a(lib_a-impure.o)
 .text          0x0000000010003a18        0x0 ../p6_partb_bsp//newlib/nios2-elf/lib/libsmallc.a(lib_a-writer.o)
 .text._write_r
                0x0000000010003a18       0x48 ../p6_partb_bsp//newlib/nios2-elf/lib/libsmallc.a(lib_a-writer.o)
                0x0000000010003a18                _write_r
 .text          0x0000000010003a60        0x0 ../p6_partb_bsp//newlib/nios2-elf/lib/libsmallc.a(lib_a-int_errno.o)
 .text          0x0000000010003a60       0xe0 ../p6_partb_bsp//libhal_bsp.a(alt_load.o)
                0x0000000010003a60                alt_load
 .text          0x0000000010003b40       0x2c ../p6_partb_bsp//libhal_bsp.a(alt_main.o)
                0x0000000010003b40                alt_main
 .text          0x0000000010003b6c       0x38 ../p6_partb_bsp//libhal_bsp.a(alt_putstr.o)
                0x0000000010003b6c                alt_putstr
 .text          0x0000000010003ba4       0x60 ../p6_partb_bsp//libhal_bsp.a(alt_write.o)
                0x0000000010003ba4                write
 .text          0x0000000010003c04      0x1dc ../p6_partb_bsp//libhal_bsp.a(alt_sys_init.o)
                0x0000000010003c04                alt_irq_init
                0x0000000010003c24                alt_sys_init
 .text          0x0000000010003de0       0x34 ../p6_partb_bsp//libhal_bsp.a(altera_avalon_jtag_uart_write.o)
                0x0000000010003de0                altera_avalon_jtag_uart_write
 .text          0x0000000010003e14       0x54 ../p6_partb_bsp//libhal_bsp.a(altera_avalon_performance_counter.o)
                0x0000000010003e14                perf_get_section_time
                0x0000000010003e34                perf_get_total_time
                0x0000000010003e3c                perf_get_num_starts
                0x0000000010003e50                alt_get_performance_counter_base
                0x0000000010003e5c                alt_get_cpu_freq
 .text          0x0000000010003e68      0x130 ../p6_partb_bsp//libhal_bsp.a(altera_up_avalon_video_character_buffer_with_dma.o)
                0x0000000010003e68                alt_up_char_buffer_init
                0x0000000010003eb4                alt_up_char_buffer_open_dev
                0x0000000010003ebc                alt_up_char_buffer_draw
                0x0000000010003f0c                alt_up_char_buffer_string
                0x0000000010003f78                alt_up_char_buffer_clear
 .text          0x0000000010003f98      0x8c0 ../p6_partb_bsp//libhal_bsp.a(altera_up_avalon_video_pixel_buffer_dma.o)
                0x0000000010003f98                alt_up_pixel_buffer_dma_open_dev
                0x0000000010003fa0                alt_up_pixel_buffer_dma_draw
                0x0000000010004038                alt_up_pixel_buffer_dma_change_back_buffer_address
                0x0000000010004054                alt_up_pixel_buffer_dma_swap_buffers
                0x0000000010004078                alt_up_pixel_buffer_dma_check_swap_buffers_status
                0x0000000010004088                alt_up_pixel_buffer_dma_clear_screen
                0x0000000010004118                alt_up_pixel_buffer_dma_draw_box
                0x00000000100042e0                alt_up_pixel_buffer_dma_draw_hline
                0x000000001000441c                alt_up_pixel_buffer_dma_draw_vline
                0x0000000010004578                alt_up_pixel_buffer_dma_draw_rectangle
                0x0000000010004644                helper_plot_pixel
                0x0000000010004690                alt_up_pixel_buffer_dma_draw_line
 .text          0x0000000010004858       0x18 ../p6_partb_bsp//libhal_bsp.a(alt_dcache_flush_all.o)
                0x0000000010004858                alt_dcache_flush_all
 .text          0x0000000010004870        0x8 ../p6_partb_bsp//libhal_bsp.a(alt_dev.o)
 .text          0x0000000010004878       0x6c ../p6_partb_bsp//libhal_bsp.a(alt_dev_llist_insert.o)
                0x0000000010004878                alt_dev_llist_insert
 .text          0x00000000100048e4        0x0 ../p6_partb_bsp//libhal_bsp.a(alt_errno.o)
 .text          0x00000000100048e4       0x74 ../p6_partb_bsp//libhal_bsp.a(alt_find_dev.o)
                0x00000000100048e4                alt_find_dev
 .text          0x0000000010004958        0xc ../p6_partb_bsp//libhal_bsp.a(alt_icache_flush_all.o)
                0x0000000010004958                alt_icache_flush_all
 .text          0x0000000010004964        0x8 ../p6_partb_bsp//libhal_bsp.a(altera_nios2_gen2_irq.o)
                0x0000000010004964                altera_nios2_gen2_irq_init
 .text          0x000000001000496c       0x38 ../p6_partb_bsp//libhal_bsp.a(alt_icache_flush.o)
                0x000000001000496c                alt_icache_flush
 .text          0x00000000100049a4        0x0 ../p6_partb_bsp//newlib/nios2-elf/lib/libsmallc.a(lib_a-memcmp.o)
 .text.memcmp   0x00000000100049a4       0x30 ../p6_partb_bsp//newlib/nios2-elf/lib/libsmallc.a(lib_a-memcmp.o)
                0x00000000100049a4                memcmp
 .text          0x00000000100049d4        0x0 ../p6_partb_bsp//newlib/nios2-elf/lib/libsmallc.a(lib_a-strcmp.o)
 .text.strcmp   0x00000000100049d4       0x38 ../p6_partb_bsp//newlib/nios2-elf/lib/libsmallc.a(lib_a-strcmp.o)
                0x00000000100049d4                strcmp
 *(.gnu.warning.*)
 *(.fini)
                [!provide]                        PROVIDE (__etext, ABSOLUTE (.))
                [!provide]                        PROVIDE (_etext, ABSOLUTE (.))
                [!provide]                        PROVIDE (etext, ABSOLUTE (.))
 *(.eh_frame_hdr)
                0x0000000010004a0c                . = ALIGN (0x4)
                [!provide]                        PROVIDE (__preinit_array_start, ABSOLUTE (.))
 *(.preinit_array)
                [!provide]                        PROVIDE (__preinit_array_end, ABSOLUTE (.))
                [!provide]                        PROVIDE (__init_array_start, ABSOLUTE (.))
 *(.init_array)
                [!provide]                        PROVIDE (__init_array_end, ABSOLUTE (.))
                [!provide]                        PROVIDE (__fini_array_start, ABSOLUTE (.))
 *(.fini_array)
                [!provide]                        PROVIDE (__fini_array_end, ABSOLUTE (.))
 *(.eh_frame)
 *(.gcc_except_table .gcc_except_table.*)
 *(.dynamic)
                [!provide]                        PROVIDE (__CTOR_LIST__, ABSOLUTE (.))
 *(.ctors)
 *(SORT(.ctors.*))
                [!provide]                        PROVIDE (__CTOR_END__, ABSOLUTE (.))
                [!provide]                        PROVIDE (__DTOR_LIST__, ABSOLUTE (.))
 *(.dtors)
 *(SORT(.dtors.*))
                [!provide]                        PROVIDE (__DTOR_END__, ABSOLUTE (.))
 *(.jcr)
                0x0000000010004a0c                . = ALIGN (0x4)

.rodata         0x0000000010004a0c   0x1c25d8
                0x0000000010004a0c                PROVIDE (__ram_rodata_start, ABSOLUTE (.))
                0x0000000010004a0c                . = ALIGN (0x4)
 *(.rodata .rodata.* .gnu.linkonce.r.*)
 .rodata.str1.4
                0x0000000010004a0c       0x87 obj/default/hello_world_small.o
 .rodata        0x0000000010004a93   0x1c2000 obj/default/hello_world_small.o
                0x0000000010004a93                myimage
 *fill*         0x00000000101c6a93        0x1 
 .rodata.npio2_hw
                0x00000000101c6a94       0x80 ../p6_partb_bsp//newlib/nios2-elf/lib/libm.a(lib_a-ef_rem_pio2.o)
 .rodata.two_over_pi
                0x00000000101c6b14      0x318 ../p6_partb_bsp//newlib/nios2-elf/lib/libm.a(lib_a-ef_rem_pio2.o)
 .rodata.PIo2   0x00000000101c6e2c       0x2c ../p6_partb_bsp//newlib/nios2-elf/lib/libm.a(lib_a-kf_rem_pio2.o)
 .rodata.init_jk
                0x00000000101c6e58        0xc ../p6_partb_bsp//newlib/nios2-elf/lib/libm.a(lib_a-kf_rem_pio2.o)
 .rodata        0x00000000101c6e64      0x100 /usr/local/3rdparty/altera/18.1/nios2eds/bin/gnu/H-x86_64-pc-linux-gnu/bin/../lib/gcc/nios2-elf/5.3.0/libgcc.a(_clz.o)
                0x00000000101c6e64                __clz_tab
 .rodata.str1.4
                0x00000000101c6f64        0x2 ../p6_partb_bsp//newlib/nios2-elf/lib/libsmallc.a(lib_a-puts.o)
 *fill*         0x00000000101c6f66        0x2 
 .rodata.str1.4
                0x00000000101c6f68       0x54 ../p6_partb_bsp//libhal_bsp.a(alt_sys_init.o)
                                         0x64 (size before relaxing)
 .rodata.str1.4
                0x00000000101c6fbc       0x1a ../p6_partb_bsp//libhal_bsp.a(altera_up_avalon_video_character_buffer_with_dma.o)
 *fill*         0x00000000101c6fd6        0x2 
 .rodata.str1.4
                0x00000000101c6fd8        0xc ../p6_partb_bsp//libhal_bsp.a(alt_dev.o)
                                          0xa (size before relaxing)
 *(.rodata1)
                0x00000000101c6fe4                . = ALIGN (0x4)
                0x00000000101c6fe4                PROVIDE (__ram_rodata_end, ABSOLUTE (.))
                0x0000000010004a0c                PROVIDE (__flash_rodata_start, LOADADDR (.rodata))

.rwdata         0x00000000101c6fe4      0x23c load address 0x00000000101c7220
                0x00000000101c6fe4                PROVIDE (__ram_rwdata_start, ABSOLUTE (.))
                0x00000000101c6fe4                . = ALIGN (0x4)
 *(.got.plt)
 *(.got)
 *(.data1)
 *(.data .data.* .gnu.linkonce.d.*)
 .data          0x00000000101c6fe4        0x0 ../p6_partb_bsp//obj/HAL/src/crt0.o
 .data          0x00000000101c6fe4        0x0 obj/default/hello_world_small.o
 .data          0x00000000101c6fe4        0x0 ../p6_partb_bsp//newlib/nios2-elf/lib/libm.a(lib_a-sf_cos.o)
 .data          0x00000000101c6fe4        0x0 ../p6_partb_bsp//newlib/nios2-elf/lib/libm.a(lib_a-sf_sin.o)
 .data          0x00000000101c6fe4        0x0 ../p6_partb_bsp//newlib/nios2-elf/lib/libm.a(lib_a-s_round.o)
 .data          0x00000000101c6fe4        0x0 ../p6_partb_bsp//newlib/nios2-elf/lib/libm.a(lib_a-ef_rem_pio2.o)
 .data          0x00000000101c6fe4        0x0 ../p6_partb_bsp//newlib/nios2-elf/lib/libm.a(lib_a-kf_cos.o)
 .data          0x00000000101c6fe4        0x0 ../p6_partb_bsp//newlib/nios2-elf/lib/libm.a(lib_a-kf_rem_pio2.o)
 .data          0x00000000101c6fe4        0x0 ../p6_partb_bsp//newlib/nios2-elf/lib/libm.a(lib_a-kf_sin.o)
 .data          0x00000000101c6fe4        0x0 ../p6_partb_bsp//newlib/nios2-elf/lib/libm.a(lib_a-sf_fabs.o)
 .data          0x00000000101c6fe4        0x0 ../p6_partb_bsp//newlib/nios2-elf/lib/libm.a(lib_a-sf_floor.o)
 .data          0x00000000101c6fe4        0x0 ../p6_partb_bsp//newlib/nios2-elf/lib/libm.a(lib_a-sf_scalbn.o)
 .data          0x00000000101c6fe4        0x0 ../p6_partb_bsp//newlib/nios2-elf/lib/libm.a(lib_a-sf_copysign.o)
 .data          0x00000000101c6fe4        0x0 /usr/local/3rdparty/altera/18.1/nios2eds/bin/gnu/H-x86_64-pc-linux-gnu/bin/../lib/gcc/nios2-elf/5.3.0/libgcc.a(adddf3.o)
 .data          0x00000000101c6fe4        0x0 /usr/local/3rdparty/altera/18.1/nios2eds/bin/gnu/H-x86_64-pc-linux-gnu/bin/../lib/gcc/nios2-elf/5.3.0/libgcc.a(divdf3.o)
 .data          0x00000000101c6fe4        0x0 /usr/local/3rdparty/altera/18.1/nios2eds/bin/gnu/H-x86_64-pc-linux-gnu/bin/../lib/gcc/nios2-elf/5.3.0/libgcc.a(muldf3.o)
 .data          0x00000000101c6fe4        0x0 /usr/local/3rdparty/altera/18.1/nios2eds/bin/gnu/H-x86_64-pc-linux-gnu/bin/../lib/gcc/nios2-elf/5.3.0/libgcc.a(floatsidf.o)
 .data          0x00000000101c6fe4        0x0 /usr/local/3rdparty/altera/18.1/nios2eds/bin/gnu/H-x86_64-pc-linux-gnu/bin/../lib/gcc/nios2-elf/5.3.0/libgcc.a(extendsfdf2.o)
 .data          0x00000000101c6fe4        0x0 /usr/local/3rdparty/altera/18.1/nios2eds/bin/gnu/H-x86_64-pc-linux-gnu/bin/../lib/gcc/nios2-elf/5.3.0/libgcc.a(truncdfsf2.o)
 .data          0x00000000101c6fe4        0x0 /usr/local/3rdparty/altera/18.1/nios2eds/bin/gnu/H-x86_64-pc-linux-gnu/bin/../lib/gcc/nios2-elf/5.3.0/libgcc.a(_clzsi2.o)
 .data          0x00000000101c6fe4        0x0 /usr/local/3rdparty/altera/18.1/nios2eds/bin/gnu/H-x86_64-pc-linux-gnu/bin/../lib/gcc/nios2-elf/5.3.0/libgcc.a(lib2-divmod.o)
 .data          0x00000000101c6fe4        0x0 /usr/local/3rdparty/altera/18.1/nios2eds/bin/gnu/H-x86_64-pc-linux-gnu/bin/../lib/gcc/nios2-elf/5.3.0/libgcc.a(_clz.o)
 .data          0x00000000101c6fe4        0x0 ../p6_partb_bsp//newlib/nios2-elf/lib/libsmallc.a(lib_a-printf.o)
 .data          0x00000000101c6fe4        0x0 ../p6_partb_bsp//newlib/nios2-elf/lib/libsmallc.a(lib_a-puts.o)
 .data          0x00000000101c6fe4        0x0 ../p6_partb_bsp//newlib/nios2-elf/lib/libsmallc.a(lib_a-strlen.o)
 .data          0x00000000101c6fe4        0x0 ../p6_partb_bsp//newlib/nios2-elf/lib/libsmallc.a(lib_a-vfprintf.o)
 .data          0x00000000101c6fe4        0x0 ../p6_partb_bsp//newlib/nios2-elf/lib/libsmallc.a(lib_a-fvwrite_small_dev.o)
 .data          0x00000000101c6fe4        0x0 ../p6_partb_bsp//newlib/nios2-elf/lib/libsmallc.a(lib_a-impure.o)
 .data.impure_data
                0x00000000101c6fe4       0xe0 ../p6_partb_bsp//newlib/nios2-elf/lib/libsmallc.a(lib_a-impure.o)
 .data          0x00000000101c70c4        0x0 ../p6_partb_bsp//newlib/nios2-elf/lib/libsmallc.a(lib_a-writer.o)
 .data          0x00000000101c70c4        0x0 ../p6_partb_bsp//newlib/nios2-elf/lib/libsmallc.a(lib_a-int_errno.o)
 .data          0x00000000101c70c4        0x0 ../p6_partb_bsp//libhal_bsp.a(alt_load.o)
 .data          0x00000000101c70c4        0x0 ../p6_partb_bsp//libhal_bsp.a(alt_main.o)
 .data          0x00000000101c70c4        0x0 ../p6_partb_bsp//libhal_bsp.a(alt_putstr.o)
 .data          0x00000000101c70c4        0x0 ../p6_partb_bsp//libhal_bsp.a(alt_write.o)
 .data          0x00000000101c70c4       0xe0 ../p6_partb_bsp//libhal_bsp.a(alt_sys_init.o)
 .data          0x00000000101c71a4        0x0 ../p6_partb_bsp//libhal_bsp.a(altera_avalon_jtag_uart_write.o)
 .data          0x00000000101c71a4        0x0 ../p6_partb_bsp//libhal_bsp.a(altera_avalon_performance_counter.o)
 .data          0x00000000101c71a4        0x0 ../p6_partb_bsp//libhal_bsp.a(altera_up_avalon_video_character_buffer_with_dma.o)
 .data          0x00000000101c71a4        0x0 ../p6_partb_bsp//libhal_bsp.a(altera_up_avalon_video_pixel_buffer_dma.o)
 .data          0x00000000101c71a4        0x0 ../p6_partb_bsp//libhal_bsp.a(alt_dcache_flush_all.o)
 .data          0x00000000101c71a4       0x58 ../p6_partb_bsp//libhal_bsp.a(alt_dev.o)
                0x00000000101c71a4                alt_fd_list
                0x00000000101c71d4                alt_dev_null
 .data          0x00000000101c71fc        0x0 ../p6_partb_bsp//libhal_bsp.a(alt_dev_llist_insert.o)
 .data          0x00000000101c71fc        0x0 ../p6_partb_bsp//libhal_bsp.a(alt_errno.o)
 .data          0x00000000101c71fc        0x0 ../p6_partb_bsp//libhal_bsp.a(alt_find_dev.o)
 .data          0x00000000101c71fc        0x0 ../p6_partb_bsp//libhal_bsp.a(alt_icache_flush_all.o)
 .data          0x00000000101c71fc        0x0 ../p6_partb_bsp//libhal_bsp.a(altera_nios2_gen2_irq.o)
 .data          0x00000000101c71fc        0x0 ../p6_partb_bsp//libhal_bsp.a(alt_icache_flush.o)
 .data          0x00000000101c71fc        0x0 ../p6_partb_bsp//newlib/nios2-elf/lib/libsmallc.a(lib_a-memcmp.o)
 .data          0x00000000101c71fc        0x0 ../p6_partb_bsp//newlib/nios2-elf/lib/libsmallc.a(lib_a-strcmp.o)
                0x00000000101cf1fc                _gp = ABSOLUTE ((. + 0x8000))
                [!provide]                        PROVIDE (gp, _gp)
 *(.rwdata .rwdata.*)
 *(.sdata .sdata.* .gnu.linkonce.s.*)
 .sdata._global_impure_ptr
                0x00000000101c71fc        0x4 ../p6_partb_bsp//newlib/nios2-elf/lib/libsmallc.a(lib_a-impure.o)
                0x00000000101c71fc                _global_impure_ptr
 .sdata._impure_ptr
                0x00000000101c7200        0x4 ../p6_partb_bsp//newlib/nios2-elf/lib/libsmallc.a(lib_a-impure.o)
                0x00000000101c7200                _impure_ptr
 .sdata         0x00000000101c7204        0x4 ../p6_partb_bsp//libhal_bsp.a(alt_sys_init.o)
                0x00000000101c7204                jtag
 .sdata         0x00000000101c7208       0x14 ../p6_partb_bsp//libhal_bsp.a(alt_dev.o)
                0x00000000101c7208                alt_max_fd
                0x00000000101c720c                alt_dev_list
                0x00000000101c7214                alt_fs_list
 .sdata         0x00000000101c721c        0x4 ../p6_partb_bsp//libhal_bsp.a(alt_errno.o)
                0x00000000101c721c                alt_errno
 *(.sdata2 .sdata2.* .gnu.linkonce.s2.*)
                0x00000000101c7220                . = ALIGN (0x4)
                0x00000000101c7220                _edata = ABSOLUTE (.)
                [!provide]                        PROVIDE (edata, ABSOLUTE (.))
                0x00000000101c7220                PROVIDE (__ram_rwdata_end, ABSOLUTE (.))
                0x00000000101c7220                PROVIDE (__flash_rwdata_start, LOADADDR (.rwdata))

.bss            0x00000000101c745c       0x40
                0x00000000101c745c                __bss_start = ABSOLUTE (.)
                [!provide]                        PROVIDE (__sbss_start, ABSOLUTE (.))
                [!provide]                        PROVIDE (___sbss_start, ABSOLUTE (.))
 *(.dynsbss)
 *(.sbss .sbss.* .gnu.linkonce.sb.*)
 .sbss          0x00000000101c745c       0x30 obj/default/hello_world_small.o
                0x00000000101c745c                total_cycles
                0x00000000101c7464                end_cycles
                0x00000000101c746c                shifted_row
                0x00000000101c7470                original_row
                0x00000000101c7474                start_cycles
                0x00000000101c747c                theta
                0x00000000101c7480                shifted_col
                0x00000000101c7484                my_pixel_buffer
                0x00000000101c7488                original_col
 .sbss          0x00000000101c748c        0x4 ../p6_partb_bsp//newlib/nios2-elf/lib/libsmallc.a(lib_a-int_errno.o)
                0x00000000101c748c                errno
 .sbss          0x00000000101c7490        0xc ../p6_partb_bsp//libhal_bsp.a(alt_main.o)
                0x00000000101c7490                alt_envp
                0x00000000101c7494                alt_argv
                0x00000000101c7498                alt_argc
 *(.sbss2 .sbss2.* .gnu.linkonce.sb2.*)
 *(.scommon)
                [!provide]                        PROVIDE (__sbss_end, ABSOLUTE (.))
                [!provide]                        PROVIDE (___sbss_end, ABSOLUTE (.))
 *(.dynbss)
 *(.bss .bss.* .gnu.linkonce.b.*)
 .bss           0x00000000101c749c        0x0 ../p6_partb_bsp//obj/HAL/src/crt0.o
 .bss           0x00000000101c749c        0x0 obj/default/hello_world_small.o
 .bss           0x00000000101c749c        0x0 ../p6_partb_bsp//newlib/nios2-elf/lib/libm.a(lib_a-sf_cos.o)
 .bss           0x00000000101c749c        0x0 ../p6_partb_bsp//newlib/nios2-elf/lib/libm.a(lib_a-sf_sin.o)
 .bss           0x00000000101c749c        0x0 ../p6_partb_bsp//newlib/nios2-elf/lib/libm.a(lib_a-s_round.o)
 .bss           0x00000000101c749c        0x0 ../p6_partb_bsp//newlib/nios2-elf/lib/libm.a(lib_a-ef_rem_pio2.o)
 .bss           0x00000000101c749c        0x0 ../p6_partb_bsp//newlib/nios2-elf/lib/libm.a(lib_a-kf_cos.o)
 .bss           0x00000000101c749c        0x0 ../p6_partb_bsp//newlib/nios2-elf/lib/libm.a(lib_a-kf_rem_pio2.o)
 .bss           0x00000000101c749c        0x0 ../p6_partb_bsp//newlib/nios2-elf/lib/libm.a(lib_a-kf_sin.o)
 .bss           0x00000000101c749c        0x0 ../p6_partb_bsp//newlib/nios2-elf/lib/libm.a(lib_a-sf_fabs.o)
 .bss           0x00000000101c749c        0x0 ../p6_partb_bsp//newlib/nios2-elf/lib/libm.a(lib_a-sf_floor.o)
 .bss           0x00000000101c749c        0x0 ../p6_partb_bsp//newlib/nios2-elf/lib/libm.a(lib_a-sf_scalbn.o)
 .bss           0x00000000101c749c        0x0 ../p6_partb_bsp//newlib/nios2-elf/lib/libm.a(lib_a-sf_copysign.o)
 .bss           0x00000000101c749c        0x0 /usr/local/3rdparty/altera/18.1/nios2eds/bin/gnu/H-x86_64-pc-linux-gnu/bin/../lib/gcc/nios2-elf/5.3.0/libgcc.a(adddf3.o)
 .bss           0x00000000101c749c        0x0 /usr/local/3rdparty/altera/18.1/nios2eds/bin/gnu/H-x86_64-pc-linux-gnu/bin/../lib/gcc/nios2-elf/5.3.0/libgcc.a(divdf3.o)
 .bss           0x00000000101c749c        0x0 /usr/local/3rdparty/altera/18.1/nios2eds/bin/gnu/H-x86_64-pc-linux-gnu/bin/../lib/gcc/nios2-elf/5.3.0/libgcc.a(muldf3.o)
 .bss           0x00000000101c749c        0x0 /usr/local/3rdparty/altera/18.1/nios2eds/bin/gnu/H-x86_64-pc-linux-gnu/bin/../lib/gcc/nios2-elf/5.3.0/libgcc.a(floatsidf.o)
 .bss           0x00000000101c749c        0x0 /usr/local/3rdparty/altera/18.1/nios2eds/bin/gnu/H-x86_64-pc-linux-gnu/bin/../lib/gcc/nios2-elf/5.3.0/libgcc.a(extendsfdf2.o)
 .bss           0x00000000101c749c        0x0 /usr/local/3rdparty/altera/18.1/nios2eds/bin/gnu/H-x86_64-pc-linux-gnu/bin/../lib/gcc/nios2-elf/5.3.0/libgcc.a(truncdfsf2.o)
 .bss           0x00000000101c749c        0x0 /usr/local/3rdparty/altera/18.1/nios2eds/bin/gnu/H-x86_64-pc-linux-gnu/bin/../lib/gcc/nios2-elf/5.3.0/libgcc.a(_clzsi2.o)
 .bss           0x00000000101c749c        0x0 /usr/local/3rdparty/altera/18.1/nios2eds/bin/gnu/H-x86_64-pc-linux-gnu/bin/../lib/gcc/nios2-elf/5.3.0/libgcc.a(lib2-divmod.o)
 .bss           0x00000000101c749c        0x0 /usr/local/3rdparty/altera/18.1/nios2eds/bin/gnu/H-x86_64-pc-linux-gnu/bin/../lib/gcc/nios2-elf/5.3.0/libgcc.a(_clz.o)
 .bss           0x00000000101c749c        0x0 ../p6_partb_bsp//newlib/nios2-elf/lib/libsmallc.a(lib_a-printf.o)
 .bss           0x00000000101c749c        0x0 ../p6_partb_bsp//newlib/nios2-elf/lib/libsmallc.a(lib_a-puts.o)
 .bss           0x00000000101c749c        0x0 ../p6_partb_bsp//newlib/nios2-elf/lib/libsmallc.a(lib_a-strlen.o)
 .bss           0x00000000101c749c        0x0 ../p6_partb_bsp//newlib/nios2-elf/lib/libsmallc.a(lib_a-vfprintf.o)
 .bss           0x00000000101c749c        0x0 ../p6_partb_bsp//newlib/nios2-elf/lib/libsmallc.a(lib_a-fvwrite_small_dev.o)
 .bss           0x00000000101c749c        0x0 ../p6_partb_bsp//newlib/nios2-elf/lib/libsmallc.a(lib_a-impure.o)
 .bss           0x00000000101c749c        0x0 ../p6_partb_bsp//newlib/nios2-elf/lib/libsmallc.a(lib_a-writer.o)
 .bss           0x00000000101c749c        0x0 ../p6_partb_bsp//newlib/nios2-elf/lib/libsmallc.a(lib_a-int_errno.o)
 .bss           0x00000000101c749c        0x0 ../p6_partb_bsp//libhal_bsp.a(alt_load.o)
 .bss           0x00000000101c749c        0x0 ../p6_partb_bsp//libhal_bsp.a(alt_main.o)
 .bss           0x00000000101c749c        0x0 ../p6_partb_bsp//libhal_bsp.a(alt_putstr.o)
 .bss           0x00000000101c749c        0x0 ../p6_partb_bsp//libhal_bsp.a(alt_write.o)
 .bss           0x00000000101c749c        0x0 ../p6_partb_bsp//libhal_bsp.a(alt_sys_init.o)
 .bss           0x00000000101c749c        0x0 ../p6_partb_bsp//libhal_bsp.a(altera_avalon_jtag_uart_write.o)
 .bss           0x00000000101c749c        0x0 ../p6_partb_bsp//libhal_bsp.a(altera_avalon_performance_counter.o)
 .bss           0x00000000101c749c        0x0 ../p6_partb_bsp//libhal_bsp.a(altera_up_avalon_video_character_buffer_with_dma.o)
 .bss           0x00000000101c749c        0x0 ../p6_partb_bsp//libhal_bsp.a(altera_up_avalon_video_pixel_buffer_dma.o)
 .bss           0x00000000101c749c        0x0 ../p6_partb_bsp//libhal_bsp.a(alt_dcache_flush_all.o)
 .bss           0x00000000101c749c        0x0 ../p6_partb_bsp//libhal_bsp.a(alt_dev.o)
 .bss           0x00000000101c749c        0x0 ../p6_partb_bsp//libhal_bsp.a(alt_dev_llist_insert.o)
 .bss           0x00000000101c749c        0x0 ../p6_partb_bsp//libhal_bsp.a(alt_errno.o)
 .bss           0x00000000101c749c        0x0 ../p6_partb_bsp//libhal_bsp.a(alt_find_dev.o)
 .bss           0x00000000101c749c        0x0 ../p6_partb_bsp//libhal_bsp.a(alt_icache_flush_all.o)
 .bss           0x00000000101c749c        0x0 ../p6_partb_bsp//libhal_bsp.a(altera_nios2_gen2_irq.o)
 .bss           0x00000000101c749c        0x0 ../p6_partb_bsp//libhal_bsp.a(alt_icache_flush.o)
 .bss           0x00000000101c749c        0x0 ../p6_partb_bsp//newlib/nios2-elf/lib/libsmallc.a(lib_a-memcmp.o)
 .bss           0x00000000101c749c        0x0 ../p6_partb_bsp//newlib/nios2-elf/lib/libsmallc.a(lib_a-strcmp.o)
 *(COMMON)
                0x00000000101c749c                . = ALIGN (0x4)
                0x00000000101c749c                __bss_end = ABSOLUTE (.)

.sdram_controller
                0x00000000101c749c        0x0
                [!provide]                        PROVIDE (_alt_partition_sdram_controller_start, ABSOLUTE (.))
 *(.sdram_controller .sdram_controller. sdram_controller.*)
                0x00000000101c749c                . = ALIGN (0x4)
                [!provide]                        PROVIDE (_alt_partition_sdram_controller_end, ABSOLUTE (.))
                0x00000000101c749c                _end = ABSOLUTE (.)
                0x00000000101c749c                end = ABSOLUTE (.)
                0x00000000101c749c                __alt_stack_base = ABSOLUTE (.)
                [!provide]                        PROVIDE (_alt_partition_sdram_controller_load_addr, LOADADDR (.sdram_controller))

.stab
 *(.stab)

.stabstr
 *(.stabstr)

.stab.excl
 *(.stab.excl)

.stab.exclstr
 *(.stab.exclstr)

.stab.index
 *(.stab.index)

.stab.indexstr
 *(.stab.indexstr)

.comment        0x0000000000000000       0x23
 *(.comment)
 .comment       0x0000000000000000       0x23 obj/default/hello_world_small.o
                                         0x24 (size before relaxing)
 .comment       0x0000000000000023       0x24 ../p6_partb_bsp//newlib/nios2-elf/lib/libm.a(lib_a-sf_cos.o)
 .comment       0x0000000000000023       0x24 ../p6_partb_bsp//newlib/nios2-elf/lib/libm.a(lib_a-sf_sin.o)
 .comment       0x0000000000000023       0x24 ../p6_partb_bsp//newlib/nios2-elf/lib/libm.a(lib_a-s_round.o)
 .comment       0x0000000000000023       0x24 ../p6_partb_bsp//newlib/nios2-elf/lib/libm.a(lib_a-ef_rem_pio2.o)
 .comment       0x0000000000000023       0x24 ../p6_partb_bsp//newlib/nios2-elf/lib/libm.a(lib_a-kf_cos.o)
 .comment       0x0000000000000023       0x24 ../p6_partb_bsp//newlib/nios2-elf/lib/libm.a(lib_a-kf_rem_pio2.o)
 .comment       0x0000000000000023       0x24 ../p6_partb_bsp//newlib/nios2-elf/lib/libm.a(lib_a-kf_sin.o)
 .comment       0x0000000000000023       0x24 ../p6_partb_bsp//newlib/nios2-elf/lib/libm.a(lib_a-sf_fabs.o)
 .comment       0x0000000000000023       0x24 ../p6_partb_bsp//newlib/nios2-elf/lib/libm.a(lib_a-sf_floor.o)
 .comment       0x0000000000000023       0x24 ../p6_partb_bsp//newlib/nios2-elf/lib/libm.a(lib_a-sf_scalbn.o)
 .comment       0x0000000000000023       0x24 ../p6_partb_bsp//newlib/nios2-elf/lib/libm.a(lib_a-sf_copysign.o)
 .comment       0x0000000000000023       0x24 /usr/local/3rdparty/altera/18.1/nios2eds/bin/gnu/H-x86_64-pc-linux-gnu/bin/../lib/gcc/nios2-elf/5.3.0/libgcc.a(adddf3.o)
 .comment       0x0000000000000023       0x24 /usr/local/3rdparty/altera/18.1/nios2eds/bin/gnu/H-x86_64-pc-linux-gnu/bin/../lib/gcc/nios2-elf/5.3.0/libgcc.a(divdf3.o)
 .comment       0x0000000000000023       0x24 /usr/local/3rdparty/altera/18.1/nios2eds/bin/gnu/H-x86_64-pc-linux-gnu/bin/../lib/gcc/nios2-elf/5.3.0/libgcc.a(muldf3.o)
 .comment       0x0000000000000023       0x24 /usr/local/3rdparty/altera/18.1/nios2eds/bin/gnu/H-x86_64-pc-linux-gnu/bin/../lib/gcc/nios2-elf/5.3.0/libgcc.a(floatsidf.o)
 .comment       0x0000000000000023       0x24 /usr/local/3rdparty/altera/18.1/nios2eds/bin/gnu/H-x86_64-pc-linux-gnu/bin/../lib/gcc/nios2-elf/5.3.0/libgcc.a(extendsfdf2.o)
 .comment       0x0000000000000023       0x24 /usr/local/3rdparty/altera/18.1/nios2eds/bin/gnu/H-x86_64-pc-linux-gnu/bin/../lib/gcc/nios2-elf/5.3.0/libgcc.a(truncdfsf2.o)
 .comment       0x0000000000000023       0x24 /usr/local/3rdparty/altera/18.1/nios2eds/bin/gnu/H-x86_64-pc-linux-gnu/bin/../lib/gcc/nios2-elf/5.3.0/libgcc.a(_clzsi2.o)
 .comment       0x0000000000000023       0x24 /usr/local/3rdparty/altera/18.1/nios2eds/bin/gnu/H-x86_64-pc-linux-gnu/bin/../lib/gcc/nios2-elf/5.3.0/libgcc.a(lib2-divmod.o)
 .comment       0x0000000000000023       0x24 /usr/local/3rdparty/altera/18.1/nios2eds/bin/gnu/H-x86_64-pc-linux-gnu/bin/../lib/gcc/nios2-elf/5.3.0/libgcc.a(_clz.o)
 .comment       0x0000000000000023       0x24 ../p6_partb_bsp//newlib/nios2-elf/lib/libsmallc.a(lib_a-printf.o)
 .comment       0x0000000000000023       0x24 ../p6_partb_bsp//newlib/nios2-elf/lib/libsmallc.a(lib_a-puts.o)
 .comment       0x0000000000000023       0x24 ../p6_partb_bsp//newlib/nios2-elf/lib/libsmallc.a(lib_a-strlen.o)
 .comment       0x0000000000000023       0x24 ../p6_partb_bsp//newlib/nios2-elf/lib/libsmallc.a(lib_a-vfprintf.o)
 .comment       0x0000000000000023       0x24 ../p6_partb_bsp//newlib/nios2-elf/lib/libsmallc.a(lib_a-fvwrite_small_dev.o)
 .comment       0x0000000000000023       0x24 ../p6_partb_bsp//newlib/nios2-elf/lib/libsmallc.a(lib_a-impure.o)
 .comment       0x0000000000000023       0x24 ../p6_partb_bsp//newlib/nios2-elf/lib/libsmallc.a(lib_a-writer.o)
 .comment       0x0000000000000023       0x24 ../p6_partb_bsp//newlib/nios2-elf/lib/libsmallc.a(lib_a-int_errno.o)
 .comment       0x0000000000000023       0x24 ../p6_partb_bsp//libhal_bsp.a(alt_load.o)
 .comment       0x0000000000000023       0x24 ../p6_partb_bsp//libhal_bsp.a(alt_main.o)
 .comment       0x0000000000000023       0x24 ../p6_partb_bsp//libhal_bsp.a(alt_putstr.o)
 .comment       0x0000000000000023       0x24 ../p6_partb_bsp//libhal_bsp.a(alt_write.o)
 .comment       0x0000000000000023       0x24 ../p6_partb_bsp//libhal_bsp.a(alt_sys_init.o)
 .comment       0x0000000000000023       0x24 ../p6_partb_bsp//libhal_bsp.a(altera_avalon_jtag_uart_write.o)
 .comment       0x0000000000000023       0x24 ../p6_partb_bsp//libhal_bsp.a(altera_avalon_performance_counter.o)
 .comment       0x0000000000000023       0x24 ../p6_partb_bsp//libhal_bsp.a(altera_up_avalon_video_character_buffer_with_dma.o)
 .comment       0x0000000000000023       0x24 ../p6_partb_bsp//libhal_bsp.a(altera_up_avalon_video_pixel_buffer_dma.o)
 .comment       0x0000000000000023       0x24 ../p6_partb_bsp//libhal_bsp.a(alt_dcache_flush_all.o)
 .comment       0x0000000000000023       0x24 ../p6_partb_bsp//libhal_bsp.a(alt_dev.o)
 .comment       0x0000000000000023       0x24 ../p6_partb_bsp//libhal_bsp.a(alt_dev_llist_insert.o)
 .comment       0x0000000000000023       0x24 ../p6_partb_bsp//libhal_bsp.a(alt_errno.o)
 .comment       0x0000000000000023       0x24 ../p6_partb_bsp//libhal_bsp.a(alt_find_dev.o)
 .comment       0x0000000000000023       0x24 ../p6_partb_bsp//libhal_bsp.a(alt_icache_flush_all.o)
 .comment       0x0000000000000023       0x24 ../p6_partb_bsp//libhal_bsp.a(altera_nios2_gen2_irq.o)
 .comment       0x0000000000000023       0x24 ../p6_partb_bsp//libhal_bsp.a(alt_icache_flush.o)
 .comment       0x0000000000000023       0x24 ../p6_partb_bsp//newlib/nios2-elf/lib/libsmallc.a(lib_a-memcmp.o)
 .comment       0x0000000000000023       0x24 ../p6_partb_bsp//newlib/nios2-elf/lib/libsmallc.a(lib_a-strcmp.o)

.debug
 *(.debug)

.line
 *(.line)

.debug_srcinfo
 *(.debug_srcinfo)

.debug_sfnames
 *(.debug_sfnames)

.debug_aranges  0x0000000000000000      0x630
 *(.debug_aranges)
 .debug_aranges
                0x0000000000000000       0x28 ../p6_partb_bsp//obj/HAL/src/crt0.o
 .debug_aranges
                0x0000000000000028       0x28 obj/default/hello_world_small.o
 .debug_aranges
                0x0000000000000050       0x20 ../p6_partb_bsp//newlib/nios2-elf/lib/libm.a(lib_a-sf_cos.o)
 .debug_aranges
                0x0000000000000070       0x20 ../p6_partb_bsp//newlib/nios2-elf/lib/libm.a(lib_a-sf_sin.o)
 .debug_aranges
                0x0000000000000090       0x20 ../p6_partb_bsp//newlib/nios2-elf/lib/libm.a(lib_a-s_round.o)
 .debug_aranges
                0x00000000000000b0       0x20 ../p6_partb_bsp//newlib/nios2-elf/lib/libm.a(lib_a-ef_rem_pio2.o)
 .debug_aranges
                0x00000000000000d0       0x20 ../p6_partb_bsp//newlib/nios2-elf/lib/libm.a(lib_a-kf_cos.o)
 .debug_aranges
                0x00000000000000f0       0x20 ../p6_partb_bsp//newlib/nios2-elf/lib/libm.a(lib_a-kf_rem_pio2.o)
 .debug_aranges
                0x0000000000000110       0x20 ../p6_partb_bsp//newlib/nios2-elf/lib/libm.a(lib_a-kf_sin.o)
 .debug_aranges
                0x0000000000000130       0x20 ../p6_partb_bsp//newlib/nios2-elf/lib/libm.a(lib_a-sf_fabs.o)
 .debug_aranges
                0x0000000000000150       0x20 ../p6_partb_bsp//newlib/nios2-elf/lib/libm.a(lib_a-sf_floor.o)
 .debug_aranges
                0x0000000000000170       0x20 ../p6_partb_bsp//newlib/nios2-elf/lib/libm.a(lib_a-sf_scalbn.o)
 .debug_aranges
                0x0000000000000190       0x20 ../p6_partb_bsp//newlib/nios2-elf/lib/libm.a(lib_a-sf_copysign.o)
 .debug_aranges
                0x00000000000001b0       0x20 /usr/local/3rdparty/altera/18.1/nios2eds/bin/gnu/H-x86_64-pc-linux-gnu/bin/../lib/gcc/nios2-elf/5.3.0/libgcc.a(adddf3.o)
 .debug_aranges
                0x00000000000001d0       0x20 /usr/local/3rdparty/altera/18.1/nios2eds/bin/gnu/H-x86_64-pc-linux-gnu/bin/../lib/gcc/nios2-elf/5.3.0/libgcc.a(divdf3.o)
 .debug_aranges
                0x00000000000001f0       0x20 /usr/local/3rdparty/altera/18.1/nios2eds/bin/gnu/H-x86_64-pc-linux-gnu/bin/../lib/gcc/nios2-elf/5.3.0/libgcc.a(muldf3.o)
 .debug_aranges
                0x0000000000000210       0x20 /usr/local/3rdparty/altera/18.1/nios2eds/bin/gnu/H-x86_64-pc-linux-gnu/bin/../lib/gcc/nios2-elf/5.3.0/libgcc.a(floatsidf.o)
 .debug_aranges
                0x0000000000000230       0x20 /usr/local/3rdparty/altera/18.1/nios2eds/bin/gnu/H-x86_64-pc-linux-gnu/bin/../lib/gcc/nios2-elf/5.3.0/libgcc.a(extendsfdf2.o)
 .debug_aranges
                0x0000000000000250       0x20 /usr/local/3rdparty/altera/18.1/nios2eds/bin/gnu/H-x86_64-pc-linux-gnu/bin/../lib/gcc/nios2-elf/5.3.0/libgcc.a(truncdfsf2.o)
 .debug_aranges
                0x0000000000000270       0x20 /usr/local/3rdparty/altera/18.1/nios2eds/bin/gnu/H-x86_64-pc-linux-gnu/bin/../lib/gcc/nios2-elf/5.3.0/libgcc.a(_clzsi2.o)
 .debug_aranges
                0x0000000000000290       0x20 /usr/local/3rdparty/altera/18.1/nios2eds/bin/gnu/H-x86_64-pc-linux-gnu/bin/../lib/gcc/nios2-elf/5.3.0/libgcc.a(lib2-divmod.o)
 .debug_aranges
                0x00000000000002b0       0x18 /usr/local/3rdparty/altera/18.1/nios2eds/bin/gnu/H-x86_64-pc-linux-gnu/bin/../lib/gcc/nios2-elf/5.3.0/libgcc.a(_clz.o)
 .debug_aranges
                0x00000000000002c8       0x28 ../p6_partb_bsp//newlib/nios2-elf/lib/libsmallc.a(lib_a-printf.o)
 .debug_aranges
                0x00000000000002f0       0x28 ../p6_partb_bsp//newlib/nios2-elf/lib/libsmallc.a(lib_a-puts.o)
 .debug_aranges
                0x0000000000000318       0x20 ../p6_partb_bsp//newlib/nios2-elf/lib/libsmallc.a(lib_a-strlen.o)
 .debug_aranges
                0x0000000000000338       0x30 ../p6_partb_bsp//newlib/nios2-elf/lib/libsmallc.a(lib_a-vfprintf.o)
 .debug_aranges
                0x0000000000000368       0x20 ../p6_partb_bsp//newlib/nios2-elf/lib/libsmallc.a(lib_a-fvwrite_small_dev.o)
 .debug_aranges
                0x0000000000000388       0x18 ../p6_partb_bsp//newlib/nios2-elf/lib/libsmallc.a(lib_a-impure.o)
 .debug_aranges
                0x00000000000003a0       0x20 ../p6_partb_bsp//newlib/nios2-elf/lib/libsmallc.a(lib_a-writer.o)
 .debug_aranges
                0x00000000000003c0       0x18 ../p6_partb_bsp//newlib/nios2-elf/lib/libsmallc.a(lib_a-int_errno.o)
 .debug_aranges
                0x00000000000003d8       0x20 ../p6_partb_bsp//libhal_bsp.a(alt_load.o)
 .debug_aranges
                0x00000000000003f8       0x20 ../p6_partb_bsp//libhal_bsp.a(alt_main.o)
 .debug_aranges
                0x0000000000000418       0x20 ../p6_partb_bsp//libhal_bsp.a(alt_putstr.o)
 .debug_aranges
                0x0000000000000438       0x20 ../p6_partb_bsp//libhal_bsp.a(alt_write.o)
 .debug_aranges
                0x0000000000000458       0x20 ../p6_partb_bsp//libhal_bsp.a(alt_sys_init.o)
 .debug_aranges
                0x0000000000000478       0x20 ../p6_partb_bsp//libhal_bsp.a(altera_avalon_jtag_uart_write.o)
 .debug_aranges
                0x0000000000000498       0x20 ../p6_partb_bsp//libhal_bsp.a(altera_avalon_performance_counter.o)
 .debug_aranges
                0x00000000000004b8       0x20 ../p6_partb_bsp//libhal_bsp.a(altera_up_avalon_video_character_buffer_with_dma.o)
 .debug_aranges
                0x00000000000004d8       0x20 ../p6_partb_bsp//libhal_bsp.a(altera_up_avalon_video_pixel_buffer_dma.o)
 .debug_aranges
                0x00000000000004f8       0x20 ../p6_partb_bsp//libhal_bsp.a(alt_dcache_flush_all.o)
 .debug_aranges
                0x0000000000000518       0x20 ../p6_partb_bsp//libhal_bsp.a(alt_dev.o)
 .debug_aranges
                0x0000000000000538       0x20 ../p6_partb_bsp//libhal_bsp.a(alt_dev_llist_insert.o)
 .debug_aranges
                0x0000000000000558       0x18 ../p6_partb_bsp//libhal_bsp.a(alt_errno.o)
 .debug_aranges
                0x0000000000000570       0x20 ../p6_partb_bsp//libhal_bsp.a(alt_find_dev.o)
 .debug_aranges
                0x0000000000000590       0x20 ../p6_partb_bsp//libhal_bsp.a(alt_icache_flush_all.o)
 .debug_aranges
                0x00000000000005b0       0x20 ../p6_partb_bsp//libhal_bsp.a(altera_nios2_gen2_irq.o)
 .debug_aranges
                0x00000000000005d0       0x20 ../p6_partb_bsp//libhal_bsp.a(alt_icache_flush.o)
 .debug_aranges
                0x00000000000005f0       0x20 ../p6_partb_bsp//newlib/nios2-elf/lib/libsmallc.a(lib_a-memcmp.o)
 .debug_aranges
                0x0000000000000610       0x20 ../p6_partb_bsp//newlib/nios2-elf/lib/libsmallc.a(lib_a-strcmp.o)

.debug_pubnames
 *(.debug_pubnames)

.debug_info     0x0000000000000000     0x9025
 *(.debug_info .gnu.linkonce.wi.*)
 .debug_info    0x0000000000000000       0x84 ../p6_partb_bsp//obj/HAL/src/crt0.o
 .debug_info    0x0000000000000084      0x614 obj/default/hello_world_small.o
 .debug_info    0x0000000000000698      0x171 ../p6_partb_bsp//newlib/nios2-elf/lib/libm.a(lib_a-sf_cos.o)
 .debug_info    0x0000000000000809      0x15c ../p6_partb_bsp//newlib/nios2-elf/lib/libm.a(lib_a-sf_sin.o)
 .debug_info    0x0000000000000965      0x19e ../p6_partb_bsp//newlib/nios2-elf/lib/libm.a(lib_a-s_round.o)
 .debug_info    0x0000000000000b03      0x334 ../p6_partb_bsp//newlib/nios2-elf/lib/libm.a(lib_a-ef_rem_pio2.o)
 .debug_info    0x0000000000000e37      0x1d8 ../p6_partb_bsp//newlib/nios2-elf/lib/libm.a(lib_a-kf_cos.o)
 .debug_info    0x000000000000100f      0x33e ../p6_partb_bsp//newlib/nios2-elf/lib/libm.a(lib_a-kf_rem_pio2.o)
 .debug_info    0x000000000000134d      0x180 ../p6_partb_bsp//newlib/nios2-elf/lib/libm.a(lib_a-kf_sin.o)
 .debug_info    0x00000000000014cd       0xc6 ../p6_partb_bsp//newlib/nios2-elf/lib/libm.a(lib_a-sf_fabs.o)
 .debug_info    0x0000000000001593      0x156 ../p6_partb_bsp//newlib/nios2-elf/lib/libm.a(lib_a-sf_floor.o)
 .debug_info    0x00000000000016e9      0x1eb ../p6_partb_bsp//newlib/nios2-elf/lib/libm.a(lib_a-sf_scalbn.o)
 .debug_info    0x00000000000018d4      0x124 ../p6_partb_bsp//newlib/nios2-elf/lib/libm.a(lib_a-sf_copysign.o)
 .debug_info    0x00000000000019f8      0x4a2 /usr/local/3rdparty/altera/18.1/nios2eds/bin/gnu/H-x86_64-pc-linux-gnu/bin/../lib/gcc/nios2-elf/5.3.0/libgcc.a(adddf3.o)
 .debug_info    0x0000000000001e9a      0x5c7 /usr/local/3rdparty/altera/18.1/nios2eds/bin/gnu/H-x86_64-pc-linux-gnu/bin/../lib/gcc/nios2-elf/5.3.0/libgcc.a(divdf3.o)
 .debug_info    0x0000000000002461      0x5f5 /usr/local/3rdparty/altera/18.1/nios2eds/bin/gnu/H-x86_64-pc-linux-gnu/bin/../lib/gcc/nios2-elf/5.3.0/libgcc.a(muldf3.o)
 .debug_info    0x0000000000002a56      0x1bc /usr/local/3rdparty/altera/18.1/nios2eds/bin/gnu/H-x86_64-pc-linux-gnu/bin/../lib/gcc/nios2-elf/5.3.0/libgcc.a(floatsidf.o)
 .debug_info    0x0000000000002c12      0x248 /usr/local/3rdparty/altera/18.1/nios2eds/bin/gnu/H-x86_64-pc-linux-gnu/bin/../lib/gcc/nios2-elf/5.3.0/libgcc.a(extendsfdf2.o)
 .debug_info    0x0000000000002e5a      0x248 /usr/local/3rdparty/altera/18.1/nios2eds/bin/gnu/H-x86_64-pc-linux-gnu/bin/../lib/gcc/nios2-elf/5.3.0/libgcc.a(truncdfsf2.o)
 .debug_info    0x00000000000030a2      0x124 /usr/local/3rdparty/altera/18.1/nios2eds/bin/gnu/H-x86_64-pc-linux-gnu/bin/../lib/gcc/nios2-elf/5.3.0/libgcc.a(_clzsi2.o)
 .debug_info    0x00000000000031c6      0x2c6 /usr/local/3rdparty/altera/18.1/nios2eds/bin/gnu/H-x86_64-pc-linux-gnu/bin/../lib/gcc/nios2-elf/5.3.0/libgcc.a(lib2-divmod.o)
 .debug_info    0x000000000000348c       0xb2 /usr/local/3rdparty/altera/18.1/nios2eds/bin/gnu/H-x86_64-pc-linux-gnu/bin/../lib/gcc/nios2-elf/5.3.0/libgcc.a(_clz.o)
 .debug_info    0x000000000000353e      0x695 ../p6_partb_bsp//newlib/nios2-elf/lib/libsmallc.a(lib_a-printf.o)
 .debug_info    0x0000000000003bd3      0x669 ../p6_partb_bsp//newlib/nios2-elf/lib/libsmallc.a(lib_a-puts.o)
 .debug_info    0x000000000000423c       0xc5 ../p6_partb_bsp//newlib/nios2-elf/lib/libsmallc.a(lib_a-strlen.o)
 .debug_info    0x0000000000004301      0xb27 ../p6_partb_bsp//newlib/nios2-elf/lib/libsmallc.a(lib_a-vfprintf.o)
 .debug_info    0x0000000000004e28      0x627 ../p6_partb_bsp//newlib/nios2-elf/lib/libsmallc.a(lib_a-fvwrite_small_dev.o)
 .debug_info    0x000000000000544f      0x5a5 ../p6_partb_bsp//newlib/nios2-elf/lib/libsmallc.a(lib_a-impure.o)
 .debug_info    0x00000000000059f4      0x62c ../p6_partb_bsp//newlib/nios2-elf/lib/libsmallc.a(lib_a-writer.o)
 .debug_info    0x0000000000006020       0x86 ../p6_partb_bsp//newlib/nios2-elf/lib/libsmallc.a(lib_a-int_errno.o)
 .debug_info    0x00000000000060a6      0x1c9 ../p6_partb_bsp//libhal_bsp.a(alt_load.o)
 .debug_info    0x000000000000626f      0x169 ../p6_partb_bsp//libhal_bsp.a(alt_main.o)
 .debug_info    0x00000000000063d8      0x13a ../p6_partb_bsp//libhal_bsp.a(alt_putstr.o)
 .debug_info    0x0000000000006512      0x1c7 ../p6_partb_bsp//libhal_bsp.a(alt_write.o)
 .debug_info    0x00000000000066d9      0x687 ../p6_partb_bsp//libhal_bsp.a(alt_sys_init.o)
 .debug_info    0x0000000000006d60      0x197 ../p6_partb_bsp//libhal_bsp.a(altera_avalon_jtag_uart_write.o)
 .debug_info    0x0000000000006ef7      0x18f ../p6_partb_bsp//libhal_bsp.a(altera_avalon_performance_counter.o)
 .debug_info    0x0000000000007086      0x4ab ../p6_partb_bsp//libhal_bsp.a(altera_up_avalon_video_character_buffer_with_dma.o)
 .debug_info    0x0000000000007531      0xc5d ../p6_partb_bsp//libhal_bsp.a(altera_up_avalon_video_pixel_buffer_dma.o)
 .debug_info    0x000000000000818e       0xa6 ../p6_partb_bsp//libhal_bsp.a(alt_dcache_flush_all.o)
 .debug_info    0x0000000000008234      0x499 ../p6_partb_bsp//libhal_bsp.a(alt_dev.o)
 .debug_info    0x00000000000086cd      0x1b3 ../p6_partb_bsp//libhal_bsp.a(alt_dev_llist_insert.o)
 .debug_info    0x0000000000008880       0xa6 ../p6_partb_bsp//libhal_bsp.a(alt_errno.o)
 .debug_info    0x0000000000008926      0x32d ../p6_partb_bsp//libhal_bsp.a(alt_find_dev.o)
 .debug_info    0x0000000000008c53       0xb8 ../p6_partb_bsp//libhal_bsp.a(alt_icache_flush_all.o)
 .debug_info    0x0000000000008d0b       0x92 ../p6_partb_bsp//libhal_bsp.a(altera_nios2_gen2_irq.o)
 .debug_info    0x0000000000008d9d       0xde ../p6_partb_bsp//libhal_bsp.a(alt_icache_flush.o)
 .debug_info    0x0000000000008e7b       0xf0 ../p6_partb_bsp//newlib/nios2-elf/lib/libsmallc.a(lib_a-memcmp.o)
 .debug_info    0x0000000000008f6b       0xba ../p6_partb_bsp//newlib/nios2-elf/lib/libsmallc.a(lib_a-strcmp.o)

.debug_abbrev   0x0000000000000000     0x312b
 *(.debug_abbrev)
 .debug_abbrev  0x0000000000000000       0x12 ../p6_partb_bsp//obj/HAL/src/crt0.o
 .debug_abbrev  0x0000000000000012      0x1b9 obj/default/hello_world_small.o
 .debug_abbrev  0x00000000000001cb       0xdb ../p6_partb_bsp//newlib/nios2-elf/lib/libm.a(lib_a-sf_cos.o)
 .debug_abbrev  0x00000000000002a6       0xd4 ../p6_partb_bsp//newlib/nios2-elf/lib/libm.a(lib_a-sf_sin.o)
 .debug_abbrev  0x000000000000037a       0xe9 ../p6_partb_bsp//newlib/nios2-elf/lib/libm.a(lib_a-s_round.o)
 .debug_abbrev  0x0000000000000463      0x150 ../p6_partb_bsp//newlib/nios2-elf/lib/libm.a(lib_a-ef_rem_pio2.o)
 .debug_abbrev  0x00000000000005b3       0xc2 ../p6_partb_bsp//newlib/nios2-elf/lib/libm.a(lib_a-kf_cos.o)
 .debug_abbrev  0x0000000000000675      0x136 ../p6_partb_bsp//newlib/nios2-elf/lib/libm.a(lib_a-kf_rem_pio2.o)
 .debug_abbrev  0x00000000000007ab       0xb2 ../p6_partb_bsp//newlib/nios2-elf/lib/libm.a(lib_a-kf_sin.o)
 .debug_abbrev  0x000000000000085d       0x6d ../p6_partb_bsp//newlib/nios2-elf/lib/libm.a(lib_a-sf_fabs.o)
 .debug_abbrev  0x00000000000008ca       0xd1 ../p6_partb_bsp//newlib/nios2-elf/lib/libm.a(lib_a-sf_floor.o)
 .debug_abbrev  0x000000000000099b       0xe0 ../p6_partb_bsp//newlib/nios2-elf/lib/libm.a(lib_a-sf_scalbn.o)
 .debug_abbrev  0x0000000000000a7b       0xb9 ../p6_partb_bsp//newlib/nios2-elf/lib/libm.a(lib_a-sf_copysign.o)
 .debug_abbrev  0x0000000000000b34      0x13a /usr/local/3rdparty/altera/18.1/nios2eds/bin/gnu/H-x86_64-pc-linux-gnu/bin/../lib/gcc/nios2-elf/5.3.0/libgcc.a(adddf3.o)
 .debug_abbrev  0x0000000000000c6e      0x12d /usr/local/3rdparty/altera/18.1/nios2eds/bin/gnu/H-x86_64-pc-linux-gnu/bin/../lib/gcc/nios2-elf/5.3.0/libgcc.a(divdf3.o)
 .debug_abbrev  0x0000000000000d9b      0x13f /usr/local/3rdparty/altera/18.1/nios2eds/bin/gnu/H-x86_64-pc-linux-gnu/bin/../lib/gcc/nios2-elf/5.3.0/libgcc.a(muldf3.o)
 .debug_abbrev  0x0000000000000eda      0x124 /usr/local/3rdparty/altera/18.1/nios2eds/bin/gnu/H-x86_64-pc-linux-gnu/bin/../lib/gcc/nios2-elf/5.3.0/libgcc.a(floatsidf.o)
 .debug_abbrev  0x0000000000000ffe      0x124 /usr/local/3rdparty/altera/18.1/nios2eds/bin/gnu/H-x86_64-pc-linux-gnu/bin/../lib/gcc/nios2-elf/5.3.0/libgcc.a(extendsfdf2.o)
 .debug_abbrev  0x0000000000001122      0x11b /usr/local/3rdparty/altera/18.1/nios2eds/bin/gnu/H-x86_64-pc-linux-gnu/bin/../lib/gcc/nios2-elf/5.3.0/libgcc.a(truncdfsf2.o)
 .debug_abbrev  0x000000000000123d       0xbe /usr/local/3rdparty/altera/18.1/nios2eds/bin/gnu/H-x86_64-pc-linux-gnu/bin/../lib/gcc/nios2-elf/5.3.0/libgcc.a(_clzsi2.o)
 .debug_abbrev  0x00000000000012fb      0x10e /usr/local/3rdparty/altera/18.1/nios2eds/bin/gnu/H-x86_64-pc-linux-gnu/bin/../lib/gcc/nios2-elf/5.3.0/libgcc.a(lib2-divmod.o)
 .debug_abbrev  0x0000000000001409       0x5d /usr/local/3rdparty/altera/18.1/nios2eds/bin/gnu/H-x86_64-pc-linux-gnu/bin/../lib/gcc/nios2-elf/5.3.0/libgcc.a(_clz.o)
 .debug_abbrev  0x0000000000001466      0x1ec ../p6_partb_bsp//newlib/nios2-elf/lib/libsmallc.a(lib_a-printf.o)
 .debug_abbrev  0x0000000000001652      0x1d4 ../p6_partb_bsp//newlib/nios2-elf/lib/libsmallc.a(lib_a-puts.o)
 .debug_abbrev  0x0000000000001826       0x7d ../p6_partb_bsp//newlib/nios2-elf/lib/libsmallc.a(lib_a-strlen.o)
 .debug_abbrev  0x00000000000018a3      0x29f ../p6_partb_bsp//newlib/nios2-elf/lib/libsmallc.a(lib_a-vfprintf.o)
 .debug_abbrev  0x0000000000001b42      0x1ba ../p6_partb_bsp//newlib/nios2-elf/lib/libsmallc.a(lib_a-fvwrite_small_dev.o)
 .debug_abbrev  0x0000000000001cfc      0x148 ../p6_partb_bsp//newlib/nios2-elf/lib/libsmallc.a(lib_a-impure.o)
 .debug_abbrev  0x0000000000001e44      0x1a4 ../p6_partb_bsp//newlib/nios2-elf/lib/libsmallc.a(lib_a-writer.o)
 .debug_abbrev  0x0000000000001fe8       0x35 ../p6_partb_bsp//newlib/nios2-elf/lib/libsmallc.a(lib_a-int_errno.o)
 .debug_abbrev  0x000000000000201d       0xd8 ../p6_partb_bsp//libhal_bsp.a(alt_load.o)
 .debug_abbrev  0x00000000000020f5       0xee ../p6_partb_bsp//libhal_bsp.a(alt_main.o)
 .debug_abbrev  0x00000000000021e3       0xd3 ../p6_partb_bsp//libhal_bsp.a(alt_putstr.o)
 .debug_abbrev  0x00000000000022b6      0x12e ../p6_partb_bsp//libhal_bsp.a(alt_write.o)
 .debug_abbrev  0x00000000000023e4      0x1fe ../p6_partb_bsp//libhal_bsp.a(alt_sys_init.o)
 .debug_abbrev  0x00000000000025e2       0xd5 ../p6_partb_bsp//libhal_bsp.a(altera_avalon_jtag_uart_write.o)
 .debug_abbrev  0x00000000000026b7       0xbb ../p6_partb_bsp//libhal_bsp.a(altera_avalon_performance_counter.o)
 .debug_abbrev  0x0000000000002772      0x16b ../p6_partb_bsp//libhal_bsp.a(altera_up_avalon_video_character_buffer_with_dma.o)
 .debug_abbrev  0x00000000000028dd      0x256 ../p6_partb_bsp//libhal_bsp.a(altera_up_avalon_video_pixel_buffer_dma.o)
 .debug_abbrev  0x0000000000002b33       0x5a ../p6_partb_bsp//libhal_bsp.a(alt_dcache_flush_all.o)
 .debug_abbrev  0x0000000000002b8d       0xd9 ../p6_partb_bsp//libhal_bsp.a(alt_dev.o)
 .debug_abbrev  0x0000000000002c66      0x11c ../p6_partb_bsp//libhal_bsp.a(alt_dev_llist_insert.o)
 .debug_abbrev  0x0000000000002d82       0x5a ../p6_partb_bsp//libhal_bsp.a(alt_errno.o)
 .debug_abbrev  0x0000000000002ddc      0x125 ../p6_partb_bsp//libhal_bsp.a(alt_find_dev.o)
 .debug_abbrev  0x0000000000002f01       0x6f ../p6_partb_bsp//libhal_bsp.a(alt_icache_flush_all.o)
 .debug_abbrev  0x0000000000002f70       0x42 ../p6_partb_bsp//libhal_bsp.a(altera_nios2_gen2_irq.o)
 .debug_abbrev  0x0000000000002fb2       0x9b ../p6_partb_bsp//libhal_bsp.a(alt_icache_flush.o)
 .debug_abbrev  0x000000000000304d       0x7d ../p6_partb_bsp//newlib/nios2-elf/lib/libsmallc.a(lib_a-memcmp.o)
 .debug_abbrev  0x00000000000030ca       0x61 ../p6_partb_bsp//newlib/nios2-elf/lib/libsmallc.a(lib_a-strcmp.o)

.debug_line     0x0000000000000000     0x4572
 *(.debug_line)
 .debug_line    0x0000000000000000       0x72 ../p6_partb_bsp//obj/HAL/src/crt0.o
 .debug_line    0x0000000000000072      0x24a obj/default/hello_world_small.o
 .debug_line    0x00000000000002bc      0x1e2 ../p6_partb_bsp//newlib/nios2-elf/lib/libm.a(lib_a-sf_cos.o)
 .debug_line    0x000000000000049e      0x1e1 ../p6_partb_bsp//newlib/nios2-elf/lib/libm.a(lib_a-sf_sin.o)
 .debug_line    0x000000000000067f      0x198 ../p6_partb_bsp//newlib/nios2-elf/lib/libm.a(lib_a-s_round.o)
 .debug_line    0x0000000000000817      0x237 ../p6_partb_bsp//newlib/nios2-elf/lib/libm.a(lib_a-ef_rem_pio2.o)
 .debug_line    0x0000000000000a4e      0x179 ../p6_partb_bsp//newlib/nios2-elf/lib/libm.a(lib_a-kf_cos.o)
 .debug_line    0x0000000000000bc7      0x386 ../p6_partb_bsp//newlib/nios2-elf/lib/libm.a(lib_a-kf_rem_pio2.o)
 .debug_line    0x0000000000000f4d      0x111 ../p6_partb_bsp//newlib/nios2-elf/lib/libm.a(lib_a-kf_sin.o)
 .debug_line    0x000000000000105e      0x159 ../p6_partb_bsp//newlib/nios2-elf/lib/libm.a(lib_a-sf_fabs.o)
 .debug_line    0x00000000000011b7      0x1eb ../p6_partb_bsp//newlib/nios2-elf/lib/libm.a(lib_a-sf_floor.o)
 .debug_line    0x00000000000013a2      0x194 ../p6_partb_bsp//newlib/nios2-elf/lib/libm.a(lib_a-sf_scalbn.o)
 .debug_line    0x0000000000001536      0x16c ../p6_partb_bsp//newlib/nios2-elf/lib/libm.a(lib_a-sf_copysign.o)
 .debug_line    0x00000000000016a2      0x37b /usr/local/3rdparty/altera/18.1/nios2eds/bin/gnu/H-x86_64-pc-linux-gnu/bin/../lib/gcc/nios2-elf/5.3.0/libgcc.a(adddf3.o)
 .debug_line    0x0000000000001a1d      0x2ad /usr/local/3rdparty/altera/18.1/nios2eds/bin/gnu/H-x86_64-pc-linux-gnu/bin/../lib/gcc/nios2-elf/5.3.0/libgcc.a(divdf3.o)
 .debug_line    0x0000000000001cca      0x1e3 /usr/local/3rdparty/altera/18.1/nios2eds/bin/gnu/H-x86_64-pc-linux-gnu/bin/../lib/gcc/nios2-elf/5.3.0/libgcc.a(muldf3.o)
 .debug_line    0x0000000000001ead       0x9f /usr/local/3rdparty/altera/18.1/nios2eds/bin/gnu/H-x86_64-pc-linux-gnu/bin/../lib/gcc/nios2-elf/5.3.0/libgcc.a(floatsidf.o)
 .debug_line    0x0000000000001f4c       0xc1 /usr/local/3rdparty/altera/18.1/nios2eds/bin/gnu/H-x86_64-pc-linux-gnu/bin/../lib/gcc/nios2-elf/5.3.0/libgcc.a(extendsfdf2.o)
 .debug_line    0x000000000000200d       0xf7 /usr/local/3rdparty/altera/18.1/nios2eds/bin/gnu/H-x86_64-pc-linux-gnu/bin/../lib/gcc/nios2-elf/5.3.0/libgcc.a(truncdfsf2.o)
 .debug_line    0x0000000000002104       0xb7 /usr/local/3rdparty/altera/18.1/nios2eds/bin/gnu/H-x86_64-pc-linux-gnu/bin/../lib/gcc/nios2-elf/5.3.0/libgcc.a(_clzsi2.o)
 .debug_line    0x00000000000021bb      0x102 /usr/local/3rdparty/altera/18.1/nios2eds/bin/gnu/H-x86_64-pc-linux-gnu/bin/../lib/gcc/nios2-elf/5.3.0/libgcc.a(lib2-divmod.o)
 .debug_line    0x00000000000022bd       0x53 /usr/local/3rdparty/altera/18.1/nios2eds/bin/gnu/H-x86_64-pc-linux-gnu/bin/../lib/gcc/nios2-elf/5.3.0/libgcc.a(_clz.o)
 .debug_line    0x0000000000002310      0x1fd ../p6_partb_bsp//newlib/nios2-elf/lib/libsmallc.a(lib_a-printf.o)
 .debug_line    0x000000000000250d      0x201 ../p6_partb_bsp//newlib/nios2-elf/lib/libsmallc.a(lib_a-puts.o)
 .debug_line    0x000000000000270e      0x163 ../p6_partb_bsp//newlib/nios2-elf/lib/libsmallc.a(lib_a-strlen.o)
 .debug_line    0x0000000000002871      0x34c ../p6_partb_bsp//newlib/nios2-elf/lib/libsmallc.a(lib_a-vfprintf.o)
 .debug_line    0x0000000000002bbd      0x1eb ../p6_partb_bsp//newlib/nios2-elf/lib/libsmallc.a(lib_a-fvwrite_small_dev.o)
 .debug_line    0x0000000000002da8      0x15d ../p6_partb_bsp//newlib/nios2-elf/lib/libsmallc.a(lib_a-impure.o)
 .debug_line    0x0000000000002f05      0x1e5 ../p6_partb_bsp//newlib/nios2-elf/lib/libsmallc.a(lib_a-writer.o)
 .debug_line    0x00000000000030ea       0x7e ../p6_partb_bsp//newlib/nios2-elf/lib/libsmallc.a(lib_a-int_errno.o)
 .debug_line    0x0000000000003168       0xa4 ../p6_partb_bsp//libhal_bsp.a(alt_load.o)
 .debug_line    0x000000000000320c       0xbd ../p6_partb_bsp//libhal_bsp.a(alt_main.o)
 .debug_line    0x00000000000032c9       0xae ../p6_partb_bsp//libhal_bsp.a(alt_putstr.o)
 .debug_line    0x0000000000003377      0x186 ../p6_partb_bsp//libhal_bsp.a(alt_write.o)
 .debug_line    0x00000000000034fd      0x230 ../p6_partb_bsp//libhal_bsp.a(alt_sys_init.o)
 .debug_line    0x000000000000372d       0xf0 ../p6_partb_bsp//libhal_bsp.a(altera_avalon_jtag_uart_write.o)
 .debug_line    0x000000000000381d       0x8b ../p6_partb_bsp//libhal_bsp.a(altera_avalon_performance_counter.o)
 .debug_line    0x00000000000038a8      0x1b3 ../p6_partb_bsp//libhal_bsp.a(altera_up_avalon_video_character_buffer_with_dma.o)
 .debug_line    0x0000000000003a5b      0x3df ../p6_partb_bsp//libhal_bsp.a(altera_up_avalon_video_pixel_buffer_dma.o)
 .debug_line    0x0000000000003e3a       0x5a ../p6_partb_bsp//libhal_bsp.a(alt_dcache_flush_all.o)
 .debug_line    0x0000000000003e94      0x104 ../p6_partb_bsp//libhal_bsp.a(alt_dev.o)
 .debug_line    0x0000000000003f98       0xd8 ../p6_partb_bsp//libhal_bsp.a(alt_dev_llist_insert.o)
 .debug_line    0x0000000000004070       0x51 ../p6_partb_bsp//libhal_bsp.a(alt_errno.o)
 .debug_line    0x00000000000040c1      0x115 ../p6_partb_bsp//libhal_bsp.a(alt_find_dev.o)
 .debug_line    0x00000000000041d6       0x6e ../p6_partb_bsp//libhal_bsp.a(alt_icache_flush_all.o)
 .debug_line    0x0000000000004244       0x50 ../p6_partb_bsp//libhal_bsp.a(altera_nios2_gen2_irq.o)
 .debug_line    0x0000000000004294       0x7d ../p6_partb_bsp//libhal_bsp.a(alt_icache_flush.o)
 .debug_line    0x0000000000004311      0x167 ../p6_partb_bsp//newlib/nios2-elf/lib/libsmallc.a(lib_a-memcmp.o)
 .debug_line    0x0000000000004478       0xfa ../p6_partb_bsp//newlib/nios2-elf/lib/libsmallc.a(lib_a-strcmp.o)

.debug_frame    0x0000000000000000      0xa9c
 *(.debug_frame)
 .debug_frame   0x0000000000000000       0x98 obj/default/hello_world_small.o
 .debug_frame   0x0000000000000098       0x2c ../p6_partb_bsp//newlib/nios2-elf/lib/libm.a(lib_a-sf_cos.o)
 .debug_frame   0x00000000000000c4       0x2c ../p6_partb_bsp//newlib/nios2-elf/lib/libm.a(lib_a-sf_sin.o)
 .debug_frame   0x00000000000000f0       0x2c ../p6_partb_bsp//newlib/nios2-elf/lib/libm.a(lib_a-s_round.o)
 .debug_frame   0x000000000000011c       0x3c ../p6_partb_bsp//newlib/nios2-elf/lib/libm.a(lib_a-ef_rem_pio2.o)
 .debug_frame   0x0000000000000158       0x20 ../p6_partb_bsp//newlib/nios2-elf/lib/libm.a(lib_a-kf_cos.o)
 .debug_frame   0x0000000000000178       0x54 ../p6_partb_bsp//newlib/nios2-elf/lib/libm.a(lib_a-kf_rem_pio2.o)
 .debug_frame   0x00000000000001cc       0x20 ../p6_partb_bsp//newlib/nios2-elf/lib/libm.a(lib_a-kf_sin.o)
 .debug_frame   0x00000000000001ec       0x20 ../p6_partb_bsp//newlib/nios2-elf/lib/libm.a(lib_a-sf_fabs.o)
 .debug_frame   0x000000000000020c       0x20 ../p6_partb_bsp//newlib/nios2-elf/lib/libm.a(lib_a-sf_floor.o)
 .debug_frame   0x000000000000022c       0x30 ../p6_partb_bsp//newlib/nios2-elf/lib/libm.a(lib_a-sf_scalbn.o)
 .debug_frame   0x000000000000025c       0x20 ../p6_partb_bsp//newlib/nios2-elf/lib/libm.a(lib_a-sf_copysign.o)
 .debug_frame   0x000000000000027c       0x40 /usr/local/3rdparty/altera/18.1/nios2eds/bin/gnu/H-x86_64-pc-linux-gnu/bin/../lib/gcc/nios2-elf/5.3.0/libgcc.a(adddf3.o)
 .debug_frame   0x00000000000002bc       0x58 /usr/local/3rdparty/altera/18.1/nios2eds/bin/gnu/H-x86_64-pc-linux-gnu/bin/../lib/gcc/nios2-elf/5.3.0/libgcc.a(divdf3.o)
 .debug_frame   0x0000000000000314       0x58 /usr/local/3rdparty/altera/18.1/nios2eds/bin/gnu/H-x86_64-pc-linux-gnu/bin/../lib/gcc/nios2-elf/5.3.0/libgcc.a(muldf3.o)
 .debug_frame   0x000000000000036c       0x38 /usr/local/3rdparty/altera/18.1/nios2eds/bin/gnu/H-x86_64-pc-linux-gnu/bin/../lib/gcc/nios2-elf/5.3.0/libgcc.a(floatsidf.o)
 .debug_frame   0x00000000000003a4       0x38 /usr/local/3rdparty/altera/18.1/nios2eds/bin/gnu/H-x86_64-pc-linux-gnu/bin/../lib/gcc/nios2-elf/5.3.0/libgcc.a(extendsfdf2.o)
 .debug_frame   0x00000000000003dc       0x20 /usr/local/3rdparty/altera/18.1/nios2eds/bin/gnu/H-x86_64-pc-linux-gnu/bin/../lib/gcc/nios2-elf/5.3.0/libgcc.a(truncdfsf2.o)
 .debug_frame   0x00000000000003fc       0x20 /usr/local/3rdparty/altera/18.1/nios2eds/bin/gnu/H-x86_64-pc-linux-gnu/bin/../lib/gcc/nios2-elf/5.3.0/libgcc.a(_clzsi2.o)
 .debug_frame   0x000000000000041c       0x50 /usr/local/3rdparty/altera/18.1/nios2eds/bin/gnu/H-x86_64-pc-linux-gnu/bin/../lib/gcc/nios2-elf/5.3.0/libgcc.a(lib2-divmod.o)
 .debug_frame   0x000000000000046c       0x48 ../p6_partb_bsp//newlib/nios2-elf/lib/libsmallc.a(lib_a-printf.o)
 .debug_frame   0x00000000000004b4       0x48 ../p6_partb_bsp//newlib/nios2-elf/lib/libsmallc.a(lib_a-puts.o)
 .debug_frame   0x00000000000004fc       0x20 ../p6_partb_bsp//newlib/nios2-elf/lib/libsmallc.a(lib_a-strlen.o)
 .debug_frame   0x000000000000051c       0x8c ../p6_partb_bsp//newlib/nios2-elf/lib/libsmallc.a(lib_a-vfprintf.o)
 .debug_frame   0x00000000000005a8       0x58 ../p6_partb_bsp//newlib/nios2-elf/lib/libsmallc.a(lib_a-fvwrite_small_dev.o)
 .debug_frame   0x0000000000000600       0x30 ../p6_partb_bsp//newlib/nios2-elf/lib/libsmallc.a(lib_a-writer.o)
 .debug_frame   0x0000000000000630       0x30 ../p6_partb_bsp//libhal_bsp.a(alt_load.o)
 .debug_frame   0x0000000000000660       0x2c ../p6_partb_bsp//libhal_bsp.a(alt_main.o)
 .debug_frame   0x000000000000068c       0x30 ../p6_partb_bsp//libhal_bsp.a(alt_putstr.o)
 .debug_frame   0x00000000000006bc       0x2c ../p6_partb_bsp//libhal_bsp.a(alt_write.o)
 .debug_frame   0x00000000000006e8       0x4c ../p6_partb_bsp//libhal_bsp.a(alt_sys_init.o)
 .debug_frame   0x0000000000000734       0x20 ../p6_partb_bsp//libhal_bsp.a(altera_avalon_jtag_uart_write.o)
 .debug_frame   0x0000000000000754       0x60 ../p6_partb_bsp//libhal_bsp.a(altera_avalon_performance_counter.o)
 .debug_frame   0x00000000000007b4       0x70 ../p6_partb_bsp//libhal_bsp.a(altera_up_avalon_video_character_buffer_with_dma.o)
 .debug_frame   0x0000000000000824      0x130 ../p6_partb_bsp//libhal_bsp.a(altera_up_avalon_video_pixel_buffer_dma.o)
 .debug_frame   0x0000000000000954       0x20 ../p6_partb_bsp//libhal_bsp.a(alt_dcache_flush_all.o)
 .debug_frame   0x0000000000000974       0x20 ../p6_partb_bsp//libhal_bsp.a(alt_dev.o)
 .debug_frame   0x0000000000000994       0x2c ../p6_partb_bsp//libhal_bsp.a(alt_dev_llist_insert.o)
 .debug_frame   0x00000000000009c0       0x3c ../p6_partb_bsp//libhal_bsp.a(alt_find_dev.o)
 .debug_frame   0x00000000000009fc       0x20 ../p6_partb_bsp//libhal_bsp.a(alt_icache_flush_all.o)
 .debug_frame   0x0000000000000a1c       0x20 ../p6_partb_bsp//libhal_bsp.a(altera_nios2_gen2_irq.o)
 .debug_frame   0x0000000000000a3c       0x20 ../p6_partb_bsp//libhal_bsp.a(alt_icache_flush.o)
 .debug_frame   0x0000000000000a5c       0x20 ../p6_partb_bsp//newlib/nios2-elf/lib/libsmallc.a(lib_a-memcmp.o)
 .debug_frame   0x0000000000000a7c       0x20 ../p6_partb_bsp//newlib/nios2-elf/lib/libsmallc.a(lib_a-strcmp.o)

.debug_str      0x0000000000000000     0x2690
 *(.debug_str)
 .debug_str     0x0000000000000000      0x48d obj/default/hello_world_small.o
                                        0x517 (size before relaxing)
 .debug_str     0x000000000000048d      0x249 ../p6_partb_bsp//newlib/nios2-elf/lib/libm.a(lib_a-sf_cos.o)
                                        0x2f9 (size before relaxing)
 .debug_str     0x00000000000006d6       0x5a ../p6_partb_bsp//newlib/nios2-elf/lib/libm.a(lib_a-sf_sin.o)
                                        0x2f9 (size before relaxing)
 .debug_str     0x0000000000000730       0xab ../p6_partb_bsp//newlib/nios2-elf/lib/libm.a(lib_a-s_round.o)
                                        0x321 (size before relaxing)
 .debug_str     0x00000000000007db       0xf6 ../p6_partb_bsp//newlib/nios2-elf/lib/libm.a(lib_a-ef_rem_pio2.o)
                                        0x385 (size before relaxing)
 .debug_str     0x00000000000008d1       0x5a ../p6_partb_bsp//newlib/nios2-elf/lib/libm.a(lib_a-kf_cos.o)
                                        0x303 (size before relaxing)
 .debug_str     0x000000000000092b       0x97 ../p6_partb_bsp//newlib/nios2-elf/lib/libm.a(lib_a-kf_rem_pio2.o)
                                        0x323 (size before relaxing)
 .debug_str     0x00000000000009c2       0x5a ../p6_partb_bsp//newlib/nios2-elf/lib/libm.a(lib_a-kf_sin.o)
                                        0x2d7 (size before relaxing)
 .debug_str     0x0000000000000a1c       0x5b ../p6_partb_bsp//newlib/nios2-elf/lib/libm.a(lib_a-sf_fabs.o)
                                        0x2cc (size before relaxing)
 .debug_str     0x0000000000000a77       0x66 ../p6_partb_bsp//newlib/nios2-elf/lib/libm.a(lib_a-sf_floor.o)
                                        0x303 (size before relaxing)
 .debug_str     0x0000000000000add       0x76 ../p6_partb_bsp//newlib/nios2-elf/lib/libm.a(lib_a-sf_scalbn.o)
                                        0x328 (size before relaxing)
 .debug_str     0x0000000000000b53       0x61 ../p6_partb_bsp//newlib/nios2-elf/lib/libm.a(lib_a-sf_copysign.o)
                                        0x2fc (size before relaxing)
 .debug_str     0x0000000000000bb4      0x20a /usr/local/3rdparty/altera/18.1/nios2eds/bin/gnu/H-x86_64-pc-linux-gnu/bin/../lib/gcc/nios2-elf/5.3.0/libgcc.a(adddf3.o)
                                        0x290 (size before relaxing)
 .debug_str     0x0000000000000dbe      0x169 /usr/local/3rdparty/altera/18.1/nios2eds/bin/gnu/H-x86_64-pc-linux-gnu/bin/../lib/gcc/nios2-elf/5.3.0/libgcc.a(divdf3.o)
                                        0x348 (size before relaxing)
 .debug_str     0x0000000000000f27      0x15b /usr/local/3rdparty/altera/18.1/nios2eds/bin/gnu/H-x86_64-pc-linux-gnu/bin/../lib/gcc/nios2-elf/5.3.0/libgcc.a(muldf3.o)
                                        0x3a9 (size before relaxing)
 .debug_str     0x0000000000001082       0x71 /usr/local/3rdparty/altera/18.1/nios2eds/bin/gnu/H-x86_64-pc-linux-gnu/bin/../lib/gcc/nios2-elf/5.3.0/libgcc.a(floatsidf.o)
                                        0x229 (size before relaxing)
 .debug_str     0x00000000000010f3       0x7a /usr/local/3rdparty/altera/18.1/nios2eds/bin/gnu/H-x86_64-pc-linux-gnu/bin/../lib/gcc/nios2-elf/5.3.0/libgcc.a(extendsfdf2.o)
                                        0x236 (size before relaxing)
 .debug_str     0x000000000000116d       0x51 /usr/local/3rdparty/altera/18.1/nios2eds/bin/gnu/H-x86_64-pc-linux-gnu/bin/../lib/gcc/nios2-elf/5.3.0/libgcc.a(truncdfsf2.o)
                                        0x240 (size before relaxing)
 .debug_str     0x00000000000011be       0x63 /usr/local/3rdparty/altera/18.1/nios2eds/bin/gnu/H-x86_64-pc-linux-gnu/bin/../lib/gcc/nios2-elf/5.3.0/libgcc.a(_clzsi2.o)
                                        0x1e7 (size before relaxing)
 .debug_str     0x0000000000001221       0x7c /usr/local/3rdparty/altera/18.1/nios2eds/bin/gnu/H-x86_64-pc-linux-gnu/bin/../lib/gcc/nios2-elf/5.3.0/libgcc.a(lib2-divmod.o)
                                        0x1b9 (size before relaxing)
 .debug_str     0x000000000000129d      0x1ca /usr/local/3rdparty/altera/18.1/nios2eds/bin/gnu/H-x86_64-pc-linux-gnu/bin/../lib/gcc/nios2-elf/5.3.0/libgcc.a(_clz.o)
 .debug_str     0x000000000000129d      0x354 ../p6_partb_bsp//newlib/nios2-elf/lib/libsmallc.a(lib_a-printf.o)
                                        0x5e3 (size before relaxing)
 .debug_str     0x00000000000015f1       0x7d ../p6_partb_bsp//newlib/nios2-elf/lib/libsmallc.a(lib_a-puts.o)
                                        0x5ac (size before relaxing)
 .debug_str     0x000000000000166e       0x5c ../p6_partb_bsp//newlib/nios2-elf/lib/libsmallc.a(lib_a-strlen.o)
                                        0x2c3 (size before relaxing)
 .debug_str     0x00000000000016ca      0x365 ../p6_partb_bsp//newlib/nios2-elf/lib/libsmallc.a(lib_a-vfprintf.o)
                                        0x75e (size before relaxing)
 .debug_str     0x0000000000001a2f       0x82 ../p6_partb_bsp//newlib/nios2-elf/lib/libsmallc.a(lib_a-fvwrite_small_dev.o)
                                        0x5b3 (size before relaxing)
 .debug_str     0x0000000000001ab1       0x7a ../p6_partb_bsp//newlib/nios2-elf/lib/libsmallc.a(lib_a-impure.o)
                                        0x59d (size before relaxing)
 .debug_str     0x0000000000001b2b       0x64 ../p6_partb_bsp//newlib/nios2-elf/lib/libsmallc.a(lib_a-writer.o)
                                        0x597 (size before relaxing)
 .debug_str     0x0000000000001b8f       0x5e ../p6_partb_bsp//newlib/nios2-elf/lib/libsmallc.a(lib_a-int_errno.o)
                                        0x2b7 (size before relaxing)
 .debug_str     0x0000000000001bed      0x16b ../p6_partb_bsp//libhal_bsp.a(alt_load.o)
                                        0x377 (size before relaxing)
 .debug_str     0x0000000000001d58       0x5e ../p6_partb_bsp//libhal_bsp.a(alt_main.o)
                                        0x2f0 (size before relaxing)
 .debug_str     0x0000000000001db6       0x58 ../p6_partb_bsp//libhal_bsp.a(alt_putstr.o)
                                        0x2c6 (size before relaxing)
 .debug_str     0x0000000000001e0e       0x2c ../p6_partb_bsp//libhal_bsp.a(alt_write.o)
                                        0x314 (size before relaxing)
 .debug_str     0x0000000000001e3a      0x1ca ../p6_partb_bsp//libhal_bsp.a(alt_sys_init.o)
                                        0x5ca (size before relaxing)
 .debug_str     0x0000000000002004       0x2c ../p6_partb_bsp//libhal_bsp.a(altera_avalon_jtag_uart_write.o)
                                        0x350 (size before relaxing)
 .debug_str     0x0000000000002030       0xb2 ../p6_partb_bsp//libhal_bsp.a(altera_avalon_performance_counter.o)
                                        0x31e (size before relaxing)
 .debug_str     0x00000000000020e2       0xcb ../p6_partb_bsp//libhal_bsp.a(altera_up_avalon_video_character_buffer_with_dma.o)
                                        0x471 (size before relaxing)
 .debug_str     0x00000000000021ad      0x20d ../p6_partb_bsp//libhal_bsp.a(altera_up_avalon_video_pixel_buffer_dma.o)
                                        0x659 (size before relaxing)
 .debug_str     0x00000000000023ba       0x1f ../p6_partb_bsp//libhal_bsp.a(alt_dcache_flush_all.o)
                                        0x290 (size before relaxing)
 .debug_str     0x00000000000023d9      0x12c ../p6_partb_bsp//libhal_bsp.a(alt_dev.o)
                                        0x440 (size before relaxing)
 .debug_str     0x0000000000002505       0x36 ../p6_partb_bsp//libhal_bsp.a(alt_dev_llist_insert.o)
                                        0x307 (size before relaxing)
 .debug_str     0x000000000000253b       0x14 ../p6_partb_bsp//libhal_bsp.a(alt_errno.o)
                                        0x280 (size before relaxing)
 .debug_str     0x000000000000254f       0x1e ../p6_partb_bsp//libhal_bsp.a(alt_find_dev.o)
                                        0x335 (size before relaxing)
 .debug_str     0x000000000000256d       0x30 ../p6_partb_bsp//libhal_bsp.a(alt_icache_flush_all.o)
                                        0x2a1 (size before relaxing)
 .debug_str     0x000000000000259d       0x20 ../p6_partb_bsp//libhal_bsp.a(altera_nios2_gen2_irq.o)
                                        0x297 (size before relaxing)
 .debug_str     0x00000000000025bd       0x1b ../p6_partb_bsp//libhal_bsp.a(alt_icache_flush.o)
                                        0x296 (size before relaxing)
 .debug_str     0x00000000000025d8       0x5c ../p6_partb_bsp//newlib/nios2-elf/lib/libsmallc.a(lib_a-memcmp.o)
                                        0x2bd (size before relaxing)
 .debug_str     0x0000000000002634       0x5c ../p6_partb_bsp//newlib/nios2-elf/lib/libsmallc.a(lib_a-strcmp.o)
                                        0x2b6 (size before relaxing)

.debug_loc      0x0000000000000000     0x8eb6
 *(.debug_loc)
 .debug_loc     0x0000000000000000       0xca obj/default/hello_world_small.o
 .debug_loc     0x00000000000000ca       0x49 ../p6_partb_bsp//newlib/nios2-elf/lib/libm.a(lib_a-sf_cos.o)
 .debug_loc     0x0000000000000113       0x49 ../p6_partb_bsp//newlib/nios2-elf/lib/libm.a(lib_a-sf_sin.o)
 .debug_loc     0x000000000000015c      0x27f ../p6_partb_bsp//newlib/nios2-elf/lib/libm.a(lib_a-s_round.o)
 .debug_loc     0x00000000000003db      0x466 ../p6_partb_bsp//newlib/nios2-elf/lib/libm.a(lib_a-ef_rem_pio2.o)
 .debug_loc     0x0000000000000841      0x15c ../p6_partb_bsp//newlib/nios2-elf/lib/libm.a(lib_a-kf_cos.o)
 .debug_loc     0x000000000000099d      0x78a ../p6_partb_bsp//newlib/nios2-elf/lib/libm.a(lib_a-kf_rem_pio2.o)
 .debug_loc     0x0000000000001127       0xf1 ../p6_partb_bsp//newlib/nios2-elf/lib/libm.a(lib_a-kf_sin.o)
 .debug_loc     0x0000000000001218       0x28 ../p6_partb_bsp//newlib/nios2-elf/lib/libm.a(lib_a-sf_fabs.o)
 .debug_loc     0x0000000000001240      0x16f ../p6_partb_bsp//newlib/nios2-elf/lib/libm.a(lib_a-sf_floor.o)
 .debug_loc     0x00000000000013af      0x1ad ../p6_partb_bsp//newlib/nios2-elf/lib/libm.a(lib_a-sf_scalbn.o)
 .debug_loc     0x000000000000155c       0x66 ../p6_partb_bsp//newlib/nios2-elf/lib/libm.a(lib_a-sf_copysign.o)
 .debug_loc     0x00000000000015c2     0x16f9 /usr/local/3rdparty/altera/18.1/nios2eds/bin/gnu/H-x86_64-pc-linux-gnu/bin/../lib/gcc/nios2-elf/5.3.0/libgcc.a(adddf3.o)
 .debug_loc     0x0000000000002cbb     0x1fc6 /usr/local/3rdparty/altera/18.1/nios2eds/bin/gnu/H-x86_64-pc-linux-gnu/bin/../lib/gcc/nios2-elf/5.3.0/libgcc.a(divdf3.o)
 .debug_loc     0x0000000000004c81     0x100d /usr/local/3rdparty/altera/18.1/nios2eds/bin/gnu/H-x86_64-pc-linux-gnu/bin/../lib/gcc/nios2-elf/5.3.0/libgcc.a(muldf3.o)
 .debug_loc     0x0000000000005c8e      0x175 /usr/local/3rdparty/altera/18.1/nios2eds/bin/gnu/H-x86_64-pc-linux-gnu/bin/../lib/gcc/nios2-elf/5.3.0/libgcc.a(floatsidf.o)
 .debug_loc     0x0000000000005e03      0x26d /usr/local/3rdparty/altera/18.1/nios2eds/bin/gnu/H-x86_64-pc-linux-gnu/bin/../lib/gcc/nios2-elf/5.3.0/libgcc.a(extendsfdf2.o)
 .debug_loc     0x0000000000006070      0x359 /usr/local/3rdparty/altera/18.1/nios2eds/bin/gnu/H-x86_64-pc-linux-gnu/bin/../lib/gcc/nios2-elf/5.3.0/libgcc.a(truncdfsf2.o)
 .debug_loc     0x00000000000063c9       0x6b /usr/local/3rdparty/altera/18.1/nios2eds/bin/gnu/H-x86_64-pc-linux-gnu/bin/../lib/gcc/nios2-elf/5.3.0/libgcc.a(_clzsi2.o)
 .debug_loc     0x0000000000006434      0x4ce /usr/local/3rdparty/altera/18.1/nios2eds/bin/gnu/H-x86_64-pc-linux-gnu/bin/../lib/gcc/nios2-elf/5.3.0/libgcc.a(lib2-divmod.o)
 .debug_loc     0x0000000000006902       0xc6 ../p6_partb_bsp//newlib/nios2-elf/lib/libsmallc.a(lib_a-printf.o)
 .debug_loc     0x00000000000069c8       0x97 ../p6_partb_bsp//newlib/nios2-elf/lib/libsmallc.a(lib_a-puts.o)
 .debug_loc     0x0000000000006a5f       0x1e ../p6_partb_bsp//newlib/nios2-elf/lib/libsmallc.a(lib_a-strlen.o)
 .debug_loc     0x0000000000006a7d      0x901 ../p6_partb_bsp//newlib/nios2-elf/lib/libsmallc.a(lib_a-vfprintf.o)
 .debug_loc     0x000000000000737e      0x110 ../p6_partb_bsp//newlib/nios2-elf/lib/libsmallc.a(lib_a-fvwrite_small_dev.o)
 .debug_loc     0x000000000000748e       0xa5 ../p6_partb_bsp//newlib/nios2-elf/lib/libsmallc.a(lib_a-writer.o)
 .debug_loc     0x0000000000007533       0x37 ../p6_partb_bsp//libhal_bsp.a(alt_putstr.o)
 .debug_loc     0x000000000000756a       0xcf ../p6_partb_bsp//libhal_bsp.a(alt_write.o)
 .debug_loc     0x0000000000007639       0x77 ../p6_partb_bsp//libhal_bsp.a(alt_sys_init.o)
 .debug_loc     0x00000000000076b0       0x8b ../p6_partb_bsp//libhal_bsp.a(altera_avalon_jtag_uart_write.o)
 .debug_loc     0x000000000000773b       0xde ../p6_partb_bsp//libhal_bsp.a(altera_avalon_performance_counter.o)
 .debug_loc     0x0000000000007819      0x1e7 ../p6_partb_bsp//libhal_bsp.a(altera_up_avalon_video_character_buffer_with_dma.o)
 .debug_loc     0x0000000000007a00     0x1279 ../p6_partb_bsp//libhal_bsp.a(altera_up_avalon_video_pixel_buffer_dma.o)
 .debug_loc     0x0000000000008c79       0x1f ../p6_partb_bsp//libhal_bsp.a(alt_dcache_flush_all.o)
 .debug_loc     0x0000000000008c98       0x7e ../p6_partb_bsp//libhal_bsp.a(alt_dev_llist_insert.o)
 .debug_loc     0x0000000000008d16       0x7e ../p6_partb_bsp//libhal_bsp.a(alt_find_dev.o)
 .debug_loc     0x0000000000008d94       0x52 ../p6_partb_bsp//libhal_bsp.a(alt_icache_flush.o)
 .debug_loc     0x0000000000008de6       0x94 ../p6_partb_bsp//newlib/nios2-elf/lib/libsmallc.a(lib_a-memcmp.o)
 .debug_loc     0x0000000000008e7a       0x3c ../p6_partb_bsp//newlib/nios2-elf/lib/libsmallc.a(lib_a-strcmp.o)

.debug_macinfo
 *(.debug_macinfo)

.debug_weaknames
 *(.debug_weaknames)

.debug_funcnames
 *(.debug_funcnames)

.debug_typenames
 *(.debug_typenames)

.debug_varnames
 *(.debug_varnames)

.debug_alt_sim_info
                0x0000000000000000       0x30
 *(.debug_alt_sim_info)
 .debug_alt_sim_info
                0x0000000000000000       0x30 ../p6_partb_bsp//obj/HAL/src/crt0.o
                0x0000000018000000                __alt_data_end = 0x18000000
                0x0000000018000000                PROVIDE (__alt_stack_pointer, __alt_data_end)
                [!provide]                        PROVIDE (__alt_stack_limit, __alt_stack_base)
                [!provide]                        PROVIDE (__alt_heap_start, end)
                [!provide]                        PROVIDE (__alt_heap_limit, 0x18000000)
OUTPUT(p6_partb.elf elf32-littlenios2)

.debug_ranges   0x0000000000000000      0xa08
 .debug_ranges  0x0000000000000000       0x20 ../p6_partb_bsp//obj/HAL/src/crt0.o
 .debug_ranges  0x0000000000000020       0x70 obj/default/hello_world_small.o
 .debug_ranges  0x0000000000000090       0x10 ../p6_partb_bsp//newlib/nios2-elf/lib/libm.a(lib_a-sf_cos.o)
 .debug_ranges  0x00000000000000a0       0x10 ../p6_partb_bsp//newlib/nios2-elf/lib/libm.a(lib_a-sf_sin.o)
 .debug_ranges  0x00000000000000b0       0x28 ../p6_partb_bsp//newlib/nios2-elf/lib/libm.a(lib_a-s_round.o)
 .debug_ranges  0x00000000000000d8       0x10 ../p6_partb_bsp//newlib/nios2-elf/lib/libm.a(lib_a-ef_rem_pio2.o)
 .debug_ranges  0x00000000000000e8       0x10 ../p6_partb_bsp//newlib/nios2-elf/lib/libm.a(lib_a-kf_cos.o)
 .debug_ranges  0x00000000000000f8       0x10 ../p6_partb_bsp//newlib/nios2-elf/lib/libm.a(lib_a-kf_rem_pio2.o)
 .debug_ranges  0x0000000000000108       0x10 ../p6_partb_bsp//newlib/nios2-elf/lib/libm.a(lib_a-kf_sin.o)
 .debug_ranges  0x0000000000000118       0x10 ../p6_partb_bsp//newlib/nios2-elf/lib/libm.a(lib_a-sf_fabs.o)
 .debug_ranges  0x0000000000000128       0x10 ../p6_partb_bsp//newlib/nios2-elf/lib/libm.a(lib_a-sf_floor.o)
 .debug_ranges  0x0000000000000138       0x10 ../p6_partb_bsp//newlib/nios2-elf/lib/libm.a(lib_a-sf_scalbn.o)
 .debug_ranges  0x0000000000000148       0x10 ../p6_partb_bsp//newlib/nios2-elf/lib/libm.a(lib_a-sf_copysign.o)
 .debug_ranges  0x0000000000000158      0x240 /usr/local/3rdparty/altera/18.1/nios2eds/bin/gnu/H-x86_64-pc-linux-gnu/bin/../lib/gcc/nios2-elf/5.3.0/libgcc.a(adddf3.o)
 .debug_ranges  0x0000000000000398      0x138 /usr/local/3rdparty/altera/18.1/nios2eds/bin/gnu/H-x86_64-pc-linux-gnu/bin/../lib/gcc/nios2-elf/5.3.0/libgcc.a(divdf3.o)
 .debug_ranges  0x00000000000004d0      0x1f0 /usr/local/3rdparty/altera/18.1/nios2eds/bin/gnu/H-x86_64-pc-linux-gnu/bin/../lib/gcc/nios2-elf/5.3.0/libgcc.a(muldf3.o)
 .debug_ranges  0x00000000000006c0       0x20 /usr/local/3rdparty/altera/18.1/nios2eds/bin/gnu/H-x86_64-pc-linux-gnu/bin/../lib/gcc/nios2-elf/5.3.0/libgcc.a(floatsidf.o)
 .debug_ranges  0x00000000000006e0       0x48 /usr/local/3rdparty/altera/18.1/nios2eds/bin/gnu/H-x86_64-pc-linux-gnu/bin/../lib/gcc/nios2-elf/5.3.0/libgcc.a(extendsfdf2.o)
 .debug_ranges  0x0000000000000728       0x38 /usr/local/3rdparty/altera/18.1/nios2eds/bin/gnu/H-x86_64-pc-linux-gnu/bin/../lib/gcc/nios2-elf/5.3.0/libgcc.a(truncdfsf2.o)
 .debug_ranges  0x0000000000000760       0x18 /usr/local/3rdparty/altera/18.1/nios2eds/bin/gnu/H-x86_64-pc-linux-gnu/bin/../lib/gcc/nios2-elf/5.3.0/libgcc.a(_clzsi2.o)
 .debug_ranges  0x0000000000000778       0x60 /usr/local/3rdparty/altera/18.1/nios2eds/bin/gnu/H-x86_64-pc-linux-gnu/bin/../lib/gcc/nios2-elf/5.3.0/libgcc.a(lib2-divmod.o)
 .debug_ranges  0x00000000000007d8       0x18 ../p6_partb_bsp//newlib/nios2-elf/lib/libsmallc.a(lib_a-printf.o)
 .debug_ranges  0x00000000000007f0       0x18 ../p6_partb_bsp//newlib/nios2-elf/lib/libsmallc.a(lib_a-puts.o)
 .debug_ranges  0x0000000000000808       0x10 ../p6_partb_bsp//newlib/nios2-elf/lib/libsmallc.a(lib_a-strlen.o)
 .debug_ranges  0x0000000000000818       0xc8 ../p6_partb_bsp//newlib/nios2-elf/lib/libsmallc.a(lib_a-vfprintf.o)
 .debug_ranges  0x00000000000008e0       0x28 ../p6_partb_bsp//newlib/nios2-elf/lib/libsmallc.a(lib_a-fvwrite_small_dev.o)
 .debug_ranges  0x0000000000000908       0x10 ../p6_partb_bsp//newlib/nios2-elf/lib/libsmallc.a(lib_a-writer.o)
 .debug_ranges  0x0000000000000918       0x48 ../p6_partb_bsp//libhal_bsp.a(alt_load.o)
 .debug_ranges  0x0000000000000960       0x20 ../p6_partb_bsp//libhal_bsp.a(alt_write.o)
 .debug_ranges  0x0000000000000980       0x38 ../p6_partb_bsp//libhal_bsp.a(alt_sys_init.o)
 .debug_ranges  0x00000000000009b8       0x20 ../p6_partb_bsp//libhal_bsp.a(alt_dev_llist_insert.o)
 .debug_ranges  0x00000000000009d8       0x10 ../p6_partb_bsp//libhal_bsp.a(alt_icache_flush.o)
 .debug_ranges  0x00000000000009e8       0x10 ../p6_partb_bsp//newlib/nios2-elf/lib/libsmallc.a(lib_a-memcmp.o)
 .debug_ranges  0x00000000000009f8       0x10 ../p6_partb_bsp//newlib/nios2-elf/lib/libsmallc.a(lib_a-strcmp.o)
