Archive member included to satisfy reference by file (symbol)

/usr/local/3rdparty/altera/18.1/nios2eds/bin/gnu/H-x86_64-pc-linux-gnu/bin/../lib/gcc/nios2-elf/5.3.0/libgcc.a(_fixunssfsi.o)
                              obj/default/hello_world.o (__fixunssfsi)
/usr/local/3rdparty/altera/18.1/nios2eds/bin/gnu/H-x86_64-pc-linux-gnu/bin/../lib/gcc/nios2-elf/5.3.0/libgcc.a(gesf2.o)
                              /usr/local/3rdparty/altera/18.1/nios2eds/bin/gnu/H-x86_64-pc-linux-gnu/bin/../lib/gcc/nios2-elf/5.3.0/libgcc.a(_fixunssfsi.o) (__gesf2)
/usr/local/3rdparty/altera/18.1/nios2eds/bin/gnu/H-x86_64-pc-linux-gnu/bin/../lib/gcc/nios2-elf/5.3.0/libgcc.a(lesf2.o)
                              obj/default/hello_world.o (__ltsf2)
/usr/local/3rdparty/altera/18.1/nios2eds/bin/gnu/H-x86_64-pc-linux-gnu/bin/../lib/gcc/nios2-elf/5.3.0/libgcc.a(mulsf3.o)
                              obj/default/hello_world.o (__mulsf3)
/usr/local/3rdparty/altera/18.1/nios2eds/bin/gnu/H-x86_64-pc-linux-gnu/bin/../lib/gcc/nios2-elf/5.3.0/libgcc.a(subsf3.o)
                              /usr/local/3rdparty/altera/18.1/nios2eds/bin/gnu/H-x86_64-pc-linux-gnu/bin/../lib/gcc/nios2-elf/5.3.0/libgcc.a(_fixunssfsi.o) (__subsf3)
/usr/local/3rdparty/altera/18.1/nios2eds/bin/gnu/H-x86_64-pc-linux-gnu/bin/../lib/gcc/nios2-elf/5.3.0/libgcc.a(fixsfsi.o)
                              /usr/local/3rdparty/altera/18.1/nios2eds/bin/gnu/H-x86_64-pc-linux-gnu/bin/../lib/gcc/nios2-elf/5.3.0/libgcc.a(_fixunssfsi.o) (__fixsfsi)
/usr/local/3rdparty/altera/18.1/nios2eds/bin/gnu/H-x86_64-pc-linux-gnu/bin/../lib/gcc/nios2-elf/5.3.0/libgcc.a(floatsisf.o)
                              obj/default/hello_world.o (__floatsisf)
/usr/local/3rdparty/altera/18.1/nios2eds/bin/gnu/H-x86_64-pc-linux-gnu/bin/../lib/gcc/nios2-elf/5.3.0/libgcc.a(_clzsi2.o)
                              /usr/local/3rdparty/altera/18.1/nios2eds/bin/gnu/H-x86_64-pc-linux-gnu/bin/../lib/gcc/nios2-elf/5.3.0/libgcc.a(mulsf3.o) (__clzsi2)
/usr/local/3rdparty/altera/18.1/nios2eds/bin/gnu/H-x86_64-pc-linux-gnu/bin/../lib/gcc/nios2-elf/5.3.0/libgcc.a(_clz.o)
                              /usr/local/3rdparty/altera/18.1/nios2eds/bin/gnu/H-x86_64-pc-linux-gnu/bin/../lib/gcc/nios2-elf/5.3.0/libgcc.a(_clzsi2.o) (__clz_tab)
../p4_fix6_bsp//libhal_bsp.a(alt_load.o)
                              ../p4_fix6_bsp//obj/HAL/src/crt0.o (alt_load)
../p4_fix6_bsp//libhal_bsp.a(alt_main.o)
                              ../p4_fix6_bsp//obj/HAL/src/crt0.o (alt_main)
../p4_fix6_bsp//libhal_bsp.a(alt_putstr.o)
                              obj/default/hello_world.o (alt_putstr)
../p4_fix6_bsp//libhal_bsp.a(alt_sys_init.o)
                              ../p4_fix6_bsp//libhal_bsp.a(alt_main.o) (alt_irq_init)
../p4_fix6_bsp//libhal_bsp.a(altera_avalon_jtag_uart_fd.o)
                              ../p4_fix6_bsp//libhal_bsp.a(alt_sys_init.o) (altera_avalon_jtag_uart_read_fd)
../p4_fix6_bsp//libhal_bsp.a(altera_avalon_jtag_uart_init.o)
                              ../p4_fix6_bsp//libhal_bsp.a(alt_sys_init.o) (altera_avalon_jtag_uart_init)
../p4_fix6_bsp//libhal_bsp.a(altera_avalon_jtag_uart_ioctl.o)
                              ../p4_fix6_bsp//libhal_bsp.a(altera_avalon_jtag_uart_fd.o) (altera_avalon_jtag_uart_ioctl)
../p4_fix6_bsp//libhal_bsp.a(altera_avalon_jtag_uart_read.o)
                              ../p4_fix6_bsp//libhal_bsp.a(altera_avalon_jtag_uart_fd.o) (altera_avalon_jtag_uart_read)
../p4_fix6_bsp//libhal_bsp.a(altera_avalon_jtag_uart_write.o)
                              ../p4_fix6_bsp//libhal_bsp.a(altera_avalon_jtag_uart_fd.o) (altera_avalon_jtag_uart_write)
../p4_fix6_bsp//libhal_bsp.a(altera_up_avalon_video_character_buffer_with_dma.o)
                              ../p4_fix6_bsp//libhal_bsp.a(alt_sys_init.o) (alt_up_char_buffer_init)
../p4_fix6_bsp//libhal_bsp.a(altera_up_avalon_video_pixel_buffer_dma.o)
                              obj/default/hello_world.o (alt_up_pixel_buffer_dma_open_dev)
../p4_fix6_bsp//libhal_bsp.a(alt_alarm_start.o)
                              ../p4_fix6_bsp//libhal_bsp.a(altera_avalon_jtag_uart_init.o) (alt_alarm_start)
../p4_fix6_bsp//libhal_bsp.a(alt_close.o)
                              ../p4_fix6_bsp//libhal_bsp.a(alt_main.o) (close)
../p4_fix6_bsp//libhal_bsp.a(alt_dcache_flush_all.o)
                              ../p4_fix6_bsp//libhal_bsp.a(alt_load.o) (alt_dcache_flush_all)
../p4_fix6_bsp//libhal_bsp.a(alt_dev.o)
                              ../p4_fix6_bsp//libhal_bsp.a(alt_sys_init.o) (alt_dev_list)
../p4_fix6_bsp//libhal_bsp.a(alt_dev_llist_insert.o)
                              ../p4_fix6_bsp//libhal_bsp.a(alt_sys_init.o) (alt_dev_llist_insert)
../p4_fix6_bsp//libhal_bsp.a(alt_do_ctors.o)
                              ../p4_fix6_bsp//libhal_bsp.a(alt_main.o) (_do_ctors)
../p4_fix6_bsp//libhal_bsp.a(alt_do_dtors.o)
                              ../p4_fix6_bsp//libhal_bsp.a(alt_main.o) (_do_dtors)
../p4_fix6_bsp//libhal_bsp.a(alt_errno.o)
[...]
Memory Configuration

Name             Origin             Length             Attributes
reset            0x0000000010000000 0x0000000000000020
sdram_controller 0x0000000010000020 0x0000000007ffffe0
*default*        0x0000000000000000 0xffffffffffffffff

Linker script and memory map

LOAD ../p4_fix6_bsp//obj/HAL/src/crt0.o
LOAD obj/default/hello_world.o
LOAD obj/default/myfile.o
LOAD /usr/local/3rdparty/altera/18.1/nios2eds/bin/gnu/H-x86_64-pc-linux-gnu/bin/../lib/gcc/nios2-elf/5.3.0/../../../../../H-x86_64-pc-linux-gnu/nios2-elf/lib/libstdc++.a
LOAD /usr/local/3rdparty/altera/18.1/nios2eds/bin/gnu/H-x86_64-pc-linux-gnu/bin/../lib/gcc/nios2-elf/5.3.0/../../../../../H-x86_64-pc-linux-gnu/nios2-elf/lib/libm.a
LOAD /usr/local/3rdparty/altera/18.1/nios2eds/bin/gnu/H-x86_64-pc-linux-gnu/bin/../lib/gcc/nios2-elf/5.3.0/libgcc.a
START GROUP
LOAD /usr/local/3rdparty/altera/18.1/nios2eds/bin/gnu/H-x86_64-pc-linux-gnu/bin/../lib/gcc/nios2-elf/5.3.0/../../../../../H-x86_64-pc-linux-gnu/nios2-elf/lib/libc.a
LOAD /usr/local/3rdparty/altera/18.1/nios2eds/bin/gnu/H-x86_64-pc-linux-gnu/bin/../lib/gcc/nios2-elf/5.3.0/libgcc.a
LOAD ../p4_fix6_bsp//libhal_bsp.a
LOAD /usr/local/3rdparty/altera/18.1/nios2eds/bin/gnu/H-x86_64-pc-linux-gnu/bin/../lib/gcc/nios2-elf/5.3.0/../../../../../H-x86_64-pc-linux-gnu/nios2-elf/lib/libm.a
END GROUP
LOAD /usr/local/3rdparty/altera/18.1/nios2eds/bin/gnu/H-x86_64-pc-linux-gnu/bin/../lib/gcc/nios2-elf/5.3.0/libgcc.a
                0x0000000010000000                __alt_mem_sdram_controller = 0x10000000

.entry          0x0000000010000000       0x20
 *(.entry)
 .entry         0x0000000010000000       0x20 ../p4_fix6_bsp//obj/HAL/src/crt0.o
                0x0000000010000000                __reset

.exceptions     0x0000000010000020      0x224
                0x0000000010000020                PROVIDE (__ram_exceptions_start, ABSOLUTE (.))
                0x0000000010000020                . = ALIGN (0x20)
 *(.irq)
 *(.exceptions.entry.label)
 .exceptions.entry.label
                0x0000000010000020        0x0 ../p4_fix6_bsp//libhal_bsp.a(alt_irq_entry.o)
                0x0000000010000020                alt_irq_entry
 .exceptions.entry.label
                0x0000000010000020        0x0 ../p4_fix6_bsp//libhal_bsp.a(alt_exception_entry.o)
                0x0000000010000020                alt_exception
 *(.exceptions.entry.user)
 *(.exceptions.entry.ecc_fatal)
 *(.exceptions.entry)
 .exceptions.entry
                0x0000000010000020       0x54 ../p4_fix6_bsp//libhal_bsp.a(alt_exception_entry.o)
 *(.exceptions.irqtest.user)
 *(.exceptions.irqtest)
 .exceptions.irqtest
                0x0000000010000074       0x10 ../p4_fix6_bsp//libhal_bsp.a(alt_irq_entry.o)
 *(.exceptions.irqhandler.user)
 *(.exceptions.irqhandler)
 .exceptions.irqhandler
                0x0000000010000084        0x4 ../p4_fix6_bsp//libhal_bsp.a(alt_irq_entry.o)
 *(.exceptions.irqreturn.user)
 *(.exceptions.irqreturn)
 .exceptions.irqreturn
                0x0000000010000088        0x4 ../p4_fix6_bsp//libhal_bsp.a(alt_irq_entry.o)
 *(.exceptions.notirq.label)
 .exceptions.notirq.label
                0x000000001000008c        0x0 ../p4_fix6_bsp//libhal_bsp.a(alt_irq_entry.o)
 *(.exceptions.notirq.user)
 *(.exceptions.notirq)
 .exceptions.notirq
                0x000000001000008c        0x8 ../p4_fix6_bsp//libhal_bsp.a(alt_exception_entry.o)
 *(.exceptions.soft.user)
 *(.exceptions.soft)
 *(.exceptions.unknown.user)
 *(.exceptions.unknown)
 .exceptions.unknown
                0x0000000010000094       0x14 ../p4_fix6_bsp//libhal_bsp.a(alt_exception_entry.o)
 *(.exceptions.exit.label)
 .exceptions.exit.label
                0x00000000100000a8        0x0 ../p4_fix6_bsp//libhal_bsp.a(alt_irq_entry.o)
 .exceptions.exit.label
                0x00000000100000a8        0x0 ../p4_fix6_bsp//libhal_bsp.a(alt_exception_entry.o)
 *(.exceptions.exit.user)
 *(.exceptions.exit)
 .exceptions.exit
                0x00000000100000a8       0x54 ../p4_fix6_bsp//libhal_bsp.a(alt_exception_entry.o)
 *(.exceptions)
 .exceptions    0x00000000100000fc       0xd4 ../p4_fix6_bsp//libhal_bsp.a(alt_irq_handler.o)
                0x00000000100000fc                alt_irq_handler
 .exceptions    0x00000000100001d0       0x74 ../p4_fix6_bsp//libhal_bsp.a(alt_instruction_exception_entry.o)
                0x00000000100001d0                alt_instruction_exception_entry
                0x0000000010000244                PROVIDE (__ram_exceptions_end, ABSOLUTE (.))
                0x0000000010000020                PROVIDE (__flash_exceptions_start, LOADADDR (.exceptions))

.text           0x0000000010000244     0x7ca8
                [!provide]                        PROVIDE (stext, ABSOLUTE (.))
 *(.interp)
 *(.hash)
 *(.dynsym)
 *(.dynstr)
 *(.gnu.version)
 *(.gnu.version_d)
 *(.gnu.version_r)
 *(.rel.init)
 *(.rela.init)
 *(.rel.text .rel.text.* .rel.gnu.linkonce.t.*)
 *(.rela.text .rela.text.* .rela.gnu.linkonce.t.*)
 *(.rel.fini)
 *(.rela.fini)
 *(.rel.rodata .rel.rodata.* .rel.gnu.linkonce.r.*)
 *(.rela.rodata .rela.rodata.* .rela.gnu.linkonce.r.*)
 *(.rel.data .rel.data.* .rel.gnu.linkonce.d.*)
 *(.rela.data .rela.data.* .rela.gnu.linkonce.d.*)
 *(.rel.tdata .rel.tdata.* .rel.gnu.linkonce.td.*)
 *(.rela.tdata .rela.tdata.* .rela.gnu.linkonce.td.*)
 *(.rel.tbss .rel.tbss.* .rel.gnu.linkonce.tb.*)
 *(.rela.tbss .rela.tbss.* .rela.gnu.linkonce.tb.*)
 *(.rel.ctors)
 *(.rela.ctors)
 *(.rel.dtors)
 *(.rela.dtors)
 *(.rel.got)
 *(.rela.got)
 *(.rel.sdata .rel.sdata.* .rel.gnu.linkonce.s.*)
 *(.rela.sdata .rela.sdata.* .rela.gnu.linkonce.s.*)
 *(.rel.sbss .rel.sbss.* .rel.gnu.linkonce.sb.*)
 *(.rela.sbss .rela.sbss.* .rela.gnu.linkonce.sb.*)
 *(.rel.sdata2 .rel.sdata2.* .rel.gnu.linkonce.s2.*)
 *(.rela.sdata2 .rela.sdata2.* .rela.gnu.linkonce.s2.*)
 *(.rel.sbss2 .rel.sbss2.* .rel.gnu.linkonce.sb2.*)
 *(.rela.sbss2 .rela.sbss2.* .rela.gnu.linkonce.sb2.*)
 *(.rel.bss .rel.bss.* .rel.gnu.linkonce.b.*)
 *(.rela.bss .rela.bss.* .rela.gnu.linkonce.b.*)
 *(.rel.plt)
 *(.rela.plt)
 *(.rel.dyn)
 *(.init)
 *(.plt)
 *(.text .stub .text.* .gnu.linkonce.t.*)
 .text          0x0000000010000244       0x4c ../p4_fix6_bsp//obj/HAL/src/crt0.o
                0x0000000010000244                _start
 .text          0x0000000010000290      0x538 obj/default/hello_world.o
                0x0000000010000290                clearScreen
                0x00000000100002d4                main
 .text          0x00000000100007c8        0x0 obj/default/myfile.o
 .text          0x00000000100007c8       0x60 /usr/local/3rdparty/altera/18.1/nios2eds/bin/gnu/H-x86_64-pc-linux-gnu/bin/../lib/gcc/nios2-elf/5.3.0/libgcc.a(_fixunssfsi.o)
                0x00000000100007c8                __fixunssfsi
 .text          0x0000000010000828       0xbc /usr/local/3rdparty/altera/18.1/nios2eds/bin/gnu/H-x86_64-pc-linux-gnu/bin/../lib/gcc/nios2-elf/5.3.0/libgcc.a(gesf2.o)
                0x0000000010000828                __gtsf2
                0x0000000010000828                __gesf2
 .text          0x00000000100008e4       0xc8 /usr/local/3rdparty/altera/18.1/nios2eds/bin/gnu/H-x86_64-pc-linux-gnu/bin/../lib/gcc/nios2-elf/5.3.0/libgcc.a(lesf2.o)
                0x00000000100008e4                __lesf2
                0x00000000100008e4                __ltsf2
 .text          0x00000000100009ac      0x3fc /usr/local/3rdparty/altera/18.1/nios2eds/bin/gnu/H-x86_64-pc-linux-gnu/bin/../lib/gcc/nios2-elf/5.3.0/libgcc.a(mulsf3.o)
                0x00000000100009ac                __mulsf3
 .text          0x0000000010000da8      0x4e4 /usr/local/3rdparty/altera/18.1/nios2eds/bin/gnu/H-x86_64-pc-linux-gnu/bin/../lib/gcc/nios2-elf/5.3.0/libgcc.a(subsf3.o)
                0x0000000010000da8                __subsf3
 .text          0x000000001000128c       0x70 /usr/local/3rdparty/altera/18.1/nios2eds/bin/gnu/H-x86_64-pc-linux-gnu/bin/../lib/gcc/nios2-elf/5.3.0/libgcc.a(fixsfsi.o)
                0x000000001000128c                __fixsfsi
 .text          0x00000000100012fc      0x124 /usr/local/3rdparty/altera/18.1/nios2eds/bin/gnu/H-x86_64-pc-linux-gnu/bin/../lib/gcc/nios2-elf/5.3.0/libgcc.a(floatsisf.o)
                0x00000000100012fc                __floatsisf
 .text          0x0000000010001420       0x64 /usr/local/3rdparty/altera/18.1/nios2eds/bin/gnu/H-x86_64-pc-linux-gnu/bin/../lib/gcc/nios2-elf/5.3.0/libgcc.a(_clzsi2.o)
                0x0000000010001420                __clzsi2
 .text          0x0000000010001484        0x0 /usr/local/3rdparty/altera/18.1/nios2eds/bin/gnu/H-x86_64-pc-linux-gnu/bin/../lib/gcc/nios2-elf/5.3.0/libgcc.a(_clz.o)
 .text          0x0000000010001484       0xec ../p4_fix6_bsp//libhal_bsp.a(alt_load.o)
                0x00000000100014ec                alt_load
 .text          0x0000000010001570       0x7c ../p4_fix6_bsp//libhal_bsp.a(alt_main.o)
                0x0000000010001570                alt_main
 .text          0x00000000100015ec       0x3c ../p4_fix6_bsp//libhal_bsp.a(alt_putstr.o)
                0x00000000100015ec                alt_putstr
 .text          0x0000000010001628      0x428 ../p4_fix6_bsp//libhal_bsp.a(alt_sys_init.o)
                0x000000001000165c                alt_irq_init
                0x0000000010001694                alt_sys_init
 .text          0x0000000010001a50      0x164 ../p4_fix6_bsp//libhal_bsp.a(altera_avalon_jtag_uart_fd.o)
                0x0000000010001a50                altera_avalon_jtag_uart_read_fd
                0x0000000010001ab0                altera_avalon_jtag_uart_write_fd
                0x0000000010001b10                altera_avalon_jtag_uart_close_fd
                0x0000000010001b60                altera_avalon_jtag_uart_ioctl_fd
 .text          0x0000000010001bb4      0x3d4 ../p4_fix6_bsp//libhal_bsp.a(altera_avalon_jtag_uart_init.o)
                0x0000000010001bb4                altera_avalon_jtag_uart_init
                0x0000000010001f20                altera_avalon_jtag_uart_close
 .text          0x0000000010001f88       0xf0 ../p4_fix6_bsp//libhal_bsp.a(altera_avalon_jtag_uart_ioctl.o)
                0x0000000010001f88                altera_avalon_jtag_uart_ioctl
 .text          0x0000000010002078      0x21c ../p4_fix6_bsp//libhal_bsp.a(altera_avalon_jtag_uart_read.o)
                0x0000000010002078                altera_avalon_jtag_uart_read
 .text          0x0000000010002294      0x224 ../p4_fix6_bsp//libhal_bsp.a(altera_avalon_jtag_uart_write.o)
                0x0000000010002294                altera_avalon_jtag_uart_write
 .text          0x00000000100024b8      0x2e0 ../p4_fix6_bsp//libhal_bsp.a(altera_up_avalon_video_character_buffer_with_dma.o)
                0x00000000100024b8                alt_up_char_buffer_init
                0x0000000010002538                alt_up_char_buffer_open_dev
                0x0000000010002574                alt_up_char_buffer_draw
                0x0000000010002640                alt_up_char_buffer_string
                0x000000001000273c                alt_up_char_buffer_clear
 .text          0x0000000010002798      0xeb4 ../p4_fix6_bsp//libhal_bsp.a(altera_up_avalon_video_pixel_buffer_dma.o)
                0x0000000010002798                alt_up_pixel_buffer_dma_open_dev
                0x00000000100027d4                alt_up_pixel_buffer_dma_draw
                0x0000000010002968                alt_up_pixel_buffer_dma_change_back_buffer_address
                0x00000000100029c4                alt_up_pixel_buffer_dma_swap_buffers
                0x0000000010002a24                alt_up_pixel_buffer_dma_check_swap_buffers_status
                0x0000000010002a58                alt_up_pixel_buffer_dma_clear_screen
                0x0000000010002b80                alt_up_pixel_buffer_dma_draw_box
                0x0000000010002e5c                alt_up_pixel_buffer_dma_draw_hline
                0x000000001000306c                alt_up_pixel_buffer_dma_draw_vline
                0x00000000100032b8                alt_up_pixel_buffer_dma_draw_rectangle
                0x0000000010003380                helper_plot_pixel
                0x0000000010003404                alt_up_pixel_buffer_dma_draw_line
 .text          0x000000001000364c      0x12c ../p4_fix6_bsp//libhal_bsp.a(alt_alarm_start.o)
                0x000000001000364c                alt_alarm_start
 .text          0x0000000010003778      0x10c ../p4_fix6_bsp//libhal_bsp.a(alt_close.o)
                0x00000000100037b4                close
 .text          0x0000000010003884       0x48 ../p4_fix6_bsp//libhal_bsp.a(alt_dcache_flush_all.o)
                0x0000000010003884                alt_dcache_flush_all
 .text          0x00000000100038cc       0x2c ../p4_fix6_bsp//libhal_bsp.a(alt_dev.o)
 .text          0x00000000100038f8       0xe0 ../p4_fix6_bsp//libhal_bsp.a(alt_dev_llist_insert.o)
                0x0000000010003934                alt_dev_llist_insert
 .text          0x00000000100039d8       0x60 ../p4_fix6_bsp//libhal_bsp.a(alt_do_ctors.o)
                0x00000000100039d8                _do_ctors
 .text          0x0000000010003a38       0x60 ../p4_fix6_bsp//libhal_bsp.a(alt_do_dtors.o)
                0x0000000010003a38                _do_dtors
 .text          0x0000000010003a98        0x0 ../p4_fix6_bsp//libhal_bsp.a(alt_errno.o)
 .text          0x0000000010003a98       0x90 ../p4_fix6_bsp//libhal_bsp.a(alt_find_dev.o)
                0x0000000010003a98                alt_find_dev
 .text          0x0000000010003b28       0x34 ../p4_fix6_bsp//libhal_bsp.a(alt_icache_flush_all.o)
                0x0000000010003b28                alt_icache_flush_all
 .text          0x0000000010003b5c      0x1b0 ../p4_fix6_bsp//libhal_bsp.a(alt_iic.o)
                0x0000000010003b5c                alt_ic_isr_register
                0x0000000010003bac                alt_ic_irq_enable
                0x0000000010003c34                alt_ic_irq_disable
                0x0000000010003cc0                alt_ic_irq_enabled
 .text          0x0000000010003d0c       0xf0 ../p4_fix6_bsp//libhal_bsp.a(alt_iic_isr_register.o)
                0x0000000010003d0c                alt_iic_isr_register
 .text          0x0000000010003dfc      0x140 ../p4_fix6_bsp//libhal_bsp.a(alt_io_redirect.o)
                0x0000000010003ec0                alt_io_redirect
 .text          0x0000000010003f3c        0x0 ../p4_fix6_bsp//libhal_bsp.a(alt_irq_entry.o)
 .text          0x0000000010003f3c        0x0 ../p4_fix6_bsp//libhal_bsp.a(alt_irq_handler.o)
 .text          0x0000000010003f3c        0x0 ../p4_fix6_bsp//libhal_bsp.a(alt_irq_vars.o)
 .text          0x0000000010003f3c      0x254 ../p4_fix6_bsp//libhal_bsp.a(alt_open.o)
                0x000000001000403c                open
 .text          0x0000000010004190       0x64 ../p4_fix6_bsp//libhal_bsp.a(alt_release_fd.o)
                0x0000000010004190                alt_release_fd
 .text          0x00000000100041f4      0x1a4 ../p4_fix6_bsp//libhal_bsp.a(alt_tick.o)
                0x00000000100041f4                alt_alarm_stop
                0x0000000010004290                alt_tick
 .text          0x0000000010004398       0x24 ../p4_fix6_bsp//libhal_bsp.a(altera_nios2_gen2_irq.o)
                0x0000000010004398                altera_nios2_gen2_irq_init
 .text          0x00000000100043bc        0x0 ../p4_fix6_bsp//libhal_bsp.a(alt_exception_entry.o)
 .text          0x00000000100043bc      0x108 ../p4_fix6_bsp//libhal_bsp.a(alt_find_file.o)
                0x00000000100043bc                alt_find_file
 .text          0x00000000100044c4       0xa4 ../p4_fix6_bsp//libhal_bsp.a(alt_get_fd.o)
                0x00000000100044c4                alt_get_fd
 .text          0x0000000010004568       0x90 ../p4_fix6_bsp//libhal_bsp.a(alt_icache_flush.o)
                0x0000000010004568                alt_icache_flush
 .text          0x00000000100045f8       0x9c ../p4_fix6_bsp//libhal_bsp.a(alt_instruction_exception_entry.o)
                0x00000000100045f8                alt_exception_cause_generated_bad_addr
 .text          0x0000000010004694        0x0 /usr/local/3rdparty/altera/18.1/nios2eds/bin/gnu/H-x86_64-pc-linux-gnu/bin/../lib/gcc/nios2-elf/5.3.0/../../../../../H-x86_64-pc-linux-gnu/nios2-elf/lib/libc.a(lib_a-atexit.o)
 .text.atexit   0x0000000010004694       0x14 /usr/local/3rdparty/altera/18.1/nios2eds/bin/gnu/H-x86_64-pc-linux-gnu/bin/../lib/gcc/nios2-elf/5.3.0/../../../../../H-x86_64-pc-linux-gnu/nios2-elf/lib/libc.a(lib_a-atexit.o)
                0x0000000010004694                atexit
 .text          0x00000000100046a8        0x0 /usr/local/3rdparty/altera/18.1/nios2eds/bin/gnu/H-x86_64-pc-linux-gnu/bin/../lib/gcc/nios2-elf/5.3.0/../../../../../H-x86_64-pc-linux-gnu/nios2-elf/lib/libc.a(lib_a-exit.o)
 .text.exit     0x00000000100046a8       0x38 /usr/local/3rdparty/altera/18.1/nios2eds/bin/gnu/H-x86_64-pc-linux-gnu/bin/../lib/gcc/nios2-elf/5.3.0/../../../../../H-x86_64-pc-linux-gnu/nios2-elf/lib/libc.a(lib_a-exit.o)
                0x00000000100046a8                exit
 .text          0x00000000100046e0        0x0 /usr/local/3rdparty/altera/18.1/nios2eds/bin/gnu/H-x86_64-pc-linux-gnu/bin/../lib/gcc/nios2-elf/5.3.0/../../../../../H-x86_64-pc-linux-gnu/nios2-elf/lib/libc.a(lib_a-fputs.o)
 .text._fputs_r
                0x00000000100046e0       0x9c /usr/local/3rdparty/altera/18.1/nios2eds/bin/gnu/H-x86_64-pc-linux-gnu/bin/../lib/gcc/nios2-elf/5.3.0/../../../../../H-x86_64-pc-linux-gnu/nios2-elf/lib/libc.a(lib_a-fputs.o)
                0x00000000100046e0                _fputs_r
 .text.fputs    0x000000001000477c       0x18 /usr/local/3rdparty/altera/18.1/nios2eds/bin/gnu/H-x86_64-pc-linux-gnu/bin/../lib/gcc/nios2-elf/5.3.0/../../../../../H-x86_64-pc-linux-gnu/nios2-elf/lib/libc.a(lib_a-fputs.o)
                0x000000001000477c                fputs
 .text          0x0000000010004794        0x0 /usr/local/3rdparty/altera/18.1/nios2eds/bin/gnu/H-x86_64-pc-linux-gnu/bin/../lib/gcc/nios2-elf/5.3.0/../../../../../H-x86_64-pc-linux-gnu/nios2-elf/lib/libc.a(lib_a-fvwrite.o)
 .text.__sfvwrite_r
                0x0000000010004794      0x4bc /usr/local/3rdparty/altera/18.1/nios2eds/bin/gnu/H-x86_64-pc-linux-gnu/bin/../lib/gcc/nios2-elf/5.3.0/../../../../../H-x86_64-pc-linux-gnu/nios2-elf/lib/libc.a(lib_a-fvwrite.o)
                0x0000000010004794                __sfvwrite_r
 .text          0x0000000010004c50        0x0 /usr/local/3rdparty/altera/18.1/nios2eds/bin/gnu/H-x86_64-pc-linux-gnu/bin/../lib/gcc/nios2-elf/5.3.0/../../../../../H-x86_64-pc-linux-gnu/nios2-elf/lib/libc.a(lib_a-impure.o)
 .text          0x0000000010004c50        0x0 /usr/local/3rdparty/altera/18.1/nios2eds/bin/gnu/H-x86_64-pc-linux-gnu/bin/../lib/gcc/nios2-elf/5.3.0/../../../../../H-x86_64-pc-linux-gnu/nios2-elf/lib/libc.a(lib_a-int_errno.o)
 .text          0x0000000010004c50        0x0 /usr/local/3rdparty/altera/18.1/nios2eds/bin/gnu/H-x86_64-pc-linux-gnu/bin/../lib/gcc/nios2-elf/5.3.0/../../../../../H-x86_64-pc-linux-gnu/nios2-elf/lib/libc.a(lib_a-mallocr.o)
 .text._malloc_r
                0x0000000010004c50      0x80c /usr/local/3rdparty/altera/18.1/nios2eds/bin/gnu/H-x86_64-pc-linux-gnu/bin/../lib/gcc/nios2-elf/5.3.0/../../../../../H-x86_64-pc-linux-gnu/nios2-elf/lib/libc.a(lib_a-mallocr.o)
                0x0000000010004c50                _malloc_r
 .text          0x000000001000545c        0x0 /usr/local/3rdparty/altera/18.1/nios2eds/bin/gnu/H-x86_64-pc-linux-gnu/bin/../lib/gcc/nios2-elf/5.3.0/../../../../../H-x86_64-pc-linux-gnu/nios2-elf/lib/libc.a(lib_a-memchr.o)
 .text.memchr   0x000000001000545c       0xe4 /usr/local/3rdparty/altera/18.1/nios2eds/bin/gnu/H-x86_64-pc-linux-gnu/bin/../lib/gcc/nios2-elf/5.3.0/../../../../../H-x86_64-pc-linux-gnu/nios2-elf/lib/libc.a(lib_a-memchr.o)
                0x000000001000545c                memchr
 .text          0x0000000010005540        0x0 /usr/local/3rdparty/altera/18.1/nios2eds/bin/gnu/H-x86_64-pc-linux-gnu/bin/../lib/gcc/nios2-elf/5.3.0/../../../../../H-x86_64-pc-linux-gnu/nios2-elf/lib/libc.a(lib_a-memcmp.o)
 .text.memcmp   0x0000000010005540       0x7c /usr/local/3rdparty/altera/18.1/nios2eds/bin/gnu/H-x86_64-pc-linux-gnu/bin/../lib/gcc/nios2-elf/5.3.0/../../../../../H-x86_64-pc-linux-gnu/nios2-elf/lib/libc.a(lib_a-memcmp.o)
                0x0000000010005540                memcmp
 .text          0x00000000100055bc        0x0 /usr/local/3rdparty/altera/18.1/nios2eds/bin/gnu/H-x86_64-pc-linux-gnu/bin/../lib/gcc/nios2-elf/5.3.0/../../../../../H-x86_64-pc-linux-gnu/nios2-elf/lib/libc.a(lib_a-memcpy.o)
 .text.memcpy   0x00000000100055bc      0x148 /usr/local/3rdparty/altera/18.1/nios2eds/bin/gnu/H-x86_64-pc-linux-gnu/bin/../lib/gcc/nios2-elf/5.3.0/../../../../../H-x86_64-pc-linux-gnu/nios2-elf/lib/libc.a(lib_a-memcpy.o)
                0x00000000100055bc                memcpy
 .text          0x0000000010005704        0x0 /usr/local/3rdparty/altera/18.1/nios2eds/bin/gnu/H-x86_64-pc-linux-gnu/bin/../lib/gcc/nios2-elf/5.3.0/../../../../../H-x86_64-pc-linux-gnu/nios2-elf/lib/libc.a(lib_a-memmove.o)
 .text.memmove  0x0000000010005704      0x15c /usr/local/3rdparty/altera/18.1/nios2eds/bin/gnu/H-x86_64-pc-linux-gnu/bin/../lib/gcc/nios2-elf/5.3.0/../../../../../H-x86_64-pc-linux-gnu/nios2-elf/lib/libc.a(lib_a-memmove.o)
                0x0000000010005704                memmove
 .text          0x0000000010005860        0x0 /usr/local/3rdparty/altera/18.1/nios2eds/bin/gnu/H-x86_64-pc-linux-gnu/bin/../lib/gcc/nios2-elf/5.3.0/../../../../../H-x86_64-pc-linux-gnu/nios2-elf/lib/libc.a(lib_a-reallocr.o)
 .text._realloc_r
                0x0000000010005860      0x564 /usr/local/3rdparty/altera/18.1/nios2eds/bin/gnu/H-x86_64-pc-linux-gnu/bin/../lib/gcc/nios2-elf/5.3.0/../../../../../H-x86_64-pc-linux-gnu/nios2-elf/lib/libc.a(lib_a-reallocr.o)
                0x0000000010005860                _realloc_r
 .text          0x0000000010005dc4        0x0 /usr/local/3rdparty/altera/18.1/nios2eds/bin/gnu/H-x86_64-pc-linux-gnu/bin/../lib/gcc/nios2-elf/5.3.0/../../../../../H-x86_64-pc-linux-gnu/nios2-elf/lib/libc.a(lib_a-sbrkr.o)
 .text._sbrk_r  0x0000000010005dc4       0x54 /usr/local/3rdparty/altera/18.1/nios2eds/bin/gnu/H-x86_64-pc-linux-gnu/bin/../lib/gcc/nios2-elf/5.3.0/../../../../../H-x86_64-pc-linux-gnu/nios2-elf/lib/libc.a(lib_a-sbrkr.o)
                0x0000000010005dc4                _sbrk_r
 .text          0x0000000010005e18        0x0 /usr/local/3rdparty/altera/18.1/nios2eds/bin/gnu/H-x86_64-pc-linux-gnu/bin/../lib/gcc/nios2-elf/5.3.0/../../../../../H-x86_64-pc-linux-gnu/nios2-elf/lib/libc.a(lib_a-strcmp.o)
 .text.strcmp   0x0000000010005e18       0xdc /usr/local/3rdparty/altera/18.1/nios2eds/bin/gnu/H-x86_64-pc-linux-gnu/bin/../lib/gcc/nios2-elf/5.3.0/../../../../../H-x86_64-pc-linux-gnu/nios2-elf/lib/libc.a(lib_a-strcmp.o)
                0x0000000010005e18                strcmp
 .text          0x0000000010005ef4        0x0 /usr/local/3rdparty/altera/18.1/nios2eds/bin/gnu/H-x86_64-pc-linux-gnu/bin/../lib/gcc/nios2-elf/5.3.0/../../../../../H-x86_64-pc-linux-gnu/nios2-elf/lib/libc.a(lib_a-strlen.o)
 .text.strlen   0x0000000010005ef4       0x98 /usr/local/3rdparty/altera/18.1/nios2eds/bin/gnu/H-x86_64-pc-linux-gnu/bin/../lib/gcc/nios2-elf/5.3.0/../../../../../H-x86_64-pc-linux-gnu/nios2-elf/lib/libc.a(lib_a-strlen.o)
                0x0000000010005ef4                strlen
 .text          0x0000000010005f8c        0x0 /usr/local/3rdparty/altera/18.1/nios2eds/bin/gnu/H-x86_64-pc-linux-gnu/bin/../lib/gcc/nios2-elf/5.3.0/../../../../../H-x86_64-pc-linux-gnu/nios2-elf/lib/libc.a(lib_a-wsetup.o)
 .text.__swsetup_r
                0x0000000010005f8c      0x154 /usr/local/3rdparty/altera/18.1/nios2eds/bin/gnu/H-x86_64-pc-linux-gnu/bin/../lib/gcc/nios2-elf/5.3.0/../../../../../H-x86_64-pc-linux-gnu/nios2-elf/lib/libc.a(lib_a-wsetup.o)
                0x0000000010005f8c                __swsetup_r
 .text          0x00000000100060e0        0x0 /usr/local/3rdparty/altera/18.1/nios2eds/bin/gnu/H-x86_64-pc-linux-gnu/bin/../lib/gcc/nios2-elf/5.3.0/../../../../../H-x86_64-pc-linux-gnu/nios2-elf/lib/libc.a(lib_a-__atexit.o)
 .text.__register_exitproc
                0x00000000100060e0      0x118 /usr/local/3rdparty/altera/18.1/nios2eds/bin/gnu/H-x86_64-pc-linux-gnu/bin/../lib/gcc/nios2-elf/5.3.0/../../../../../H-x86_64-pc-linux-gnu/nios2-elf/lib/libc.a(lib_a-__atexit.o)
                0x00000000100060e0                __register_exitproc
 .text          0x00000000100061f8        0x0 /usr/local/3rdparty/altera/18.1/nios2eds/bin/gnu/H-x86_64-pc-linux-gnu/bin/../lib/gcc/nios2-elf/5.3.0/../../../../../H-x86_64-pc-linux-gnu/nios2-elf/lib/libc.a(lib_a-__call_atexit.o)
 .text.__call_exitprocs
                0x00000000100061f8      0x180 /usr/local/3rdparty/altera/18.1/nios2eds/bin/gnu/H-x86_64-pc-linux-gnu/bin/../lib/gcc/nios2-elf/5.3.0/../../../../../H-x86_64-pc-linux-gnu/nios2-elf/lib/libc.a(lib_a-__call_atexit.o)
                0x00000000100061f8                __call_exitprocs
 .text          0x0000000010006378        0x0 /usr/local/3rdparty/altera/18.1/nios2eds/bin/gnu/H-x86_64-pc-linux-gnu/bin/../lib/gcc/nios2-elf/5.3.0/../../../../../H-x86_64-pc-linux-gnu/nios2-elf/lib/libc.a(lib_a-fflush.o)
 .text.__sflush_r
                0x0000000010006378      0x21c /usr/local/3rdparty/altera/18.1/nios2eds/bin/gnu/H-x86_64-pc-linux-gnu/bin/../lib/gcc/nios2-elf/5.3.0/../../../../../H-x86_64-pc-linux-gnu/nios2-elf/lib/libc.a(lib_a-fflush.o)
                0x0000000010006378                __sflush_r
 .text._fflush_r
                0x0000000010006594       0x5c /usr/local/3rdparty/altera/18.1/nios2eds/bin/gnu/H-x86_64-pc-linux-gnu/bin/../lib/gcc/nios2-elf/5.3.0/../../../../../H-x86_64-pc-linux-gnu/nios2-elf/lib/libc.a(lib_a-fflush.o)
                0x0000000010006594                _fflush_r
 .text.fflush   0x00000000100065f0       0x30 /usr/local/3rdparty/altera/18.1/nios2eds/bin/gnu/H-x86_64-pc-linux-gnu/bin/../lib/gcc/nios2-elf/5.3.0/../../../../../H-x86_64-pc-linux-gnu/nios2-elf/lib/libc.a(lib_a-fflush.o)
                0x00000000100065f0                fflush
 .text          0x0000000010006620        0x0 /usr/local/3rdparty/altera/18.1/nios2eds/bin/gnu/H-x86_64-pc-linux-gnu/bin/../lib/gcc/nios2-elf/5.3.0/../../../../../H-x86_64-pc-linux-gnu/nios2-elf/lib/libc.a(lib_a-findfp.o)
 .text.__fp_unlock
                0x0000000010006620        0x8 /usr/local/3rdparty/altera/18.1/nios2eds/bin/gnu/H-x86_64-pc-linux-gnu/bin/../lib/gcc/nios2-elf/5.3.0/../../../../../H-x86_64-pc-linux-gnu/nios2-elf/lib/libc.a(lib_a-findfp.o)
 .text._cleanup_r
                0x0000000010006628        0xc /usr/local/3rdparty/altera/18.1/nios2eds/bin/gnu/H-x86_64-pc-linux-gnu/bin/../lib/gcc/nios2-elf/5.3.0/../../../../../H-x86_64-pc-linux-gnu/nios2-elf/lib/libc.a(lib_a-findfp.o)
                0x0000000010006628                _cleanup_r
 .text.__sinit.part.1
                0x0000000010006634      0x19c /usr/local/3rdparty/altera/18.1/nios2eds/bin/gnu/H-x86_64-pc-linux-gnu/bin/../lib/gcc/nios2-elf/5.3.0/../../../../../H-x86_64-pc-linux-gnu/nios2-elf/lib/libc.a(lib_a-findfp.o)
 .text.__fp_lock
                0x00000000100067d0        0x8 /usr/local/3rdparty/altera/18.1/nios2eds/bin/gnu/H-x86_64-pc-linux-gnu/bin/../lib/gcc/nios2-elf/5.3.0/../../../../../H-x86_64-pc-linux-gnu/nios2-elf/lib/libc.a(lib_a-findfp.o)
 .text.__sfmoreglue
                0x00000000100067d8       0x68 /usr/local/3rdparty/altera/18.1/nios2eds/bin/gnu/H-x86_64-pc-linux-gnu/bin/../lib/gcc/nios2-elf/5.3.0/../../../../../H-x86_64-pc-linux-gnu/nios2-elf/lib/libc.a(lib_a-findfp.o)
                0x00000000100067d8                __sfmoreglue
 .text.__sfp    0x0000000010006840      0x118 /usr/local/3rdparty/altera/18.1/nios2eds/bin/gnu/H-x86_64-pc-linux-gnu/bin/../lib/gcc/nios2-elf/5.3.0/../../../../../H-x86_64-pc-linux-gnu/nios2-elf/lib/libc.a(lib_a-findfp.o)
                0x0000000010006840                __sfp
 .text._cleanup
                0x0000000010006958       0x18 /usr/local/3rdparty/altera/18.1/nios2eds/bin/gnu/H-x86_64-pc-linux-gnu/bin/../lib/gcc/nios2-elf/5.3.0/../../../../../H-x86_64-pc-linux-gnu/nios2-elf/lib/libc.a(lib_a-findfp.o)
                0x0000000010006958                _cleanup
 .text.__sinit  0x0000000010006970       0x10 /usr/local/3rdparty/altera/18.1/nios2eds/bin/gnu/H-x86_64-pc-linux-gnu/bin/../lib/gcc/nios2-elf/5.3.0/../../../../../H-x86_64-pc-linux-gnu/nios2-elf/lib/libc.a(lib_a-findfp.o)
                0x0000000010006970                __sinit
 .text.__sfp_lock_acquire
                0x0000000010006980        0x4 /usr/local/3rdparty/altera/18.1/nios2eds/bin/gnu/H-x86_64-pc-linux-gnu/bin/../lib/gcc/nios2-elf/5.3.0/../../../../../H-x86_64-pc-linux-gnu/nios2-elf/lib/libc.a(lib_a-findfp.o)
                0x0000000010006980                __sfp_lock_acquire
 .text.__sfp_lock_release
                0x0000000010006984        0x4 /usr/local/3rdparty/altera/18.1/nios2eds/bin/gnu/H-x86_64-pc-linux-gnu/bin/../lib/gcc/nios2-elf/5.3.0/../../../../../H-x86_64-pc-linux-gnu/nios2-elf/lib/libc.a(lib_a-findfp.o)
                0x0000000010006984                __sfp_lock_release
 .text.__sinit_lock_acquire
                0x0000000010006988        0x4 /usr/local/3rdparty/altera/18.1/nios2eds/bin/gnu/H-x86_64-pc-linux-gnu/bin/../lib/gcc/nios2-elf/5.3.0/../../../../../H-x86_64-pc-linux-gnu/nios2-elf/lib/libc.a(lib_a-findfp.o)
                0x0000000010006988                __sinit_lock_acquire
 .text.__sinit_lock_release
                0x000000001000698c        0x4 /usr/local/3rdparty/altera/18.1/nios2eds/bin/gnu/H-x86_64-pc-linux-gnu/bin/../lib/gcc/nios2-elf/5.3.0/../../../../../H-x86_64-pc-linux-gnu/nios2-elf/lib/libc.a(lib_a-findfp.o)
                0x000000001000698c                __sinit_lock_release
 .text.__fp_lock_all
                0x0000000010006990       0x18 /usr/local/3rdparty/altera/18.1/nios2eds/bin/gnu/H-x86_64-pc-linux-gnu/bin/../lib/gcc/nios2-elf/5.3.0/../../../../../H-x86_64-pc-linux-gnu/nios2-elf/lib/libc.a(lib_a-findfp.o)
                0x0000000010006990                __fp_lock_all
 .text.__fp_unlock_all
                0x00000000100069a8       0x18 /usr/local/3rdparty/altera/18.1/nios2eds/bin/gnu/H-x86_64-pc-linux-gnu/bin/../lib/gcc/nios2-elf/5.3.0/../../../../../H-x86_64-pc-linux-gnu/nios2-elf/lib/libc.a(lib_a-findfp.o)
                0x00000000100069a8                __fp_unlock_all
 .text          0x00000000100069c0        0x0 /usr/local/3rdparty/altera/18.1/nios2eds/bin/gnu/H-x86_64-pc-linux-gnu/bin/../lib/gcc/nios2-elf/5.3.0/../../../../../H-x86_64-pc-linux-gnu/nios2-elf/lib/libc.a(lib_a-freer.o)
 .text._malloc_trim_r
                0x00000000100069c0      0x124 /usr/local/3rdparty/altera/18.1/nios2eds/bin/gnu/H-x86_64-pc-linux-gnu/bin/../lib/gcc/nios2-elf/5.3.0/../../../../../H-x86_64-pc-linux-gnu/nios2-elf/lib/libc.a(lib_a-freer.o)
                0x00000000100069c0                _malloc_trim_r
 .text._free_r  0x0000000010006ae4      0x310 /usr/local/3rdparty/altera/18.1/nios2eds/bin/gnu/H-x86_64-pc-linux-gnu/bin/../lib/gcc/nios2-elf/5.3.0/../../../../../H-x86_64-pc-linux-gnu/nios2-elf/lib/libc.a(lib_a-freer.o)
                0x0000000010006ae4                _free_r
 .text          0x0000000010006df4        0x0 /usr/local/3rdparty/altera/18.1/nios2eds/bin/gnu/H-x86_64-pc-linux-gnu/bin/../lib/gcc/nios2-elf/5.3.0/../../../../../H-x86_64-pc-linux-gnu/nios2-elf/lib/libc.a(lib_a-fwalk.o)
 .text._fwalk   0x0000000010006df4       0xc4 /usr/local/3rdparty/altera/18.1/nios2eds/bin/gnu/H-x86_64-pc-linux-gnu/bin/../lib/gcc/nios2-elf/5.3.0/../../../../../H-x86_64-pc-linux-gnu/nios2-elf/lib/libc.a(lib_a-fwalk.o)
                0x0000000010006df4                _fwalk
 .text._fwalk_reent
                0x0000000010006eb8       0xc4 /usr/local/3rdparty/altera/18.1/nios2eds/bin/gnu/H-x86_64-pc-linux-gnu/bin/../lib/gcc/nios2-elf/5.3.0/../../../../../H-x86_64-pc-linux-gnu/nios2-elf/lib/libc.a(lib_a-fwalk.o)
                0x0000000010006eb8                _fwalk_reent
 .text          0x0000000010006f7c        0x0 /usr/local/3rdparty/altera/18.1/nios2eds/bin/gnu/H-x86_64-pc-linux-gnu/bin/../lib/gcc/nios2-elf/5.3.0/../../../../../H-x86_64-pc-linux-gnu/nios2-elf/lib/libc.a(lib_a-makebuf.o)
 .text.__smakebuf_r
                0x0000000010006f7c      0x1bc /usr/local/3rdparty/altera/18.1/nios2eds/bin/gnu/H-x86_64-pc-linux-gnu/bin/../lib/gcc/nios2-elf/5.3.0/../../../../../H-x86_64-pc-linux-gnu/nios2-elf/lib/libc.a(lib_a-makebuf.o)
                0x0000000010006f7c                __smakebuf_r
 .text          0x0000000010007138        0x0 /usr/local/3rdparty/altera/18.1/nios2eds/bin/gnu/H-x86_64-pc-linux-gnu/bin/../lib/gcc/nios2-elf/5.3.0/../../../../../H-x86_64-pc-linux-gnu/nios2-elf/lib/libc.a(lib_a-memset.o)
 .text.memset   0x0000000010007138      0x128 /usr/local/3rdparty/altera/18.1/nios2eds/bin/gnu/H-x86_64-pc-linux-gnu/bin/../lib/gcc/nios2-elf/5.3.0/../../../../../H-x86_64-pc-linux-gnu/nios2-elf/lib/libc.a(lib_a-memset.o)
                0x0000000010007138                memset
 .text          0x0000000010007260        0x0 /usr/local/3rdparty/altera/18.1/nios2eds/bin/gnu/H-x86_64-pc-linux-gnu/bin/../lib/gcc/nios2-elf/5.3.0/../../../../../H-x86_64-pc-linux-gnu/nios2-elf/lib/libc.a(lib_a-stdio.o)
 .text.__sread  0x0000000010007260       0x54 /usr/local/3rdparty/altera/18.1/nios2eds/bin/gnu/H-x86_64-pc-linux-gnu/bin/../lib/gcc/nios2-elf/5.3.0/../../../../../H-x86_64-pc-linux-gnu/nios2-elf/lib/libc.a(lib_a-stdio.o)
                0x0000000010007260                __sread
 .text.__seofread
                0x00000000100072b4        0x8 /usr/local/3rdparty/altera/18.1/nios2eds/bin/gnu/H-x86_64-pc-linux-gnu/bin/../lib/gcc/nios2-elf/5.3.0/../../../../../H-x86_64-pc-linux-gnu/nios2-elf/lib/libc.a(lib_a-stdio.o)
                0x00000000100072b4                __seofread
 .text.__swrite
                0x00000000100072bc       0x7c /usr/local/3rdparty/altera/18.1/nios2eds/bin/gnu/H-x86_64-pc-linux-gnu/bin/../lib/gcc/nios2-elf/5.3.0/../../../../../H-x86_64-pc-linux-gnu/nios2-elf/lib/libc.a(lib_a-stdio.o)
                0x00000000100072bc                __swrite
 .text.__sseek  0x0000000010007338       0x5c /usr/local/3rdparty/altera/18.1/nios2eds/bin/gnu/H-x86_64-pc-linux-gnu/bin/../lib/gcc/nios2-elf/5.3.0/../../../../../H-x86_64-pc-linux-gnu/nios2-elf/lib/libc.a(lib_a-stdio.o)
                0x0000000010007338                __sseek
 .text.__sclose
                0x0000000010007394        0x8 /usr/local/3rdparty/altera/18.1/nios2eds/bin/gnu/H-x86_64-pc-linux-gnu/bin/../lib/gcc/nios2-elf/5.3.0/../../../../../H-x86_64-pc-linux-gnu/nios2-elf/lib/libc.a(lib_a-stdio.o)
                0x0000000010007394                __sclose
 .text          0x000000001000739c        0x0 /usr/local/3rdparty/altera/18.1/nios2eds/bin/gnu/H-x86_64-pc-linux-gnu/bin/../lib/gcc/nios2-elf/5.3.0/../../../../../H-x86_64-pc-linux-gnu/nios2-elf/lib/libc.a(lib_a-writer.o)
 .text._write_r
                0x000000001000739c       0x60 /usr/local/3rdparty/altera/18.1/nios2eds/bin/gnu/H-x86_64-pc-linux-gnu/bin/../lib/gcc/nios2-elf/5.3.0/../../../../../H-x86_64-pc-linux-gnu/nios2-elf/lib/libc.a(lib_a-writer.o)
                0x000000001000739c                _write_r
 .text          0x00000000100073fc        0x0 /usr/local/3rdparty/altera/18.1/nios2eds/bin/gnu/H-x86_64-pc-linux-gnu/bin/../lib/gcc/nios2-elf/5.3.0/../../../../../H-x86_64-pc-linux-gnu/nios2-elf/lib/libc.a(closer.o)
 .text._close_r
                0x00000000100073fc       0x54 /usr/local/3rdparty/altera/18.1/nios2eds/bin/gnu/H-x86_64-pc-linux-gnu/bin/../lib/gcc/nios2-elf/5.3.0/../../../../../H-x86_64-pc-linux-gnu/nios2-elf/lib/libc.a(closer.o)
                0x00000000100073fc                _close_r
 .text          0x0000000010007450        0x0 /usr/local/3rdparty/altera/18.1/nios2eds/bin/gnu/H-x86_64-pc-linux-gnu/bin/../lib/gcc/nios2-elf/5.3.0/../../../../../H-x86_64-pc-linux-gnu/nios2-elf/lib/libc.a(lib_a-fclose.o)
 .text._fclose_r
                0x0000000010007450       0xf0 /usr/local/3rdparty/altera/18.1/nios2eds/bin/gnu/H-x86_64-pc-linux-gnu/bin/../lib/gcc/nios2-elf/5.3.0/../../../../../H-x86_64-pc-linux-gnu/nios2-elf/lib/libc.a(lib_a-fclose.o)
                0x0000000010007450                _fclose_r
 .text.fclose   0x0000000010007540       0x14 /usr/local/3rdparty/altera/18.1/nios2eds/bin/gnu/H-x86_64-pc-linux-gnu/bin/../lib/gcc/nios2-elf/5.3.0/../../../../../H-x86_64-pc-linux-gnu/nios2-elf/lib/libc.a(lib_a-fclose.o)
                0x0000000010007540                fclose
 .text          0x0000000010007554        0x0 /usr/local/3rdparty/altera/18.1/nios2eds/bin/gnu/H-x86_64-pc-linux-gnu/bin/../lib/gcc/nios2-elf/5.3.0/../../../../../H-x86_64-pc-linux-gnu/nios2-elf/lib/libc.a(lib_a-fstatr.o)
 .text._fstat_r
                0x0000000010007554       0x5c /usr/local/3rdparty/altera/18.1/nios2eds/bin/gnu/H-x86_64-pc-linux-gnu/bin/../lib/gcc/nios2-elf/5.3.0/../../../../../H-x86_64-pc-linux-gnu/nios2-elf/lib/libc.a(lib_a-fstatr.o)
                0x0000000010007554                _fstat_r
 .text          0x00000000100075b0        0x0 /usr/local/3rdparty/altera/18.1/nios2eds/bin/gnu/H-x86_64-pc-linux-gnu/bin/../lib/gcc/nios2-elf/5.3.0/../../../../../H-x86_64-pc-linux-gnu/nios2-elf/lib/libc.a(lib_a-isattyr.o)
 .text._isatty_r
                0x00000000100075b0       0x54 /usr/local/3rdparty/altera/18.1/nios2eds/bin/gnu/H-x86_64-pc-linux-gnu/bin/../lib/gcc/nios2-elf/5.3.0/../../../../../H-x86_64-pc-linux-gnu/nios2-elf/lib/libc.a(lib_a-isattyr.o)
                0x00000000100075b0                _isatty_r
 .text          0x0000000010007604        0x0 /usr/local/3rdparty/altera/18.1/nios2eds/bin/gnu/H-x86_64-pc-linux-gnu/bin/../lib/gcc/nios2-elf/5.3.0/../../../../../H-x86_64-pc-linux-gnu/nios2-elf/lib/libc.a(lib_a-lseekr.o)
 .text._lseek_r
                0x0000000010007604       0x60 /usr/local/3rdparty/altera/18.1/nios2eds/bin/gnu/H-x86_64-pc-linux-gnu/bin/../lib/gcc/nios2-elf/5.3.0/../../../../../H-x86_64-pc-linux-gnu/nios2-elf/lib/libc.a(lib_a-lseekr.o)
                0x0000000010007604                _lseek_r
 .text          0x0000000010007664        0x0 /usr/local/3rdparty/altera/18.1/nios2eds/bin/gnu/H-x86_64-pc-linux-gnu/bin/../lib/gcc/nios2-elf/5.3.0/../../../../../H-x86_64-pc-linux-gnu/nios2-elf/lib/libc.a(lib_a-readr.o)
 .text._read_r  0x0000000010007664       0x60 /usr/local/3rdparty/altera/18.1/nios2eds/bin/gnu/H-x86_64-pc-linux-gnu/bin/../lib/gcc/nios2-elf/5.3.0/../../../../../H-x86_64-pc-linux-gnu/nios2-elf/lib/libc.a(lib_a-readr.o)
                0x0000000010007664                _read_r
 .text          0x00000000100076c4      0x1b4 /usr/local/3rdparty/altera/18.1/nios2eds/bin/gnu/H-x86_64-pc-linux-gnu/bin/../lib/gcc/nios2-elf/5.3.0/libgcc.a(lib2-divmod.o)
                0x00000000100076c4                __divsi3
                0x0000000010007748                __modsi3
                0x00000000100077bc                __udivsi3
                0x0000000010007820                __umodsi3
 .text          0x0000000010007878       0x34 ../p4_fix6_bsp//libhal_bsp.a(alt_exit.o)
                0x0000000010007878                _exit
 .text          0x00000000100078ac       0xec ../p4_fix6_bsp//libhal_bsp.a(alt_fstat.o)
                0x00000000100078e8                fstat
 .text          0x0000000010007998       0xe0 ../p4_fix6_bsp//libhal_bsp.a(alt_isatty.o)
                0x00000000100079d4                isatty
 .text          0x0000000010007a78      0x110 ../p4_fix6_bsp//libhal_bsp.a(alt_lseek.o)
                0x0000000010007ab4                lseek
 .text          0x0000000010007b88       0x48 ../p4_fix6_bsp//libhal_bsp.a(alt_malloc_lock.o)
                0x0000000010007b88                __malloc_lock
                0x0000000010007bac                __malloc_unlock
 .text          0x0000000010007bd0      0x138 ../p4_fix6_bsp//libhal_bsp.a(alt_read.o)
                0x0000000010007c0c                read
 .text          0x0000000010007d08       0xb0 ../p4_fix6_bsp//libhal_bsp.a(alt_sbrk.o)
                0x0000000010007d08                sbrk
 .text          0x0000000010007db8      0x134 ../p4_fix6_bsp//libhal_bsp.a(alt_write.o)
                0x0000000010007df4                write
 *(.gnu.warning.*)
 *(.fini)
                [!provide]                        PROVIDE (__etext, ABSOLUTE (.))
                [!provide]                        PROVIDE (_etext, ABSOLUTE (.))
                [!provide]                        PROVIDE (etext, ABSOLUTE (.))
 *(.eh_frame_hdr)
                0x0000000010007eec                . = ALIGN (0x4)
                [!provide]                        PROVIDE (__preinit_array_start, ABSOLUTE (.))
 *(.preinit_array)
                [!provide]                        PROVIDE (__preinit_array_end, ABSOLUTE (.))
                [!provide]                        PROVIDE (__init_array_start, ABSOLUTE (.))
 *(.init_array)
                [!provide]                        PROVIDE (__init_array_end, ABSOLUTE (.))
                [!provide]                        PROVIDE (__fini_array_start, ABSOLUTE (.))
 *(.fini_array)
                [!provide]                        PROVIDE (__fini_array_end, ABSOLUTE (.))
 *(.eh_frame)
 *(.gcc_except_table .gcc_except_table.*)
 *(.dynamic)
                0x0000000010007eec                PROVIDE (__CTOR_LIST__, ABSOLUTE (.))
 *(.ctors)
 *(SORT(.ctors.*))
                0x0000000010007eec                PROVIDE (__CTOR_END__, ABSOLUTE (.))
                0x0000000010007eec                PROVIDE (__DTOR_LIST__, ABSOLUTE (.))
 *(.dtors)
 *(SORT(.dtors.*))
                0x0000000010007eec                PROVIDE (__DTOR_END__, ABSOLUTE (.))
 *(.jcr)
                0x0000000010007eec                . = ALIGN (0x4)

.rodata         0x0000000010007eec   0x384250
                0x0000000010007eec                PROVIDE (__ram_rodata_start, ABSOLUTE (.))
                0x0000000010007eec                . = ALIGN (0x4)
 *(.rodata .rodata.* .gnu.linkonce.r.*)
 .rodata        0x0000000010007eec   0x1c20a8 obj/default/hello_world.o
                0x0000000010007eec                myimage
 .rodata        0x00000000101c9f94   0x1c2000 obj/default/myfile.o
 .rodata        0x000000001038bf94      0x100 /usr/local/3rdparty/altera/18.1/nios2eds/bin/gnu/H-x86_64-pc-linux-gnu/bin/../lib/gcc/nios2-elf/5.3.0/libgcc.a(_clz.o)
                0x000000001038bf94                __clz_tab
 .rodata        0x000000001038c094        0xa ../p4_fix6_bsp//libhal_bsp.a(alt_main.o)
 *fill*         0x000000001038c09e        0x2 
 .rodata        0x000000001038c0a0       0x6f ../p4_fix6_bsp//libhal_bsp.a(alt_sys_init.o)
 *fill*         0x000000001038c10f        0x1 
 .rodata        0x000000001038c110       0x1a ../p4_fix6_bsp//libhal_bsp.a(altera_up_avalon_video_character_buffer_with_dma.o)
 *fill*         0x000000001038c12a        0x2 
 .rodata        0x000000001038c12c        0xa ../p4_fix6_bsp//libhal_bsp.a(alt_dev.o)
 *fill*         0x000000001038c136        0x2 
 .rodata.str1.4
                0x000000001038c138        0x4 /usr/local/3rdparty/altera/18.1/nios2eds/bin/gnu/H-x86_64-pc-linux-gnu/bin/../lib/gcc/nios2-elf/5.3.0/../../../../../H-x86_64-pc-linux-gnu/nios2-elf/lib/libc.a(lib_a-impure.o)
                                          0x2 (size before relaxing)
 *(.rodata1)
                0x000000001038c13c                . = ALIGN (0x4)
                0x000000001038c13c                PROVIDE (__ram_rodata_end, ABSOLUTE (.))
                0x0000000010007eec                PROVIDE (__flash_rodata_start, LOADADDR (.rodata))

.rwdata         0x000000001038c13c     0x1b4c load address 0x000000001038dc88
                0x000000001038c13c                PROVIDE (__ram_rwdata_start, ABSOLUTE (.))
                0x000000001038c13c                . = ALIGN (0x4)
 *(.got.plt)
 *(.got)
 *(.data1)
 *(.data .data.* .gnu.linkonce.d.*)
 .data          0x000000001038c13c        0x0 ../p4_fix6_bsp//obj/HAL/src/crt0.o
 .data          0x000000001038c13c        0x0 obj/default/hello_world.o
 .data          0x000000001038c13c        0x0 obj/default/myfile.o
 .data          0x000000001038c13c        0x0 /usr/local/3rdparty/altera/18.1/nios2eds/bin/gnu/H-x86_64-pc-linux-gnu/bin/../lib/gcc/nios2-elf/5.3.0/libgcc.a(_fixunssfsi.o)
 .data          0x000000001038c13c        0x0 /usr/local/3rdparty/altera/18.1/nios2eds/bin/gnu/H-x86_64-pc-linux-gnu/bin/../lib/gcc/nios2-elf/5.3.0/libgcc.a(gesf2.o)
 .data          0x000000001038c13c        0x0 /usr/local/3rdparty/altera/18.1/nios2eds/bin/gnu/H-x86_64-pc-linux-gnu/bin/../lib/gcc/nios2-elf/5.3.0/libgcc.a(lesf2.o)
 .data          0x000000001038c13c        0x0 /usr/local/3rdparty/altera/18.1/nios2eds/bin/gnu/H-x86_64-pc-linux-gnu/bin/../lib/gcc/nios2-elf/5.3.0/libgcc.a(mulsf3.o)
 .data          0x000000001038c13c        0x0 /usr/local/3rdparty/altera/18.1/nios2eds/bin/gnu/H-x86_64-pc-linux-gnu/bin/../lib/gcc/nios2-elf/5.3.0/libgcc.a(subsf3.o)
 .data          0x000000001038c13c        0x0 /usr/local/3rdparty/altera/18.1/nios2eds/bin/gnu/H-x86_64-pc-linux-gnu/bin/../lib/gcc/nios2-elf/5.3.0/libgcc.a(fixsfsi.o)
 .data          0x000000001038c13c        0x0 /usr/local/3rdparty/altera/18.1/nios2eds/bin/gnu/H-x86_64-pc-linux-gnu/bin/../lib/gcc/nios2-elf/5.3.0/libgcc.a(floatsisf.o)
 .data          0x000000001038c13c        0x0 /usr/local/3rdparty/altera/18.1/nios2eds/bin/gnu/H-x86_64-pc-linux-gnu/bin/../lib/gcc/nios2-elf/5.3.0/libgcc.a(_clzsi2.o)
 .data          0x000000001038c13c        0x0 /usr/local/3rdparty/altera/18.1/nios2eds/bin/gnu/H-x86_64-pc-linux-gnu/bin/../lib/gcc/nios2-elf/5.3.0/libgcc.a(_clz.o)
 .data          0x000000001038c13c        0x0 ../p4_fix6_bsp//libhal_bsp.a(alt_load.o)
 .data          0x000000001038c13c        0x0 ../p4_fix6_bsp//libhal_bsp.a(alt_main.o)
 .data          0x000000001038c13c        0x0 ../p4_fix6_bsp//libhal_bsp.a(alt_putstr.o)
 .data          0x000000001038c13c     0x1140 ../p4_fix6_bsp//libhal_bsp.a(alt_sys_init.o)
 .data          0x000000001038d27c        0x0 ../p4_fix6_bsp//libhal_bsp.a(altera_avalon_jtag_uart_fd.o)
 .data          0x000000001038d27c        0x0 ../p4_fix6_bsp//libhal_bsp.a(altera_avalon_jtag_uart_init.o)
 .data          0x000000001038d27c        0x0 ../p4_fix6_bsp//libhal_bsp.a(altera_avalon_jtag_uart_ioctl.o)
 .data          0x000000001038d27c        0x0 ../p4_fix6_bsp//libhal_bsp.a(altera_avalon_jtag_uart_read.o)
 .data          0x000000001038d27c        0x0 ../p4_fix6_bsp//libhal_bsp.a(altera_avalon_jtag_uart_write.o)
 .data          0x000000001038d27c        0x0 ../p4_fix6_bsp//libhal_bsp.a(altera_up_avalon_video_character_buffer_with_dma.o)
 .data          0x000000001038d27c        0x0 ../p4_fix6_bsp//libhal_bsp.a(altera_up_avalon_video_pixel_buffer_dma.o)
 .data          0x000000001038d27c        0x0 ../p4_fix6_bsp//libhal_bsp.a(alt_alarm_start.o)
 .data          0x000000001038d27c        0x0 ../p4_fix6_bsp//libhal_bsp.a(alt_close.o)
 .data          0x000000001038d27c        0x0 ../p4_fix6_bsp//libhal_bsp.a(alt_dcache_flush_all.o)
 .data          0x000000001038d27c      0x1a8 ../p4_fix6_bsp//libhal_bsp.a(alt_dev.o)
                0x000000001038d27c                alt_dev_null
                0x000000001038d2a4                alt_fd_list
 .data          0x000000001038d424        0x0 ../p4_fix6_bsp//libhal_bsp.a(alt_dev_llist_insert.o)
 .data          0x000000001038d424        0x0 ../p4_fix6_bsp//libhal_bsp.a(alt_do_ctors.o)
 .data          0x000000001038d424        0x0 ../p4_fix6_bsp//libhal_bsp.a(alt_do_dtors.o)
 .data          0x000000001038d424        0x0 ../p4_fix6_bsp//libhal_bsp.a(alt_errno.o)
 .data          0x000000001038d424        0x0 ../p4_fix6_bsp//libhal_bsp.a(alt_find_dev.o)
 .data          0x000000001038d424        0x0 ../p4_fix6_bsp//libhal_bsp.a(alt_icache_flush_all.o)
 .data          0x000000001038d424        0x0 ../p4_fix6_bsp//libhal_bsp.a(alt_iic.o)
 .data          0x000000001038d424        0x0 ../p4_fix6_bsp//libhal_bsp.a(alt_iic_isr_register.o)
 .data          0x000000001038d424        0x0 ../p4_fix6_bsp//libhal_bsp.a(alt_io_redirect.o)
 .data          0x000000001038d424        0x0 ../p4_fix6_bsp//libhal_bsp.a(alt_irq_entry.o)
 .data          0x000000001038d424        0x0 ../p4_fix6_bsp//libhal_bsp.a(alt_irq_handler.o)
 .data          0x000000001038d424        0x0 ../p4_fix6_bsp//libhal_bsp.a(alt_irq_vars.o)
 .data          0x000000001038d424        0x0 ../p4_fix6_bsp//libhal_bsp.a(alt_open.o)
 .data          0x000000001038d424        0x0 ../p4_fix6_bsp//libhal_bsp.a(alt_release_fd.o)
 .data          0x000000001038d424        0x0 ../p4_fix6_bsp//libhal_bsp.a(alt_tick.o)
 .data          0x000000001038d424        0x0 ../p4_fix6_bsp//libhal_bsp.a(altera_nios2_gen2_irq.o)
 .data          0x000000001038d424        0x0 ../p4_fix6_bsp//libhal_bsp.a(alt_exception_entry.o)
 .data          0x000000001038d424        0x0 ../p4_fix6_bsp//libhal_bsp.a(alt_find_file.o)
 .data          0x000000001038d424        0x0 ../p4_fix6_bsp//libhal_bsp.a(alt_get_fd.o)
 .data          0x000000001038d424        0x0 ../p4_fix6_bsp//libhal_bsp.a(alt_icache_flush.o)
 .data          0x000000001038d424        0x0 ../p4_fix6_bsp//libhal_bsp.a(alt_instruction_exception_entry.o)
 .data          0x000000001038d424        0x0 /usr/local/3rdparty/altera/18.1/nios2eds/bin/gnu/H-x86_64-pc-linux-gnu/bin/../lib/gcc/nios2-elf/5.3.0/../../../../../H-x86_64-pc-linux-gnu/nios2-elf/lib/libc.a(lib_a-atexit.o)
 .data          0x000000001038d424        0x0 /usr/local/3rdparty/altera/18.1/nios2eds/bin/gnu/H-x86_64-pc-linux-gnu/bin/../lib/gcc/nios2-elf/5.3.0/../../../../../H-x86_64-pc-linux-gnu/nios2-elf/lib/libc.a(lib_a-exit.o)
 .data          0x000000001038d424        0x0 /usr/local/3rdparty/altera/18.1/nios2eds/bin/gnu/H-x86_64-pc-linux-gnu/bin/../lib/gcc/nios2-elf/5.3.0/../../../../../H-x86_64-pc-linux-gnu/nios2-elf/lib/libc.a(lib_a-fputs.o)
 .data          0x000000001038d424        0x0 /usr/local/3rdparty/altera/18.1/nios2eds/bin/gnu/H-x86_64-pc-linux-gnu/bin/../lib/gcc/nios2-elf/5.3.0/../../../../../H-x86_64-pc-linux-gnu/nios2-elf/lib/libc.a(lib_a-fvwrite.o)
 .data          0x000000001038d424        0x0 /usr/local/3rdparty/altera/18.1/nios2eds/bin/gnu/H-x86_64-pc-linux-gnu/bin/../lib/gcc/nios2-elf/5.3.0/../../../../../H-x86_64-pc-linux-gnu/nios2-elf/lib/libc.a(lib_a-impure.o)
 .data.impure_data
                0x000000001038d424      0x424 /usr/local/3rdparty/altera/18.1/nios2eds/bin/gnu/H-x86_64-pc-linux-gnu/bin/../lib/gcc/nios2-elf/5.3.0/../../../../../H-x86_64-pc-linux-gnu/nios2-elf/lib/libc.a(lib_a-impure.o)
 .data          0x000000001038d848        0x0 /usr/local/3rdparty/altera/18.1/nios2eds/bin/gnu/H-x86_64-pc-linux-gnu/bin/../lib/gcc/nios2-elf/5.3.0/../../../../../H-x86_64-pc-linux-gnu/nios2-elf/lib/libc.a(lib_a-int_errno.o)
 .data          0x000000001038d848        0x0 /usr/local/3rdparty/altera/18.1/nios2eds/bin/gnu/H-x86_64-pc-linux-gnu/bin/../lib/gcc/nios2-elf/5.3.0/../../../../../H-x86_64-pc-linux-gnu/nios2-elf/lib/libc.a(lib_a-mallocr.o)
 .data.__malloc_av_
                0x000000001038d848      0x408 /usr/local/3rdparty/altera/18.1/nios2eds/bin/gnu/H-x86_64-pc-linux-gnu/bin/../lib/gcc/nios2-elf/5.3.0/../../../../../H-x86_64-pc-linux-gnu/nios2-elf/lib/libc.a(lib_a-mallocr.o)
                0x000000001038d848                __malloc_av_
 .data          0x000000001038dc50        0x0 /usr/local/3rdparty/altera/18.1/nios2eds/bin/gnu/H-x86_64-pc-linux-gnu/bin/../lib/gcc/nios2-elf/5.3.0/../../../../../H-x86_64-pc-linux-gnu/nios2-elf/lib/libc.a(lib_a-memchr.o)
 .data          0x000000001038dc50        0x0 /usr/local/3rdparty/altera/18.1/nios2eds/bin/gnu/H-x86_64-pc-linux-gnu/bin/../lib/gcc/nios2-elf/5.3.0/../../../../../H-x86_64-pc-linux-gnu/nios2-elf/lib/libc.a(lib_a-memcmp.o)
 .data          0x000000001038dc50        0x0 /usr/local/3rdparty/altera/18.1/nios2eds/bin/gnu/H-x86_64-pc-linux-gnu/bin/../lib/gcc/nios2-elf/5.3.0/../../../../../H-x86_64-pc-linux-gnu/nios2-elf/lib/libc.a(lib_a-memcpy.o)
 .data          0x000000001038dc50        0x0 /usr/local/3rdparty/altera/18.1/nios2eds/bin/gnu/H-x86_64-pc-linux-gnu/bin/../lib/gcc/nios2-elf/5.3.0/../../../../../H-x86_64-pc-linux-gnu/nios2-elf/lib/libc.a(lib_a-memmove.o)
 .data          0x000000001038dc50        0x0 /usr/local/3rdparty/altera/18.1/nios2eds/bin/gnu/H-x86_64-pc-linux-gnu/bin/../lib/gcc/nios2-elf/5.3.0/../../../../../H-x86_64-pc-linux-gnu/nios2-elf/lib/libc.a(lib_a-reallocr.o)
 .data          0x000000001038dc50        0x0 /usr/local/3rdparty/altera/18.1/nios2eds/bin/gnu/H-x86_64-pc-linux-gnu/bin/../lib/gcc/nios2-elf/5.3.0/../../../../../H-x86_64-pc-linux-gnu/nios2-elf/lib/libc.a(lib_a-sbrkr.o)
 .data          0x000000001038dc50        0x0 /usr/local/3rdparty/altera/18.1/nios2eds/bin/gnu/H-x86_64-pc-linux-gnu/bin/../lib/gcc/nios2-elf/5.3.0/../../../../../H-x86_64-pc-linux-gnu/nios2-elf/lib/libc.a(lib_a-strcmp.o)
 .data          0x000000001038dc50        0x0 /usr/local/3rdparty/altera/18.1/nios2eds/bin/gnu/H-x86_64-pc-linux-gnu/bin/../lib/gcc/nios2-elf/5.3.0/../../../../../H-x86_64-pc-linux-gnu/nios2-elf/lib/libc.a(lib_a-strlen.o)
 .data          0x000000001038dc50        0x0 /usr/local/3rdparty/altera/18.1/nios2eds/bin/gnu/H-x86_64-pc-linux-gnu/bin/../lib/gcc/nios2-elf/5.3.0/../../../../../H-x86_64-pc-linux-gnu/nios2-elf/lib/libc.a(lib_a-wsetup.o)
 .data          0x000000001038dc50        0x0 /usr/local/3rdparty/altera/18.1/nios2eds/bin/gnu/H-x86_64-pc-linux-gnu/bin/../lib/gcc/nios2-elf/5.3.0/../../../../../H-x86_64-pc-linux-gnu/nios2-elf/lib/libc.a(lib_a-__atexit.o)
 .data          0x000000001038dc50        0x0 /usr/local/3rdparty/altera/18.1/nios2eds/bin/gnu/H-x86_64-pc-linux-gnu/bin/../lib/gcc/nios2-elf/5.3.0/../../../../../H-x86_64-pc-linux-gnu/nios2-elf/lib/libc.a(lib_a-__call_atexit.o)
 .data          0x000000001038dc50        0x0 /usr/local/3rdparty/altera/18.1/nios2eds/bin/gnu/H-x86_64-pc-linux-gnu/bin/../lib/gcc/nios2-elf/5.3.0/../../../../../H-x86_64-pc-linux-gnu/nios2-elf/lib/libc.a(lib_a-fflush.o)
 .data          0x000000001038dc50        0x0 /usr/local/3rdparty/altera/18.1/nios2eds/bin/gnu/H-x86_64-pc-linux-gnu/bin/../lib/gcc/nios2-elf/5.3.0/../../../../../H-x86_64-pc-linux-gnu/nios2-elf/lib/libc.a(lib_a-findfp.o)
 .data          0x000000001038dc50        0x0 /usr/local/3rdparty/altera/18.1/nios2eds/bin/gnu/H-x86_64-pc-linux-gnu/bin/../lib/gcc/nios2-elf/5.3.0/../../../../../H-x86_64-pc-linux-gnu/nios2-elf/lib/libc.a(lib_a-freer.o)
 .data          0x000000001038dc50        0x0 /usr/local/3rdparty/altera/18.1/nios2eds/bin/gnu/H-x86_64-pc-linux-gnu/bin/../lib/gcc/nios2-elf/5.3.0/../../../../../H-x86_64-pc-linux-gnu/nios2-elf/lib/libc.a(lib_a-fwalk.o)
 .data          0x000000001038dc50        0x0 /usr/local/3rdparty/altera/18.1/nios2eds/bin/gnu/H-x86_64-pc-linux-gnu/bin/../lib/gcc/nios2-elf/5.3.0/../../../../../H-x86_64-pc-linux-gnu/nios2-elf/lib/libc.a(lib_a-makebuf.o)
 .data          0x000000001038dc50        0x0 /usr/local/3rdparty/altera/18.1/nios2eds/bin/gnu/H-x86_64-pc-linux-gnu/bin/../lib/gcc/nios2-elf/5.3.0/../../../../../H-x86_64-pc-linux-gnu/nios2-elf/lib/libc.a(lib_a-memset.o)
 .data          0x000000001038dc50        0x0 /usr/local/3rdparty/altera/18.1/nios2eds/bin/gnu/H-x86_64-pc-linux-gnu/bin/../lib/gcc/nios2-elf/5.3.0/../../../../../H-x86_64-pc-linux-gnu/nios2-elf/lib/libc.a(lib_a-stdio.o)
 .data          0x000000001038dc50        0x0 /usr/local/3rdparty/altera/18.1/nios2eds/bin/gnu/H-x86_64-pc-linux-gnu/bin/../lib/gcc/nios2-elf/5.3.0/../../../../../H-x86_64-pc-linux-gnu/nios2-elf/lib/libc.a(lib_a-writer.o)
 .data          0x000000001038dc50        0x0 /usr/local/3rdparty/altera/18.1/nios2eds/bin/gnu/H-x86_64-pc-linux-gnu/bin/../lib/gcc/nios2-elf/5.3.0/../../../../../H-x86_64-pc-linux-gnu/nios2-elf/lib/libc.a(closer.o)
 .data          0x000000001038dc50        0x0 /usr/local/3rdparty/altera/18.1/nios2eds/bin/gnu/H-x86_64-pc-linux-gnu/bin/../lib/gcc/nios2-elf/5.3.0/../../../../../H-x86_64-pc-linux-gnu/nios2-elf/lib/libc.a(lib_a-fclose.o)
 .data          0x000000001038dc50        0x0 /usr/local/3rdparty/altera/18.1/nios2eds/bin/gnu/H-x86_64-pc-linux-gnu/bin/../lib/gcc/nios2-elf/5.3.0/../../../../../H-x86_64-pc-linux-gnu/nios2-elf/lib/libc.a(lib_a-fstatr.o)
 .data          0x000000001038dc50        0x0 /usr/local/3rdparty/altera/18.1/nios2eds/bin/gnu/H-x86_64-pc-linux-gnu/bin/../lib/gcc/nios2-elf/5.3.0/../../../../../H-x86_64-pc-linux-gnu/nios2-elf/lib/libc.a(lib_a-isattyr.o)
 .data          0x000000001038dc50        0x0 /usr/local/3rdparty/altera/18.1/nios2eds/bin/gnu/H-x86_64-pc-linux-gnu/bin/../lib/gcc/nios2-elf/5.3.0/../../../../../H-x86_64-pc-linux-gnu/nios2-elf/lib/libc.a(lib_a-lseekr.o)
 .data          0x000000001038dc50        0x0 /usr/local/3rdparty/altera/18.1/nios2eds/bin/gnu/H-x86_64-pc-linux-gnu/bin/../lib/gcc/nios2-elf/5.3.0/../../../../../H-x86_64-pc-linux-gnu/nios2-elf/lib/libc.a(lib_a-readr.o)
 .data          0x000000001038dc50        0x0 /usr/local/3rdparty/altera/18.1/nios2eds/bin/gnu/H-x86_64-pc-linux-gnu/bin/../lib/gcc/nios2-elf/5.3.0/libgcc.a(lib2-divmod.o)
 .data          0x000000001038dc50        0x0 ../p4_fix6_bsp//libhal_bsp.a(alt_exit.o)
 .data          0x000000001038dc50        0x0 ../p4_fix6_bsp//libhal_bsp.a(alt_fstat.o)
 .data          0x000000001038dc50        0x0 ../p4_fix6_bsp//libhal_bsp.a(alt_isatty.o)
 .data          0x000000001038dc50        0x0 ../p4_fix6_bsp//libhal_bsp.a(alt_lseek.o)
 .data          0x000000001038dc50        0x0 ../p4_fix6_bsp//libhal_bsp.a(alt_malloc_lock.o)
 .data          0x000000001038dc50        0x0 ../p4_fix6_bsp//libhal_bsp.a(alt_read.o)
 .data          0x000000001038dc50        0x0 ../p4_fix6_bsp//libhal_bsp.a(alt_sbrk.o)
 .data          0x000000001038dc50        0x0 ../p4_fix6_bsp//libhal_bsp.a(alt_write.o)
                0x0000000010395c50                _gp = ABSOLUTE ((. + 0x8000))
                [!provide]                        PROVIDE (gp, _gp)
 *(.rwdata .rwdata.*)
 *(.sdata .sdata.* .gnu.linkonce.s.*)
 .sdata         0x000000001038dc50       0x14 ../p4_fix6_bsp//libhal_bsp.a(alt_dev.o)
                0x000000001038dc50                alt_fs_list
                0x000000001038dc58                alt_dev_list
                0x000000001038dc60                alt_max_fd
 .sdata         0x000000001038dc64        0x4 ../p4_fix6_bsp//libhal_bsp.a(alt_errno.o)
                0x000000001038dc64                alt_errno
 .sdata         0x000000001038dc68        0x4 ../p4_fix6_bsp//libhal_bsp.a(alt_irq_vars.o)
                0x000000001038dc68                alt_priority_mask
 .sdata         0x000000001038dc6c        0x8 ../p4_fix6_bsp//libhal_bsp.a(alt_tick.o)
                0x000000001038dc6c                alt_alarm_list
 .sdata._global_impure_ptr
                0x000000001038dc74        0x4 /usr/local/3rdparty/altera/18.1/nios2eds/bin/gnu/H-x86_64-pc-linux-gnu/bin/../lib/gcc/nios2-elf/5.3.0/../../../../../H-x86_64-pc-linux-gnu/nios2-elf/lib/libc.a(lib_a-impure.o)
                0x000000001038dc74                _global_impure_ptr
 .sdata._impure_ptr
                0x000000001038dc78        0x4 /usr/local/3rdparty/altera/18.1/nios2eds/bin/gnu/H-x86_64-pc-linux-gnu/bin/../lib/gcc/nios2-elf/5.3.0/../../../../../H-x86_64-pc-linux-gnu/nios2-elf/lib/libc.a(lib_a-impure.o)
                0x000000001038dc78                _impure_ptr
 .sdata.__malloc_sbrk_base
                0x000000001038dc7c        0x4 /usr/local/3rdparty/altera/18.1/nios2eds/bin/gnu/H-x86_64-pc-linux-gnu/bin/../lib/gcc/nios2-elf/5.3.0/../../../../../H-x86_64-pc-linux-gnu/nios2-elf/lib/libc.a(lib_a-mallocr.o)
                0x000000001038dc7c                __malloc_sbrk_base
 .sdata.__malloc_trim_threshold
                0x000000001038dc80        0x4 /usr/local/3rdparty/altera/18.1/nios2eds/bin/gnu/H-x86_64-pc-linux-gnu/bin/../lib/gcc/nios2-elf/5.3.0/../../../../../H-x86_64-pc-linux-gnu/nios2-elf/lib/libc.a(lib_a-mallocr.o)
                0x000000001038dc80                __malloc_trim_threshold
 .sdata         0x000000001038dc84        0x4 ../p4_fix6_bsp//libhal_bsp.a(alt_sbrk.o)
 *(.sdata2 .sdata2.* .gnu.linkonce.s2.*)
                0x000000001038dc88                . = ALIGN (0x4)
                0x000000001038dc88                _edata = ABSOLUTE (.)
                [!provide]                        PROVIDE (edata, ABSOLUTE (.))
                0x000000001038dc88                PROVIDE (__ram_rwdata_end, ABSOLUTE (.))
                0x000000001038dc88                PROVIDE (__flash_rwdata_start, LOADADDR (.rwdata))

.bss            0x000000001038f7d4      0x154
                0x000000001038f7d4                __bss_start = ABSOLUTE (.)
                [!provide]                        PROVIDE (__sbss_start, ABSOLUTE (.))
                [!provide]                        PROVIDE (___sbss_start, ABSOLUTE (.))
 *(.dynsbss)
 *(.sbss .sbss.* .gnu.linkonce.sb.*)
 .sbss          0x000000001038f7d4        0xc ../p4_fix6_bsp//libhal_bsp.a(alt_main.o)
                0x000000001038f7d4                alt_argc
                0x000000001038f7d8                alt_argv
                0x000000001038f7dc                alt_envp
 .sbss          0x000000001038f7e0        0x4 ../p4_fix6_bsp//libhal_bsp.a(alt_irq_vars.o)
                0x000000001038f7e0                alt_irq_active
 .sbss          0x000000001038f7e4        0x8 ../p4_fix6_bsp//libhal_bsp.a(alt_tick.o)
                0x000000001038f7e4                _alt_tick_rate
                0x000000001038f7e8                _alt_nticks
 .sbss          0x000000001038f7ec        0x4 ../p4_fix6_bsp//libhal_bsp.a(alt_instruction_exception_entry.o)
                0x000000001038f7ec                alt_instruction_exception_handler
 .sbss          0x000000001038f7f0        0x4 /usr/local/3rdparty/altera/18.1/nios2eds/bin/gnu/H-x86_64-pc-linux-gnu/bin/../lib/gcc/nios2-elf/5.3.0/../../../../../H-x86_64-pc-linux-gnu/nios2-elf/lib/libc.a(lib_a-int_errno.o)
                0x000000001038f7f0                errno
 .sbss.__malloc_max_total_mem
                0x000000001038f7f4        0x4 /usr/local/3rdparty/altera/18.1/nios2eds/bin/gnu/H-x86_64-pc-linux-gnu/bin/../lib/gcc/nios2-elf/5.3.0/../../../../../H-x86_64-pc-linux-gnu/nios2-elf/lib/libc.a(lib_a-mallocr.o)
                0x000000001038f7f4                __malloc_max_total_mem
 .sbss.__malloc_max_sbrked_mem
                0x000000001038f7f8        0x4 /usr/local/3rdparty/altera/18.1/nios2eds/bin/gnu/H-x86_64-pc-linux-gnu/bin/../lib/gcc/nios2-elf/5.3.0/../../../../../H-x86_64-pc-linux-gnu/nios2-elf/lib/libc.a(lib_a-mallocr.o)
                0x000000001038f7f8                __malloc_max_sbrked_mem
 .sbss.__malloc_top_pad
                0x000000001038f7fc        0x4 /usr/local/3rdparty/altera/18.1/nios2eds/bin/gnu/H-x86_64-pc-linux-gnu/bin/../lib/gcc/nios2-elf/5.3.0/../../../../../H-x86_64-pc-linux-gnu/nios2-elf/lib/libc.a(lib_a-mallocr.o)
                0x000000001038f7fc                __malloc_top_pad
 *(.sbss2 .sbss2.* .gnu.linkonce.sb2.*)
 *(.scommon)
                [!provide]                        PROVIDE (__sbss_end, ABSOLUTE (.))
                [!provide]                        PROVIDE (___sbss_end, ABSOLUTE (.))
 *(.dynbss)
 *(.bss .bss.* .gnu.linkonce.b.*)
 .bss           0x000000001038f800        0x0 ../p4_fix6_bsp//obj/HAL/src/crt0.o
 .bss           0x000000001038f800        0x0 obj/default/hello_world.o
 .bss           0x000000001038f800        0x0 obj/default/myfile.o
 .bss           0x000000001038f800        0x0 /usr/local/3rdparty/altera/18.1/nios2eds/bin/gnu/H-x86_64-pc-linux-gnu/bin/../lib/gcc/nios2-elf/5.3.0/libgcc.a(_fixunssfsi.o)
 .bss           0x000000001038f800        0x0 /usr/local/3rdparty/altera/18.1/nios2eds/bin/gnu/H-x86_64-pc-linux-gnu/bin/../lib/gcc/nios2-elf/5.3.0/libgcc.a(gesf2.o)
 .bss           0x000000001038f800        0x0 /usr/local/3rdparty/altera/18.1/nios2eds/bin/gnu/H-x86_64-pc-linux-gnu/bin/../lib/gcc/nios2-elf/5.3.0/libgcc.a(lesf2.o)
 .bss           0x000000001038f800        0x0 /usr/local/3rdparty/altera/18.1/nios2eds/bin/gnu/H-x86_64-pc-linux-gnu/bin/../lib/gcc/nios2-elf/5.3.0/libgcc.a(mulsf3.o)
 .bss           0x000000001038f800        0x0 /usr/local/3rdparty/altera/18.1/nios2eds/bin/gnu/H-x86_64-pc-linux-gnu/bin/../lib/gcc/nios2-elf/5.3.0/libgcc.a(subsf3.o)
 .bss           0x000000001038f800        0x0 /usr/local/3rdparty/altera/18.1/nios2eds/bin/gnu/H-x86_64-pc-linux-gnu/bin/../lib/gcc/nios2-elf/5.3.0/libgcc.a(fixsfsi.o)
 .bss           0x000000001038f800        0x0 /usr/local/3rdparty/altera/18.1/nios2eds/bin/gnu/H-x86_64-pc-linux-gnu/bin/../lib/gcc/nios2-elf/5.3.0/libgcc.a(floatsisf.o)
 .bss           0x000000001038f800        0x0 /usr/local/3rdparty/altera/18.1/nios2eds/bin/gnu/H-x86_64-pc-linux-gnu/bin/../lib/gcc/nios2-elf/5.3.0/libgcc.a(_clzsi2.o)
 .bss           0x000000001038f800        0x0 /usr/local/3rdparty/altera/18.1/nios2eds/bin/gnu/H-x86_64-pc-linux-gnu/bin/../lib/gcc/nios2-elf/5.3.0/libgcc.a(_clz.o)
 .bss           0x000000001038f800        0x0 ../p4_fix6_bsp//libhal_bsp.a(alt_load.o)
 .bss           0x000000001038f800        0x0 ../p4_fix6_bsp//libhal_bsp.a(alt_main.o)
 .bss           0x000000001038f800        0x0 ../p4_fix6_bsp//libhal_bsp.a(alt_putstr.o)
 .bss           0x000000001038f800        0x0 ../p4_fix6_bsp//libhal_bsp.a(alt_sys_init.o)
 .bss           0x000000001038f800        0x0 ../p4_fix6_bsp//libhal_bsp.a(altera_avalon_jtag_uart_fd.o)
 .bss           0x000000001038f800        0x0 ../p4_fix6_bsp//libhal_bsp.a(altera_avalon_jtag_uart_init.o)
 .bss           0x000000001038f800        0x0 ../p4_fix6_bsp//libhal_bsp.a(altera_avalon_jtag_uart_ioctl.o)
 .bss           0x000000001038f800        0x0 ../p4_fix6_bsp//libhal_bsp.a(altera_avalon_jtag_uart_read.o)
 .bss           0x000000001038f800        0x0 ../p4_fix6_bsp//libhal_bsp.a(altera_avalon_jtag_uart_write.o)
 .bss           0x000000001038f800        0x0 ../p4_fix6_bsp//libhal_bsp.a(altera_up_avalon_video_character_buffer_with_dma.o)
 .bss           0x000000001038f800        0x0 ../p4_fix6_bsp//libhal_bsp.a(altera_up_avalon_video_pixel_buffer_dma.o)
 .bss           0x000000001038f800        0x0 ../p4_fix6_bsp//libhal_bsp.a(alt_alarm_start.o)
 .bss           0x000000001038f800        0x0 ../p4_fix6_bsp//libhal_bsp.a(alt_close.o)
 .bss           0x000000001038f800        0x0 ../p4_fix6_bsp//libhal_bsp.a(alt_dcache_flush_all.o)
 .bss           0x000000001038f800        0x0 ../p4_fix6_bsp//libhal_bsp.a(alt_dev.o)
 .bss           0x000000001038f800        0x0 ../p4_fix6_bsp//libhal_bsp.a(alt_dev_llist_insert.o)
 .bss           0x000000001038f800        0x0 ../p4_fix6_bsp//libhal_bsp.a(alt_do_ctors.o)
 .bss           0x000000001038f800        0x0 ../p4_fix6_bsp//libhal_bsp.a(alt_do_dtors.o)
 .bss           0x000000001038f800        0x0 ../p4_fix6_bsp//libhal_bsp.a(alt_errno.o)
 .bss           0x000000001038f800        0x0 ../p4_fix6_bsp//libhal_bsp.a(alt_find_dev.o)
 .bss           0x000000001038f800        0x0 ../p4_fix6_bsp//libhal_bsp.a(alt_icache_flush_all.o)
 .bss           0x000000001038f800        0x0 ../p4_fix6_bsp//libhal_bsp.a(alt_iic.o)
 .bss           0x000000001038f800        0x0 ../p4_fix6_bsp//libhal_bsp.a(alt_iic_isr_register.o)
 .bss           0x000000001038f800        0x0 ../p4_fix6_bsp//libhal_bsp.a(alt_io_redirect.o)
 .bss           0x000000001038f800        0x0 ../p4_fix6_bsp//libhal_bsp.a(alt_irq_entry.o)
 .bss           0x000000001038f800        0x0 ../p4_fix6_bsp//libhal_bsp.a(alt_irq_handler.o)
 .bss           0x000000001038f800        0x0 ../p4_fix6_bsp//libhal_bsp.a(alt_irq_vars.o)
 .bss           0x000000001038f800        0x0 ../p4_fix6_bsp//libhal_bsp.a(alt_open.o)
 .bss           0x000000001038f800        0x0 ../p4_fix6_bsp//libhal_bsp.a(alt_release_fd.o)
 .bss           0x000000001038f800        0x0 ../p4_fix6_bsp//libhal_bsp.a(alt_tick.o)
 .bss           0x000000001038f800        0x0 ../p4_fix6_bsp//libhal_bsp.a(altera_nios2_gen2_irq.o)
 .bss           0x000000001038f800        0x0 ../p4_fix6_bsp//libhal_bsp.a(alt_exception_entry.o)
 .bss           0x000000001038f800        0x0 ../p4_fix6_bsp//libhal_bsp.a(alt_find_file.o)
 .bss           0x000000001038f800        0x0 ../p4_fix6_bsp//libhal_bsp.a(alt_get_fd.o)
 .bss           0x000000001038f800        0x0 ../p4_fix6_bsp//libhal_bsp.a(alt_icache_flush.o)
 .bss           0x000000001038f800        0x0 ../p4_fix6_bsp//libhal_bsp.a(alt_instruction_exception_entry.o)
 .bss           0x000000001038f800        0x0 /usr/local/3rdparty/altera/18.1/nios2eds/bin/gnu/H-x86_64-pc-linux-gnu/bin/../lib/gcc/nios2-elf/5.3.0/../../../../../H-x86_64-pc-linux-gnu/nios2-elf/lib/libc.a(lib_a-atexit.o)
 .bss           0x000000001038f800        0x0 /usr/local/3rdparty/altera/18.1/nios2eds/bin/gnu/H-x86_64-pc-linux-gnu/bin/../lib/gcc/nios2-elf/5.3.0/../../../../../H-x86_64-pc-linux-gnu/nios2-elf/lib/libc.a(lib_a-exit.o)
 .bss           0x000000001038f800        0x0 /usr/local/3rdparty/altera/18.1/nios2eds/bin/gnu/H-x86_64-pc-linux-gnu/bin/../lib/gcc/nios2-elf/5.3.0/../../../../../H-x86_64-pc-linux-gnu/nios2-elf/lib/libc.a(lib_a-fputs.o)
 .bss           0x000000001038f800        0x0 /usr/local/3rdparty/altera/18.1/nios2eds/bin/gnu/H-x86_64-pc-linux-gnu/bin/../lib/gcc/nios2-elf/5.3.0/../../../../../H-x86_64-pc-linux-gnu/nios2-elf/lib/libc.a(lib_a-fvwrite.o)
 .bss           0x000000001038f800        0x0 /usr/local/3rdparty/altera/18.1/nios2eds/bin/gnu/H-x86_64-pc-linux-gnu/bin/../lib/gcc/nios2-elf/5.3.0/../../../../../H-x86_64-pc-linux-gnu/nios2-elf/lib/libc.a(lib_a-impure.o)
 .bss           0x000000001038f800        0x0 /usr/local/3rdparty/altera/18.1/nios2eds/bin/gnu/H-x86_64-pc-linux-gnu/bin/../lib/gcc/nios2-elf/5.3.0/../../../../../H-x86_64-pc-linux-gnu/nios2-elf/lib/libc.a(lib_a-int_errno.o)
 .bss           0x000000001038f800        0x0 /usr/local/3rdparty/altera/18.1/nios2eds/bin/gnu/H-x86_64-pc-linux-gnu/bin/../lib/gcc/nios2-elf/5.3.0/../../../../../H-x86_64-pc-linux-gnu/nios2-elf/lib/libc.a(lib_a-mallocr.o)
 .bss.__malloc_current_mallinfo
                0x000000001038f800       0x28 /usr/local/3rdparty/altera/18.1/nios2eds/bin/gnu/H-x86_64-pc-linux-gnu/bin/../lib/gcc/nios2-elf/5.3.0/../../../../../H-x86_64-pc-linux-gnu/nios2-elf/lib/libc.a(lib_a-mallocr.o)
                0x000000001038f800                __malloc_current_mallinfo
 .bss           0x000000001038f828        0x0 /usr/local/3rdparty/altera/18.1/nios2eds/bin/gnu/H-x86_64-pc-linux-gnu/bin/../lib/gcc/nios2-elf/5.3.0/../../../../../H-x86_64-pc-linux-gnu/nios2-elf/lib/libc.a(lib_a-memchr.o)
 .bss           0x000000001038f828        0x0 /usr/local/3rdparty/altera/18.1/nios2eds/bin/gnu/H-x86_64-pc-linux-gnu/bin/../lib/gcc/nios2-elf/5.3.0/../../../../../H-x86_64-pc-linux-gnu/nios2-elf/lib/libc.a(lib_a-memcmp.o)
 .bss           0x000000001038f828        0x0 /usr/local/3rdparty/altera/18.1/nios2eds/bin/gnu/H-x86_64-pc-linux-gnu/bin/../lib/gcc/nios2-elf/5.3.0/../../../../../H-x86_64-pc-linux-gnu/nios2-elf/lib/libc.a(lib_a-memcpy.o)
 .bss           0x000000001038f828        0x0 /usr/local/3rdparty/altera/18.1/nios2eds/bin/gnu/H-x86_64-pc-linux-gnu/bin/../lib/gcc/nios2-elf/5.3.0/../../../../../H-x86_64-pc-linux-gnu/nios2-elf/lib/libc.a(lib_a-memmove.o)
 .bss           0x000000001038f828        0x0 /usr/local/3rdparty/altera/18.1/nios2eds/bin/gnu/H-x86_64-pc-linux-gnu/bin/../lib/gcc/nios2-elf/5.3.0/../../../../../H-x86_64-pc-linux-gnu/nios2-elf/lib/libc.a(lib_a-reallocr.o)
 .bss           0x000000001038f828        0x0 /usr/local/3rdparty/altera/18.1/nios2eds/bin/gnu/H-x86_64-pc-linux-gnu/bin/../lib/gcc/nios2-elf/5.3.0/../../../../../H-x86_64-pc-linux-gnu/nios2-elf/lib/libc.a(lib_a-sbrkr.o)
 .bss           0x000000001038f828        0x0 /usr/local/3rdparty/altera/18.1/nios2eds/bin/gnu/H-x86_64-pc-linux-gnu/bin/../lib/gcc/nios2-elf/5.3.0/../../../../../H-x86_64-pc-linux-gnu/nios2-elf/lib/libc.a(lib_a-strcmp.o)
 .bss           0x000000001038f828        0x0 /usr/local/3rdparty/altera/18.1/nios2eds/bin/gnu/H-x86_64-pc-linux-gnu/bin/../lib/gcc/nios2-elf/5.3.0/../../../../../H-x86_64-pc-linux-gnu/nios2-elf/lib/libc.a(lib_a-strlen.o)
 .bss           0x000000001038f828        0x0 /usr/local/3rdparty/altera/18.1/nios2eds/bin/gnu/H-x86_64-pc-linux-gnu/bin/../lib/gcc/nios2-elf/5.3.0/../../../../../H-x86_64-pc-linux-gnu/nios2-elf/lib/libc.a(lib_a-wsetup.o)
 .bss           0x000000001038f828        0x0 /usr/local/3rdparty/altera/18.1/nios2eds/bin/gnu/H-x86_64-pc-linux-gnu/bin/../lib/gcc/nios2-elf/5.3.0/../../../../../H-x86_64-pc-linux-gnu/nios2-elf/lib/libc.a(lib_a-__atexit.o)
 .bss           0x000000001038f828        0x0 /usr/local/3rdparty/altera/18.1/nios2eds/bin/gnu/H-x86_64-pc-linux-gnu/bin/../lib/gcc/nios2-elf/5.3.0/../../../../../H-x86_64-pc-linux-gnu/nios2-elf/lib/libc.a(lib_a-__call_atexit.o)
 .bss           0x000000001038f828        0x0 /usr/local/3rdparty/altera/18.1/nios2eds/bin/gnu/H-x86_64-pc-linux-gnu/bin/../lib/gcc/nios2-elf/5.3.0/../../../../../H-x86_64-pc-linux-gnu/nios2-elf/lib/libc.a(lib_a-fflush.o)
 .bss           0x000000001038f828        0x0 /usr/local/3rdparty/altera/18.1/nios2eds/bin/gnu/H-x86_64-pc-linux-gnu/bin/../lib/gcc/nios2-elf/5.3.0/../../../../../H-x86_64-pc-linux-gnu/nios2-elf/lib/libc.a(lib_a-findfp.o)
 .bss           0x000000001038f828        0x0 /usr/local/3rdparty/altera/18.1/nios2eds/bin/gnu/H-x86_64-pc-linux-gnu/bin/../lib/gcc/nios2-elf/5.3.0/../../../../../H-x86_64-pc-linux-gnu/nios2-elf/lib/libc.a(lib_a-freer.o)
 .bss           0x000000001038f828        0x0 /usr/local/3rdparty/altera/18.1/nios2eds/bin/gnu/H-x86_64-pc-linux-gnu/bin/../lib/gcc/nios2-elf/5.3.0/../../../../../H-x86_64-pc-linux-gnu/nios2-elf/lib/libc.a(lib_a-fwalk.o)
 .bss           0x000000001038f828        0x0 /usr/local/3rdparty/altera/18.1/nios2eds/bin/gnu/H-x86_64-pc-linux-gnu/bin/../lib/gcc/nios2-elf/5.3.0/../../../../../H-x86_64-pc-linux-gnu/nios2-elf/lib/libc.a(lib_a-makebuf.o)
 .bss           0x000000001038f828        0x0 /usr/local/3rdparty/altera/18.1/nios2eds/bin/gnu/H-x86_64-pc-linux-gnu/bin/../lib/gcc/nios2-elf/5.3.0/../../../../../H-x86_64-pc-linux-gnu/nios2-elf/lib/libc.a(lib_a-memset.o)
 .bss           0x000000001038f828        0x0 /usr/local/3rdparty/altera/18.1/nios2eds/bin/gnu/H-x86_64-pc-linux-gnu/bin/../lib/gcc/nios2-elf/5.3.0/../../../../../H-x86_64-pc-linux-gnu/nios2-elf/lib/libc.a(lib_a-stdio.o)
 .bss           0x000000001038f828        0x0 /usr/local/3rdparty/altera/18.1/nios2eds/bin/gnu/H-x86_64-pc-linux-gnu/bin/../lib/gcc/nios2-elf/5.3.0/../../../../../H-x86_64-pc-linux-gnu/nios2-elf/lib/libc.a(lib_a-writer.o)
 .bss           0x000000001038f828        0x0 /usr/local/3rdparty/altera/18.1/nios2eds/bin/gnu/H-x86_64-pc-linux-gnu/bin/../lib/gcc/nios2-elf/5.3.0/../../../../../H-x86_64-pc-linux-gnu/nios2-elf/lib/libc.a(closer.o)
 .bss           0x000000001038f828        0x0 /usr/local/3rdparty/altera/18.1/nios2eds/bin/gnu/H-x86_64-pc-linux-gnu/bin/../lib/gcc/nios2-elf/5.3.0/../../../../../H-x86_64-pc-linux-gnu/nios2-elf/lib/libc.a(lib_a-fclose.o)
 .bss           0x000000001038f828        0x0 /usr/local/3rdparty/altera/18.1/nios2eds/bin/gnu/H-x86_64-pc-linux-gnu/bin/../lib/gcc/nios2-elf/5.3.0/../../../../../H-x86_64-pc-linux-gnu/nios2-elf/lib/libc.a(lib_a-fstatr.o)
 .bss           0x000000001038f828        0x0 /usr/local/3rdparty/altera/18.1/nios2eds/bin/gnu/H-x86_64-pc-linux-gnu/bin/../lib/gcc/nios2-elf/5.3.0/../../../../../H-x86_64-pc-linux-gnu/nios2-elf/lib/libc.a(lib_a-isattyr.o)
 .bss           0x000000001038f828        0x0 /usr/local/3rdparty/altera/18.1/nios2eds/bin/gnu/H-x86_64-pc-linux-gnu/bin/../lib/gcc/nios2-elf/5.3.0/../../../../../H-x86_64-pc-linux-gnu/nios2-elf/lib/libc.a(lib_a-lseekr.o)
 .bss           0x000000001038f828        0x0 /usr/local/3rdparty/altera/18.1/nios2eds/bin/gnu/H-x86_64-pc-linux-gnu/bin/../lib/gcc/nios2-elf/5.3.0/../../../../../H-x86_64-pc-linux-gnu/nios2-elf/lib/libc.a(lib_a-readr.o)
 .bss           0x000000001038f828        0x0 /usr/local/3rdparty/altera/18.1/nios2eds/bin/gnu/H-x86_64-pc-linux-gnu/bin/../lib/gcc/nios2-elf/5.3.0/libgcc.a(lib2-divmod.o)
 .bss           0x000000001038f828        0x0 ../p4_fix6_bsp//libhal_bsp.a(alt_exit.o)
 .bss           0x000000001038f828        0x0 ../p4_fix6_bsp//libhal_bsp.a(alt_fstat.o)
 .bss           0x000000001038f828        0x0 ../p4_fix6_bsp//libhal_bsp.a(alt_isatty.o)
 .bss           0x000000001038f828        0x0 ../p4_fix6_bsp//libhal_bsp.a(alt_lseek.o)
 .bss           0x000000001038f828        0x0 ../p4_fix6_bsp//libhal_bsp.a(alt_malloc_lock.o)
 .bss           0x000000001038f828        0x0 ../p4_fix6_bsp//libhal_bsp.a(alt_read.o)
 .bss           0x000000001038f828        0x0 ../p4_fix6_bsp//libhal_bsp.a(alt_sbrk.o)
 .bss           0x000000001038f828        0x0 ../p4_fix6_bsp//libhal_bsp.a(alt_write.o)
 *(COMMON)
 COMMON         0x000000001038f828      0x100 ../p4_fix6_bsp//libhal_bsp.a(alt_irq_handler.o)
                0x000000001038f828                alt_irq
                0x000000001038f928                . = ALIGN (0x4)
                0x000000001038f928                __bss_end = ABSOLUTE (.)

.sdram_controller
                0x000000001038f928        0x0
                [!provide]                        PROVIDE (_alt_partition_sdram_controller_start, ABSOLUTE (.))
 *(.sdram_controller .sdram_controller. sdram_controller.*)
                0x000000001038f928                . = ALIGN (0x4)
                [!provide]                        PROVIDE (_alt_partition_sdram_controller_end, ABSOLUTE (.))
                0x000000001038f928                _end = ABSOLUTE (.)
                0x000000001038f928                end = ABSOLUTE (.)
                0x000000001038f928                __alt_stack_base = ABSOLUTE (.)
                [!provide]                        PROVIDE (_alt_partition_sdram_controller_load_addr, LOADADDR (.sdram_controller))

.stab
 *(.stab)

.stabstr
 *(.stabstr)

.stab.excl
 *(.stab.excl)

.stab.exclstr
 *(.stab.exclstr)

.stab.index
 *(.stab.index)

.stab.indexstr
 *(.stab.indexstr)

.comment        0x0000000000000000       0x23
 *(.comment)
 .comment       0x0000000000000000       0x23 obj/default/hello_world.o
                                         0x24 (size before relaxing)
 .comment       0x0000000000000023       0x24 obj/default/myfile.o
 .comment       0x0000000000000023       0x24 /usr/local/3rdparty/altera/18.1/nios2eds/bin/gnu/H-x86_64-pc-linux-gnu/bin/../lib/gcc/nios2-elf/5.3.0/libgcc.a(_fixunssfsi.o)
 .comment       0x0000000000000023       0x24 /usr/local/3rdparty/altera/18.1/nios2eds/bin/gnu/H-x86_64-pc-linux-gnu/bin/../lib/gcc/nios2-elf/5.3.0/libgcc.a(gesf2.o)
 .comment       0x0000000000000023       0x24 /usr/local/3rdparty/altera/18.1/nios2eds/bin/gnu/H-x86_64-pc-linux-gnu/bin/../lib/gcc/nios2-elf/5.3.0/libgcc.a(lesf2.o)
 .comment       0x0000000000000023       0x24 /usr/local/3rdparty/altera/18.1/nios2eds/bin/gnu/H-x86_64-pc-linux-gnu/bin/../lib/gcc/nios2-elf/5.3.0/libgcc.a(mulsf3.o)
 .comment       0x0000000000000023       0x24 /usr/local/3rdparty/altera/18.1/nios2eds/bin/gnu/H-x86_64-pc-linux-gnu/bin/../lib/gcc/nios2-elf/5.3.0/libgcc.a(subsf3.o)
 .comment       0x0000000000000023       0x24 /usr/local/3rdparty/altera/18.1/nios2eds/bin/gnu/H-x86_64-pc-linux-gnu/bin/../lib/gcc/nios2-elf/5.3.0/libgcc.a(fixsfsi.o)
 .comment       0x0000000000000023       0x24 /usr/local/3rdparty/altera/18.1/nios2eds/bin/gnu/H-x86_64-pc-linux-gnu/bin/../lib/gcc/nios2-elf/5.3.0/libgcc.a(floatsisf.o)
 .comment       0x0000000000000023       0x24 /usr/local/3rdparty/altera/18.1/nios2eds/bin/gnu/H-x86_64-pc-linux-gnu/bin/../lib/gcc/nios2-elf/5.3.0/libgcc.a(_clzsi2.o)
 .comment       0x0000000000000023       0x24 /usr/local/3rdparty/altera/18.1/nios2eds/bin/gnu/H-x86_64-pc-linux-gnu/bin/../lib/gcc/nios2-elf/5.3.0/libgcc.a(_clz.o)
 .comment       0x0000000000000023       0x24 ../p4_fix6_bsp//libhal_bsp.a(alt_load.o)
 .comment       0x0000000000000023       0x24 ../p4_fix6_bsp//libhal_bsp.a(alt_main.o)
 .comment       0x0000000000000023       0x24 ../p4_fix6_bsp//libhal_bsp.a(alt_putstr.o)
 .comment       0x0000000000000023       0x24 ../p4_fix6_bsp//libhal_bsp.a(alt_sys_init.o)
 .comment       0x0000000000000023       0x24 ../p4_fix6_bsp//libhal_bsp.a(altera_avalon_jtag_uart_fd.o)
 .comment       0x0000000000000023       0x24 ../p4_fix6_bsp//libhal_bsp.a(altera_avalon_jtag_uart_init.o)
 .comment       0x0000000000000023       0x24 ../p4_fix6_bsp//libhal_bsp.a(altera_avalon_jtag_uart_ioctl.o)
 .comment       0x0000000000000023       0x24 ../p4_fix6_bsp//libhal_bsp.a(altera_avalon_jtag_uart_read.o)
 .comment       0x0000000000000023       0x24 ../p4_fix6_bsp//libhal_bsp.a(altera_avalon_jtag_uart_write.o)
 .comment       0x0000000000000023       0x24 ../p4_fix6_bsp//libhal_bsp.a(altera_up_avalon_video_character_buffer_with_dma.o)
 .comment       0x0000000000000023       0x24 ../p4_fix6_bsp//libhal_bsp.a(altera_up_avalon_video_pixel_buffer_dma.o)
 .comment       0x0000000000000023       0x24 ../p4_fix6_bsp//libhal_bsp.a(alt_alarm_start.o)
 .comment       0x0000000000000023       0x24 ../p4_fix6_bsp//libhal_bsp.a(alt_close.o)
 .comment       0x0000000000000023       0x24 ../p4_fix6_bsp//libhal_bsp.a(alt_dcache_flush_all.o)
 .comment       0x0000000000000023       0x24 ../p4_fix6_bsp//libhal_bsp.a(alt_dev.o)
 .comment       0x0000000000000023       0x24 ../p4_fix6_bsp//libhal_bsp.a(alt_dev_llist_insert.o)
 .comment       0x0000000000000023       0x24 ../p4_fix6_bsp//libhal_bsp.a(alt_do_ctors.o)
 .comment       0x0000000000000023       0x24 ../p4_fix6_bsp//libhal_bsp.a(alt_do_dtors.o)
 .comment       0x0000000000000023       0x24 ../p4_fix6_bsp//libhal_bsp.a(alt_errno.o)
 .comment       0x0000000000000023       0x24 ../p4_fix6_bsp//libhal_bsp.a(alt_find_dev.o)
 .comment       0x0000000000000023       0x24 ../p4_fix6_bsp//libhal_bsp.a(alt_icache_flush_all.o)
 .comment       0x0000000000000023       0x24 ../p4_fix6_bsp//libhal_bsp.a(alt_iic.o)
 .comment       0x0000000000000023       0x24 ../p4_fix6_bsp//libhal_bsp.a(alt_iic_isr_register.o)
 .comment       0x0000000000000023       0x24 ../p4_fix6_bsp//libhal_bsp.a(alt_io_redirect.o)
 .comment       0x0000000000000023       0x24 ../p4_fix6_bsp//libhal_bsp.a(alt_irq_handler.o)
 .comment       0x0000000000000023       0x24 ../p4_fix6_bsp//libhal_bsp.a(alt_irq_vars.o)
 .comment       0x0000000000000023       0x24 ../p4_fix6_bsp//libhal_bsp.a(alt_open.o)
 .comment       0x0000000000000023       0x24 ../p4_fix6_bsp//libhal_bsp.a(alt_release_fd.o)
 .comment       0x0000000000000023       0x24 ../p4_fix6_bsp//libhal_bsp.a(alt_tick.o)
 .comment       0x0000000000000023       0x24 ../p4_fix6_bsp//libhal_bsp.a(altera_nios2_gen2_irq.o)
 .comment       0x0000000000000023       0x24 ../p4_fix6_bsp//libhal_bsp.a(alt_find_file.o)
 .comment       0x0000000000000023       0x24 ../p4_fix6_bsp//libhal_bsp.a(alt_get_fd.o)
 .comment       0x0000000000000023       0x24 ../p4_fix6_bsp//libhal_bsp.a(alt_icache_flush.o)
 .comment       0x0000000000000023       0x24 ../p4_fix6_bsp//libhal_bsp.a(alt_instruction_exception_entry.o)
 .comment       0x0000000000000023       0x24 /usr/local/3rdparty/altera/18.1/nios2eds/bin/gnu/H-x86_64-pc-linux-gnu/bin/../lib/gcc/nios2-elf/5.3.0/../../../../../H-x86_64-pc-linux-gnu/nios2-elf/lib/libc.a(lib_a-atexit.o)
 .comment       0x0000000000000023       0x24 /usr/local/3rdparty/altera/18.1/nios2eds/bin/gnu/H-x86_64-pc-linux-gnu/bin/../lib/gcc/nios2-elf/5.3.0/../../../../../H-x86_64-pc-linux-gnu/nios2-elf/lib/libc.a(lib_a-exit.o)
 .comment       0x0000000000000023       0x24 /usr/local/3rdparty/altera/18.1/nios2eds/bin/gnu/H-x86_64-pc-linux-gnu/bin/../lib/gcc/nios2-elf/5.3.0/../../../../../H-x86_64-pc-linux-gnu/nios2-elf/lib/libc.a(lib_a-fputs.o)
 .comment       0x0000000000000023       0x24 /usr/local/3rdparty/altera/18.1/nios2eds/bin/gnu/H-x86_64-pc-linux-gnu/bin/../lib/gcc/nios2-elf/5.3.0/../../../../../H-x86_64-pc-linux-gnu/nios2-elf/lib/libc.a(lib_a-fvwrite.o)
 .comment       0x0000000000000023       0x24 /usr/local/3rdparty/altera/18.1/nios2eds/bin/gnu/H-x86_64-pc-linux-gnu/bin/../lib/gcc/nios2-elf/5.3.0/../../../../../H-x86_64-pc-linux-gnu/nios2-elf/lib/libc.a(lib_a-impure.o)
 .comment       0x0000000000000023       0x24 /usr/local/3rdparty/altera/18.1/nios2eds/bin/gnu/H-x86_64-pc-linux-gnu/bin/../lib/gcc/nios2-elf/5.3.0/../../../../../H-x86_64-pc-linux-gnu/nios2-elf/lib/libc.a(lib_a-int_errno.o)
 .comment       0x0000000000000023       0x24 /usr/local/3rdparty/altera/18.1/nios2eds/bin/gnu/H-x86_64-pc-linux-gnu/bin/../lib/gcc/nios2-elf/5.3.0/../../../../../H-x86_64-pc-linux-gnu/nios2-elf/lib/libc.a(lib_a-mallocr.o)
 .comment       0x0000000000000023       0x24 /usr/local/3rdparty/altera/18.1/nios2eds/bin/gnu/H-x86_64-pc-linux-gnu/bin/../lib/gcc/nios2-elf/5.3.0/../../../../../H-x86_64-pc-linux-gnu/nios2-elf/lib/libc.a(lib_a-memchr.o)
 .comment       0x0000000000000023       0x24 /usr/local/3rdparty/altera/18.1/nios2eds/bin/gnu/H-x86_64-pc-linux-gnu/bin/../lib/gcc/nios2-elf/5.3.0/../../../../../H-x86_64-pc-linux-gnu/nios2-elf/lib/libc.a(lib_a-memcmp.o)
 .comment       0x0000000000000023       0x24 /usr/local/3rdparty/altera/18.1/nios2eds/bin/gnu/H-x86_64-pc-linux-gnu/bin/../lib/gcc/nios2-elf/5.3.0/../../../../../H-x86_64-pc-linux-gnu/nios2-elf/lib/libc.a(lib_a-memcpy.o)
 .comment       0x0000000000000023       0x24 /usr/local/3rdparty/altera/18.1/nios2eds/bin/gnu/H-x86_64-pc-linux-gnu/bin/../lib/gcc/nios2-elf/5.3.0/../../../../../H-x86_64-pc-linux-gnu/nios2-elf/lib/libc.a(lib_a-memmove.o)
 .comment       0x0000000000000023       0x24 /usr/local/3rdparty/altera/18.1/nios2eds/bin/gnu/H-x86_64-pc-linux-gnu/bin/../lib/gcc/nios2-elf/5.3.0/../../../../../H-x86_64-pc-linux-gnu/nios2-elf/lib/libc.a(lib_a-reallocr.o)
 .comment       0x0000000000000023       0x24 /usr/local/3rdparty/altera/18.1/nios2eds/bin/gnu/H-x86_64-pc-linux-gnu/bin/../lib/gcc/nios2-elf/5.3.0/../../../../../H-x86_64-pc-linux-gnu/nios2-elf/lib/libc.a(lib_a-sbrkr.o)
 .comment       0x0000000000000023       0x24 /usr/local/3rdparty/altera/18.1/nios2eds/bin/gnu/H-x86_64-pc-linux-gnu/bin/../lib/gcc/nios2-elf/5.3.0/../../../../../H-x86_64-pc-linux-gnu/nios2-elf/lib/libc.a(lib_a-strcmp.o)
 .comment       0x0000000000000023       0x24 /usr/local/3rdparty/altera/18.1/nios2eds/bin/gnu/H-x86_64-pc-linux-gnu/bin/../lib/gcc/nios2-elf/5.3.0/../../../../../H-x86_64-pc-linux-gnu/nios2-elf/lib/libc.a(lib_a-strlen.o)
 .comment       0x0000000000000023       0x24 /usr/local/3rdparty/altera/18.1/nios2eds/bin/gnu/H-x86_64-pc-linux-gnu/bin/../lib/gcc/nios2-elf/5.3.0/../../../../../H-x86_64-pc-linux-gnu/nios2-elf/lib/libc.a(lib_a-wsetup.o)
 .comment       0x0000000000000023       0x24 /usr/local/3rdparty/altera/18.1/nios2eds/bin/gnu/H-x86_64-pc-linux-gnu/bin/../lib/gcc/nios2-elf/5.3.0/../../../../../H-x86_64-pc-linux-gnu/nios2-elf/lib/libc.a(lib_a-__atexit.o)
 .comment       0x0000000000000023       0x24 /usr/local/3rdparty/altera/18.1/nios2eds/bin/gnu/H-x86_64-pc-linux-gnu/bin/../lib/gcc/nios2-elf/5.3.0/../../../../../H-x86_64-pc-linux-gnu/nios2-elf/lib/libc.a(lib_a-__call_atexit.o)
 .comment       0x0000000000000023       0x24 /usr/local/3rdparty/altera/18.1/nios2eds/bin/gnu/H-x86_64-pc-linux-gnu/bin/../lib/gcc/nios2-elf/5.3.0/../../../../../H-x86_64-pc-linux-gnu/nios2-elf/lib/libc.a(lib_a-fflush.o)
 .comment       0x0000000000000023       0x24 /usr/local/3rdparty/altera/18.1/nios2eds/bin/gnu/H-x86_64-pc-linux-gnu/bin/../lib/gcc/nios2-elf/5.3.0/../../../../../H-x86_64-pc-linux-gnu/nios2-elf/lib/libc.a(lib_a-findfp.o)
 .comment       0x0000000000000023       0x24 /usr/local/3rdparty/altera/18.1/nios2eds/bin/gnu/H-x86_64-pc-linux-gnu/bin/../lib/gcc/nios2-elf/5.3.0/../../../../../H-x86_64-pc-linux-gnu/nios2-elf/lib/libc.a(lib_a-freer.o)
 .comment       0x0000000000000023       0x24 /usr/local/3rdparty/altera/18.1/nios2eds/bin/gnu/H-x86_64-pc-linux-gnu/bin/../lib/gcc/nios2-elf/5.3.0/../../../../../H-x86_64-pc-linux-gnu/nios2-elf/lib/libc.a(lib_a-fwalk.o)
 .comment       0x0000000000000023       0x24 /usr/local/3rdparty/altera/18.1/nios2eds/bin/gnu/H-x86_64-pc-linux-gnu/bin/../lib/gcc/nios2-elf/5.3.0/../../../../../H-x86_64-pc-linux-gnu/nios2-elf/lib/libc.a(lib_a-makebuf.o)
 .comment       0x0000000000000023       0x24 /usr/local/3rdparty/altera/18.1/nios2eds/bin/gnu/H-x86_64-pc-linux-gnu/bin/../lib/gcc/nios2-elf/5.3.0/../../../../../H-x86_64-pc-linux-gnu/nios2-elf/lib/libc.a(lib_a-memset.o)
 .comment       0x0000000000000023       0x24 /usr/local/3rdparty/altera/18.1/nios2eds/bin/gnu/H-x86_64-pc-linux-gnu/bin/../lib/gcc/nios2-elf/5.3.0/../../../../../H-x86_64-pc-linux-gnu/nios2-elf/lib/libc.a(lib_a-stdio.o)
 .comment       0x0000000000000023       0x24 /usr/local/3rdparty/altera/18.1/nios2eds/bin/gnu/H-x86_64-pc-linux-gnu/bin/../lib/gcc/nios2-elf/5.3.0/../../../../../H-x86_64-pc-linux-gnu/nios2-elf/lib/libc.a(lib_a-writer.o)
 .comment       0x0000000000000023       0x24 /usr/local/3rdparty/altera/18.1/nios2eds/bin/gnu/H-x86_64-pc-linux-gnu/bin/../lib/gcc/nios2-elf/5.3.0/../../../../../H-x86_64-pc-linux-gnu/nios2-elf/lib/libc.a(closer.o)
 .comment       0x0000000000000023       0x24 /usr/local/3rdparty/altera/18.1/nios2eds/bin/gnu/H-x86_64-pc-linux-gnu/bin/../lib/gcc/nios2-elf/5.3.0/../../../../../H-x86_64-pc-linux-gnu/nios2-elf/lib/libc.a(lib_a-fclose.o)
 .comment       0x0000000000000023       0x24 /usr/local/3rdparty/altera/18.1/nios2eds/bin/gnu/H-x86_64-pc-linux-gnu/bin/../lib/gcc/nios2-elf/5.3.0/../../../../../H-x86_64-pc-linux-gnu/nios2-elf/lib/libc.a(lib_a-fstatr.o)
 .comment       0x0000000000000023       0x24 /usr/local/3rdparty/altera/18.1/nios2eds/bin/gnu/H-x86_64-pc-linux-gnu/bin/../lib/gcc/nios2-elf/5.3.0/../../../../../H-x86_64-pc-linux-gnu/nios2-elf/lib/libc.a(lib_a-isattyr.o)
 .comment       0x0000000000000023       0x24 /usr/local/3rdparty/altera/18.1/nios2eds/bin/gnu/H-x86_64-pc-linux-gnu/bin/../lib/gcc/nios2-elf/5.3.0/../../../../../H-x86_64-pc-linux-gnu/nios2-elf/lib/libc.a(lib_a-lseekr.o)
 .comment       0x0000000000000023       0x24 /usr/local/3rdparty/altera/18.1/nios2eds/bin/gnu/H-x86_64-pc-linux-gnu/bin/../lib/gcc/nios2-elf/5.3.0/../../../../../H-x86_64-pc-linux-gnu/nios2-elf/lib/libc.a(lib_a-readr.o)
 .comment       0x0000000000000023       0x24 /usr/local/3rdparty/altera/18.1/nios2eds/bin/gnu/H-x86_64-pc-linux-gnu/bin/../lib/gcc/nios2-elf/5.3.0/libgcc.a(lib2-divmod.o)
 .comment       0x0000000000000023       0x24 ../p4_fix6_bsp//libhal_bsp.a(alt_exit.o)
 .comment       0x0000000000000023       0x24 ../p4_fix6_bsp//libhal_bsp.a(alt_fstat.o)
 .comment       0x0000000000000023       0x24 ../p4_fix6_bsp//libhal_bsp.a(alt_isatty.o)
 .comment       0x0000000000000023       0x24 ../p4_fix6_bsp//libhal_bsp.a(alt_lseek.o)
 .comment       0x0000000000000023       0x24 ../p4_fix6_bsp//libhal_bsp.a(alt_malloc_lock.o)
 .comment       0x0000000000000023       0x24 ../p4_fix6_bsp//libhal_bsp.a(alt_read.o)
 .comment       0x0000000000000023       0x24 ../p4_fix6_bsp//libhal_bsp.a(alt_sbrk.o)
 .comment       0x0000000000000023       0x24 ../p4_fix6_bsp//libhal_bsp.a(alt_write.o)

.debug
 *(.debug)

.line
 *(.line)

.debug_srcinfo
 *(.debug_srcinfo)

.debug_sfnames
 *(.debug_sfnames)

.debug_aranges  0x0000000000000000      0xbc0
 *(.debug_aranges)
 .debug_aranges
                0x0000000000000000       0x28 ../p4_fix6_bsp//obj/HAL/src/crt0.o
 .debug_aranges
                0x0000000000000028       0x20 obj/default/hello_world.o
 .debug_aranges
                0x0000000000000048       0x18 obj/default/myfile.o
 .debug_aranges
                0x0000000000000060       0x20 /usr/local/3rdparty/altera/18.1/nios2eds/bin/gnu/H-x86_64-pc-linux-gnu/bin/../lib/gcc/nios2-elf/5.3.0/libgcc.a(_fixunssfsi.o)
 .debug_aranges
                0x0000000000000080       0x20 /usr/local/3rdparty/altera/18.1/nios2eds/bin/gnu/H-x86_64-pc-linux-gnu/bin/../lib/gcc/nios2-elf/5.3.0/libgcc.a(gesf2.o)
 .debug_aranges
                0x00000000000000a0       0x20 /usr/local/3rdparty/altera/18.1/nios2eds/bin/gnu/H-x86_64-pc-linux-gnu/bin/../lib/gcc/nios2-elf/5.3.0/libgcc.a(lesf2.o)
 .debug_aranges
                0x00000000000000c0       0x20 /usr/local/3rdparty/altera/18.1/nios2eds/bin/gnu/H-x86_64-pc-linux-gnu/bin/../lib/gcc/nios2-elf/5.3.0/libgcc.a(mulsf3.o)
 .debug_aranges
                0x00000000000000e0       0x20 /usr/local/3rdparty/altera/18.1/nios2eds/bin/gnu/H-x86_64-pc-linux-gnu/bin/../lib/gcc/nios2-elf/5.3.0/libgcc.a(subsf3.o)
 .debug_aranges
                0x0000000000000100       0x20 /usr/local/3rdparty/altera/18.1/nios2eds/bin/gnu/H-x86_64-pc-linux-gnu/bin/../lib/gcc/nios2-elf/5.3.0/libgcc.a(fixsfsi.o)
 .debug_aranges
                0x0000000000000120       0x20 /usr/local/3rdparty/altera/18.1/nios2eds/bin/gnu/H-x86_64-pc-linux-gnu/bin/../lib/gcc/nios2-elf/5.3.0/libgcc.a(floatsisf.o)
 .debug_aranges
                0x0000000000000140       0x20 /usr/local/3rdparty/altera/18.1/nios2eds/bin/gnu/H-x86_64-pc-linux-gnu/bin/../lib/gcc/nios2-elf/5.3.0/libgcc.a(_clzsi2.o)
 .debug_aranges
                0x0000000000000160       0x18 /usr/local/3rdparty/altera/18.1/nios2eds/bin/gnu/H-x86_64-pc-linux-gnu/bin/../lib/gcc/nios2-elf/5.3.0/libgcc.a(_clz.o)
 .debug_aranges
                0x0000000000000178       0x20 ../p4_fix6_bsp//libhal_bsp.a(alt_load.o)
 .debug_aranges
                0x0000000000000198       0x20 ../p4_fix6_bsp//libhal_bsp.a(alt_main.o)
 .debug_aranges
                0x00000000000001b8       0x20 ../p4_fix6_bsp//libhal_bsp.a(alt_putstr.o)
 .debug_aranges
                0x00000000000001d8       0x20 ../p4_fix6_bsp//libhal_bsp.a(alt_sys_init.o)
 .debug_aranges
                0x00000000000001f8       0x20 ../p4_fix6_bsp//libhal_bsp.a(altera_avalon_jtag_uart_fd.o)
 .debug_aranges
                0x0000000000000218       0x20 ../p4_fix6_bsp//libhal_bsp.a(altera_avalon_jtag_uart_init.o)
 .debug_aranges
                0x0000000000000238       0x20 ../p4_fix6_bsp//libhal_bsp.a(altera_avalon_jtag_uart_ioctl.o)
 .debug_aranges
                0x0000000000000258       0x20 ../p4_fix6_bsp//libhal_bsp.a(altera_avalon_jtag_uart_read.o)
 .debug_aranges
                0x0000000000000278       0x20 ../p4_fix6_bsp//libhal_bsp.a(altera_avalon_jtag_uart_write.o)
 .debug_aranges
                0x0000000000000298       0x20 ../p4_fix6_bsp//libhal_bsp.a(altera_up_avalon_video_character_buffer_with_dma.o)
 .debug_aranges
                0x00000000000002b8       0x20 ../p4_fix6_bsp//libhal_bsp.a(altera_up_avalon_video_pixel_buffer_dma.o)
 .debug_aranges
                0x00000000000002d8       0x20 ../p4_fix6_bsp//libhal_bsp.a(alt_alarm_start.o)
 .debug_aranges
                0x00000000000002f8       0x20 ../p4_fix6_bsp//libhal_bsp.a(alt_close.o)
 .debug_aranges
                0x0000000000000318       0x20 ../p4_fix6_bsp//libhal_bsp.a(alt_dcache_flush_all.o)
 .debug_aranges
                0x0000000000000338       0x20 ../p4_fix6_bsp//libhal_bsp.a(alt_dev.o)
 .debug_aranges
                0x0000000000000358       0x20 ../p4_fix6_bsp//libhal_bsp.a(alt_dev_llist_insert.o)
 .debug_aranges