Archive member included to satisfy reference by file (symbol)

/usr/local/3rdparty/altera/18.1/nios2eds/bin/gnu/H-x86_64-pc-linux-gnu/bin/../lib/gcc/nios2-elf/5.3.0/../../../../../H-x86_64-pc-linux-gnu/nios2-elf/lib/libsmallc.a(lib_a-rand.o)
                              obj/default/hello_world_small.o (rand)
/usr/local/3rdparty/altera/18.1/nios2eds/bin/gnu/H-x86_64-pc-linux-gnu/bin/../lib/gcc/nios2-elf/5.3.0/libgcc.a(_muldi3.o)
                              /usr/local/3rdparty/altera/18.1/nios2eds/bin/gnu/H-x86_64-pc-linux-gnu/bin/../lib/gcc/nios2-elf/5.3.0/../../../../../H-x86_64-pc-linux-gnu/nios2-elf/lib/libsmallc.a(lib_a-rand.o) (__muldi3)
../test_bsp//libhal_bsp.a(alt_load.o)
                              ../test_bsp//obj/HAL/src/crt0.o (alt_load)
../test_bsp//libhal_bsp.a(alt_main.o)
                              ../test_bsp//obj/HAL/src/crt0.o (alt_main)
../test_bsp//libhal_bsp.a(alt_putstr.o)
                              obj/default/hello_world_small.o (alt_putstr)
../test_bsp//libhal_bsp.a(alt_usleep.o)
                              obj/default/hello_world_small.o (usleep)
../test_bsp//libhal_bsp.a(alt_sys_init.o)
                              ../test_bsp//libhal_bsp.a(alt_main.o) (alt_irq_init)
../test_bsp//libhal_bsp.a(altera_avalon_jtag_uart_write.o)
                              ../test_bsp//libhal_bsp.a(alt_putstr.o) (altera_avalon_jtag_uart_write)
../test_bsp//libhal_bsp.a(alt_busy_sleep.o)
                              ../test_bsp//libhal_bsp.a(alt_usleep.o) (alt_busy_sleep)
../test_bsp//libhal_bsp.a(alt_dcache_flush_all.o)
                              ../test_bsp//libhal_bsp.a(alt_load.o) (alt_dcache_flush_all)
../test_bsp//libhal_bsp.a(alt_icache_flush_all.o)
                              ../test_bsp//libhal_bsp.a(alt_load.o) (alt_icache_flush_all)
../test_bsp//libhal_bsp.a(altera_nios2_gen2_irq.o)
                              ../test_bsp//libhal_bsp.a(alt_sys_init.o) (altera_nios2_gen2_irq_init)
../test_bsp//libhal_bsp.a(alt_icache_flush.o)
                              ../test_bsp//libhal_bsp.a(alt_icache_flush_all.o) (alt_icache_flush)
/usr/local/3rdparty/altera/18.1/nios2eds/bin/gnu/H-x86_64-pc-linux-gnu/bin/../lib/gcc/nios2-elf/5.3.0/../../../../../H-x86_64-pc-linux-gnu/nios2-elf/lib/libsmallc.a(lib_a-strlen.o)
                              ../test_bsp//libhal_bsp.a(alt_putstr.o) (strlen)
/usr/local/3rdparty/altera/18.1/nios2eds/bin/gnu/H-x86_64-pc-linux-gnu/bin/../lib/gcc/nios2-elf/5.3.0/libgcc.a(lib2-divmod.o)
                              ../test_bsp//libhal_bsp.a(alt_busy_sleep.o) (__udivsi3)

Memory Configuration

Name             Origin             Length             Attributes
reset            0x0000000000010000 0x0000000000000020
onchip_memory2_0 0x0000000000010020 0x000000000000ffe0
*default*        0x0000000000000000 0xffffffffffffffff

Linker script and memory map

LOAD ../test_bsp//obj/HAL/src/crt0.o
LOAD obj/default/hello_world_small.o
LOAD /usr/local/3rdparty/altera/18.1/nios2eds/bin/gnu/H-x86_64-pc-linux-gnu/bin/../lib/gcc/nios2-elf/5.3.0/../../../../../H-x86_64-pc-linux-gnu/nios2-elf/lib/libstdc++.a
LOAD /usr/local/3rdparty/altera/18.1/nios2eds/bin/gnu/H-x86_64-pc-linux-gnu/bin/../lib/gcc/nios2-elf/5.3.0/../../../../../H-x86_64-pc-linux-gnu/nios2-elf/lib/libm.a
LOAD /usr/local/3rdparty/altera/18.1/nios2eds/bin/gnu/H-x86_64-pc-linux-gnu/bin/../lib/gcc/nios2-elf/5.3.0/libgcc.a
START GROUP
LOAD /usr/local/3rdparty/altera/18.1/nios2eds/bin/gnu/H-x86_64-pc-linux-gnu/bin/../lib/gcc/nios2-elf/5.3.0/../../../../../H-x86_64-pc-linux-gnu/nios2-elf/lib/libsmallc.a
LOAD /usr/local/3rdparty/altera/18.1/nios2eds/bin/gnu/H-x86_64-pc-linux-gnu/bin/../lib/gcc/nios2-elf/5.3.0/libgcc.a
LOAD ../test_bsp//libhal_bsp.a
LOAD /usr/local/3rdparty/altera/18.1/nios2eds/bin/gnu/H-x86_64-pc-linux-gnu/bin/../lib/gcc/nios2-elf/5.3.0/../../../../../H-x86_64-pc-linux-gnu/nios2-elf/lib/libm.a
END GROUP
LOAD /usr/local/3rdparty/altera/18.1/nios2eds/bin/gnu/H-x86_64-pc-linux-gnu/bin/../lib/gcc/nios2-elf/5.3.0/libgcc.a
                0x0000000000010000                __alt_mem_onchip_memory2_0 = 0x10000

.entry          0x0000000000010000       0x20
 *(.entry)
 .entry         0x0000000000010000       0x20 ../test_bsp//obj/HAL/src/crt0.o
                0x0000000000010000                __reset
                0x000000000001001c                _exit

.exceptions     0x0000000000010020        0x0
                0x0000000000010020                PROVIDE (__ram_exceptions_start, ABSOLUTE (.))
                0x0000000000010020                . = ALIGN (0x20)
 *(.irq)
 *(.exceptions.entry.label)
 *(.exceptions.entry.user)
 *(.exceptions.entry.ecc_fatal)
 *(.exceptions.entry)
 *(.exceptions.irqtest.user)
 *(.exceptions.irqtest)
 *(.exceptions.irqhandler.user)
 *(.exceptions.irqhandler)
 *(.exceptions.irqreturn.user)
 *(.exceptions.irqreturn)
 *(.exceptions.notirq.label)
 *(.exceptions.notirq.user)
 *(.exceptions.notirq)
 *(.exceptions.soft.user)
 *(.exceptions.soft)
 *(.exceptions.unknown.user)
 *(.exceptions.unknown)
 *(.exceptions.exit.label)
 *(.exceptions.exit.user)
 *(.exceptions.exit)
 *(.exceptions)
                0x0000000000010020                PROVIDE (__ram_exceptions_end, ABSOLUTE (.))
                0x0000000000010020                PROVIDE (__flash_exceptions_start, LOADADDR (.exceptions))

.text           0x0000000000010020      0x6a0
                [!provide]                        PROVIDE (stext, ABSOLUTE (.))
 *(.interp)
 *(.hash)
 *(.dynsym)
 *(.dynstr)
 *(.gnu.version)
 *(.gnu.version_d)
 *(.gnu.version_r)
 *(.rel.init)
 *(.rela.init)
 *(.rel.text .rel.text.* .rel.gnu.linkonce.t.*)
 *(.rela.text .rela.text.* .rela.gnu.linkonce.t.*)
 *(.rel.fini)
 *(.rela.fini)
 *(.rel.rodata .rel.rodata.* .rel.gnu.linkonce.r.*)
 *(.rela.rodata .rela.rodata.* .rela.gnu.linkonce.r.*)
 *(.rel.data .rel.data.* .rel.gnu.linkonce.d.*)
 *(.rela.data .rela.data.* .rela.gnu.linkonce.d.*)
 *(.rel.tdata .rel.tdata.* .rel.gnu.linkonce.td.*)
 *(.rela.tdata .rela.tdata.* .rela.gnu.linkonce.td.*)
 *(.rel.tbss .rel.tbss.* .rel.gnu.linkonce.tb.*)
 *(.rela.tbss .rela.tbss.* .rela.gnu.linkonce.tb.*)
 *(.rel.ctors)
 *(.rela.ctors)
 *(.rel.dtors)
 *(.rela.dtors)
 *(.rel.got)
 *(.rela.got)
 *(.rel.sdata .rel.sdata.* .rel.gnu.linkonce.s.*)
 *(.rela.sdata .rela.sdata.* .rela.gnu.linkonce.s.*)
 *(.rel.sbss .rel.sbss.* .rel.gnu.linkonce.sb.*)
 *(.rela.sbss .rela.sbss.* .rela.gnu.linkonce.sb.*)
 *(.rel.sdata2 .rel.sdata2.* .rel.gnu.linkonce.s2.*)
 *(.rela.sdata2 .rela.sdata2.* .rela.gnu.linkonce.s2.*)
 *(.rel.sbss2 .rel.sbss2.* .rel.gnu.linkonce.sb2.*)
 *(.rela.sbss2 .rela.sbss2.* .rela.gnu.linkonce.sb2.*)
 *(.rel.bss .rel.bss.* .rel.gnu.linkonce.b.*)
 *(.rela.bss .rela.bss.* .rela.gnu.linkonce.b.*)
 *(.rel.plt)
 *(.rela.plt)
 *(.rel.dyn)
 *(.init)
 *(.plt)
 *(.text .stub .text.* .gnu.linkonce.t.*)
 .text          0x0000000000010020       0x4c ../test_bsp//obj/HAL/src/crt0.o
                0x0000000000010020                _start
 .text          0x000000000001006c        0x0 obj/default/hello_world_small.o
 .text.startup  0x000000000001006c      0x134 obj/default/hello_world_small.o
                0x000000000001006c                main
 .text          0x00000000000101a0        0x0 /usr/local/3rdparty/altera/18.1/nios2eds/bin/gnu/H-x86_64-pc-linux-gnu/bin/../lib/gcc/nios2-elf/5.3.0/../../../../../H-x86_64-pc-linux-gnu/nios2-elf/lib/libsmallc.a(lib_a-rand.o)
 .text.srand    0x00000000000101a0       0x14 /usr/local/3rdparty/altera/18.1/nios2eds/bin/gnu/H-x86_64-pc-linux-gnu/bin/../lib/gcc/nios2-elf/5.3.0/../../../../../H-x86_64-pc-linux-gnu/nios2-elf/lib/libsmallc.a(lib_a-rand.o)
                0x00000000000101a0                srand
 .text.rand     0x00000000000101b4       0x60 /usr/local/3rdparty/altera/18.1/nios2eds/bin/gnu/H-x86_64-pc-linux-gnu/bin/../lib/gcc/nios2-elf/5.3.0/../../../../../H-x86_64-pc-linux-gnu/nios2-elf/lib/libsmallc.a(lib_a-rand.o)
                0x00000000000101b4                rand
 .text          0x0000000000010214       0x60 /usr/local/3rdparty/altera/18.1/nios2eds/bin/gnu/H-x86_64-pc-linux-gnu/bin/../lib/gcc/nios2-elf/5.3.0/libgcc.a(_muldi3.o)
                0x0000000000010214                __muldi3
 .text          0x0000000000010274       0xe0 ../test_bsp//libhal_bsp.a(alt_load.o)
                0x0000000000010274                alt_load
 .text          0x0000000000010354       0x2c ../test_bsp//libhal_bsp.a(alt_main.o)
                0x0000000000010354                alt_main
 .text          0x0000000000010380       0x38 ../test_bsp//libhal_bsp.a(alt_putstr.o)
                0x0000000000010380                alt_putstr
 .text          0x00000000000103b8        0x4 ../test_bsp//libhal_bsp.a(alt_usleep.o)
                0x00000000000103b8                usleep
 .text          0x00000000000103bc       0x24 ../test_bsp//libhal_bsp.a(alt_sys_init.o)
                0x00000000000103bc                alt_irq_init
                0x00000000000103dc                alt_sys_init
 .text          0x00000000000103e0       0x34 ../test_bsp//libhal_bsp.a(altera_avalon_jtag_uart_write.o)
                0x00000000000103e0                altera_avalon_jtag_uart_write
 .text          0x0000000000010414       0x78 ../test_bsp//libhal_bsp.a(alt_busy_sleep.o)
                0x0000000000010414                alt_busy_sleep
 .text          0x000000000001048c       0x18 ../test_bsp//libhal_bsp.a(alt_dcache_flush_all.o)
                0x000000000001048c                alt_dcache_flush_all
 .text          0x00000000000104a4        0xc ../test_bsp//libhal_bsp.a(alt_icache_flush_all.o)
                0x00000000000104a4                alt_icache_flush_all
 .text          0x00000000000104b0        0x8 ../test_bsp//libhal_bsp.a(altera_nios2_gen2_irq.o)
                0x00000000000104b0                altera_nios2_gen2_irq_init
 .text          0x00000000000104b8       0x38 ../test_bsp//libhal_bsp.a(alt_icache_flush.o)
                0x00000000000104b8                alt_icache_flush
 .text          0x00000000000104f0        0x0 /usr/local/3rdparty/altera/18.1/nios2eds/bin/gnu/H-x86_64-pc-linux-gnu/bin/../lib/gcc/nios2-elf/5.3.0/../../../../../H-x86_64-pc-linux-gnu/nios2-elf/lib/libsmallc.a(lib_a-strlen.o)
 .text.strlen   0x00000000000104f0       0x1c /usr/local/3rdparty/altera/18.1/nios2eds/bin/gnu/H-x86_64-pc-linux-gnu/bin/../lib/gcc/nios2-elf/5.3.0/../../../../../H-x86_64-pc-linux-gnu/nios2-elf/lib/libsmallc.a(lib_a-strlen.o)
                0x00000000000104f0                strlen
 .text          0x000000000001050c      0x1b4 /usr/local/3rdparty/altera/18.1/nios2eds/bin/gnu/H-x86_64-pc-linux-gnu/bin/../lib/gcc/nios2-elf/5.3.0/libgcc.a(lib2-divmod.o)
                0x000000000001050c                __divsi3
                0x0000000000010590                __modsi3
                0x0000000000010604                __udivsi3
                0x0000000000010668                __umodsi3
 *(.gnu.warning.*)
 *(.fini)
                [!provide]                        PROVIDE (__etext, ABSOLUTE (.))
                [!provide]                        PROVIDE (_etext, ABSOLUTE (.))
                [!provide]                        PROVIDE (etext, ABSOLUTE (.))
 *(.eh_frame_hdr)
                0x00000000000106c0                . = ALIGN (0x4)
                [!provide]                        PROVIDE (__preinit_array_start, ABSOLUTE (.))
 *(.preinit_array)
                [!provide]                        PROVIDE (__preinit_array_end, ABSOLUTE (.))
                [!provide]                        PROVIDE (__init_array_start, ABSOLUTE (.))
 *(.init_array)
                [!provide]                        PROVIDE (__init_array_end, ABSOLUTE (.))
                [!provide]                        PROVIDE (__fini_array_start, ABSOLUTE (.))
 *(.fini_array)
                [!provide]                        PROVIDE (__fini_array_end, ABSOLUTE (.))
 *(.eh_frame)
 *(.gcc_except_table .gcc_except_table.*)
 *(.dynamic)
                [!provide]                        PROVIDE (__CTOR_LIST__, ABSOLUTE (.))
 *(.ctors)
 *(SORT(.ctors.*))
                [!provide]                        PROVIDE (__CTOR_END__, ABSOLUTE (.))
                [!provide]                        PROVIDE (__DTOR_LIST__, ABSOLUTE (.))
 *(.dtors)
 *(SORT(.dtors.*))
                [!provide]                        PROVIDE (__DTOR_END__, ABSOLUTE (.))
 *(.jcr)
                0x00000000000106c0                . = ALIGN (0x4)

.rodata         0x00000000000106c0       0x7c
                0x00000000000106c0                PROVIDE (__ram_rodata_start, ABSOLUTE (.))
                0x00000000000106c0                . = ALIGN (0x4)
 *(.rodata .rodata.* .gnu.linkonce.r.*)
 .rodata.str1.4
                0x00000000000106c0       0x7c obj/default/hello_world_small.o
                                         0x79 (size before relaxing)
 *(.rodata1)
                0x000000000001073c                . = ALIGN (0x4)
                0x000000000001073c                PROVIDE (__ram_rodata_end, ABSOLUTE (.))
                0x00000000000106c0                PROVIDE (__flash_rodata_start, LOADADDR (.rodata))

.rwdata         0x000000000001073c        0x4 load address 0x0000000000010740
                0x000000000001073c                PROVIDE (__ram_rwdata_start, ABSOLUTE (.))
                0x000000000001073c                . = ALIGN (0x4)
 *(.got.plt)
 *(.got)
 *(.data1)
 *(.data .data.* .gnu.linkonce.d.*)
 .data          0x000000000001073c        0x0 ../test_bsp//obj/HAL/src/crt0.o
 .data          0x000000000001073c        0x0 obj/default/hello_world_small.o
 .data          0x000000000001073c        0x0 /usr/local/3rdparty/altera/18.1/nios2eds/bin/gnu/H-x86_64-pc-linux-gnu/bin/../lib/gcc/nios2-elf/5.3.0/../../../../../H-x86_64-pc-linux-gnu/nios2-elf/lib/libsmallc.a(lib_a-rand.o)
 .data          0x000000000001073c        0x0 /usr/local/3rdparty/altera/18.1/nios2eds/bin/gnu/H-x86_64-pc-linux-gnu/bin/../lib/gcc/nios2-elf/5.3.0/libgcc.a(_muldi3.o)
 .data          0x000000000001073c        0x0 ../test_bsp//libhal_bsp.a(alt_load.o)
 .data          0x000000000001073c        0x0 ../test_bsp//libhal_bsp.a(alt_main.o)
 .data          0x000000000001073c        0x0 ../test_bsp//libhal_bsp.a(alt_putstr.o)
 .data          0x000000000001073c        0x0 ../test_bsp//libhal_bsp.a(alt_usleep.o)
 .data          0x000000000001073c        0x0 ../test_bsp//libhal_bsp.a(alt_sys_init.o)
 .data          0x000000000001073c        0x0 ../test_bsp//libhal_bsp.a(altera_avalon_jtag_uart_write.o)
 .data          0x000000000001073c        0x0 ../test_bsp//libhal_bsp.a(alt_busy_sleep.o)
 .data          0x000000000001073c        0x0 ../test_bsp//libhal_bsp.a(alt_dcache_flush_all.o)
 .data          0x000000000001073c        0x0 ../test_bsp//libhal_bsp.a(alt_icache_flush_all.o)
 .data          0x000000000001073c        0x0 ../test_bsp//libhal_bsp.a(altera_nios2_gen2_irq.o)
 .data          0x000000000001073c        0x0 ../test_bsp//libhal_bsp.a(alt_icache_flush.o)
 .data          0x000000000001073c        0x0 /usr/local/3rdparty/altera/18.1/nios2eds/bin/gnu/H-x86_64-pc-linux-gnu/bin/../lib/gcc/nios2-elf/5.3.0/../../../../../H-x86_64-pc-linux-gnu/nios2-elf/lib/libsmallc.a(lib_a-strlen.o)
 .data          0x000000000001073c        0x0 /usr/local/3rdparty/altera/18.1/nios2eds/bin/gnu/H-x86_64-pc-linux-gnu/bin/../lib/gcc/nios2-elf/5.3.0/libgcc.a(lib2-divmod.o)
                0x000000000001873c                _gp = ABSOLUTE ((. + 0x8000))
                [!provide]                        PROVIDE (gp, _gp)
 *(.rwdata .rwdata.*)
 *(.sdata .sdata.* .gnu.linkonce.s.*)
 .sdata         0x000000000001073c        0x4 ../test_bsp//libhal_bsp.a(alt_sys_init.o)
                0x000000000001073c                jtag_uart_0
 *(.sdata2 .sdata2.* .gnu.linkonce.s2.*)
                0x0000000000010740                . = ALIGN (0x4)
                0x0000000000010740                _edata = ABSOLUTE (.)
                [!provide]                        PROVIDE (edata, ABSOLUTE (.))
                0x0000000000010740                PROVIDE (__ram_rwdata_end, ABSOLUTE (.))
                0x0000000000010740                PROVIDE (__flash_rwdata_start, LOADADDR (.rwdata))

.bss            0x0000000000010744       0x14
                0x0000000000010744                __bss_start = ABSOLUTE (.)
                [!provide]                        PROVIDE (__sbss_start, ABSOLUTE (.))
                [!provide]                        PROVIDE (___sbss_start, ABSOLUTE (.))
 *(.dynsbss)
 *(.sbss .sbss.* .gnu.linkonce.sb.*)
 .sbss._randbits
                0x0000000000010744        0x8 /usr/local/3rdparty/altera/18.1/nios2eds/bin/gnu/H-x86_64-pc-linux-gnu/bin/../lib/gcc/nios2-elf/5.3.0/../../../../../H-x86_64-pc-linux-gnu/nios2-elf/lib/libsmallc.a(lib_a-rand.o)
 .sbss          0x000000000001074c        0xc ../test_bsp//libhal_bsp.a(alt_main.o)
                0x000000000001074c                alt_envp
                0x0000000000010750                alt_argv
                0x0000000000010754                alt_argc
 *(.sbss2 .sbss2.* .gnu.linkonce.sb2.*)
 *(.scommon)
                [!provide]                        PROVIDE (__sbss_end, ABSOLUTE (.))
                [!provide]                        PROVIDE (___sbss_end, ABSOLUTE (.))
 *(.dynbss)
 *(.bss .bss.* .gnu.linkonce.b.*)
 .bss           0x0000000000010758        0x0 ../test_bsp//obj/HAL/src/crt0.o
 .bss           0x0000000000010758        0x0 obj/default/hello_world_small.o
 .bss           0x0000000000010758        0x0 /usr/local/3rdparty/altera/18.1/nios2eds/bin/gnu/H-x86_64-pc-linux-gnu/bin/../lib/gcc/nios2-elf/5.3.0/../../../../../H-x86_64-pc-linux-gnu/nios2-elf/lib/libsmallc.a(lib_a-rand.o)
 .bss           0x0000000000010758        0x0 /usr/local/3rdparty/altera/18.1/nios2eds/bin/gnu/H-x86_64-pc-linux-gnu/bin/../lib/gcc/nios2-elf/5.3.0/libgcc.a(_muldi3.o)
 .bss           0x0000000000010758        0x0 ../test_bsp//libhal_bsp.a(alt_load.o)
 .bss           0x0000000000010758        0x0 ../test_bsp//libhal_bsp.a(alt_main.o)
 .bss           0x0000000000010758        0x0 ../test_bsp//libhal_bsp.a(alt_putstr.o)
 .bss           0x0000000000010758        0x0 ../test_bsp//libhal_bsp.a(alt_usleep.o)
 .bss           0x0000000000010758        0x0 ../test_bsp//libhal_bsp.a(alt_sys_init.o)
 .bss           0x0000000000010758        0x0 ../test_bsp//libhal_bsp.a(altera_avalon_jtag_uart_write.o)
 .bss           0x0000000000010758        0x0 ../test_bsp//libhal_bsp.a(alt_busy_sleep.o)
 .bss           0x0000000000010758        0x0 ../test_bsp//libhal_bsp.a(alt_dcache_flush_all.o)
 .bss           0x0000000000010758        0x0 ../test_bsp//libhal_bsp.a(alt_icache_flush_all.o)
 .bss           0x0000000000010758        0x0 ../test_bsp//libhal_bsp.a(altera_nios2_gen2_irq.o)
 .bss           0x0000000000010758        0x0 ../test_bsp//libhal_bsp.a(alt_icache_flush.o)
 .bss           0x0000000000010758        0x0 /usr/local/3rdparty/altera/18.1/nios2eds/bin/gnu/H-x86_64-pc-linux-gnu/bin/../lib/gcc/nios2-elf/5.3.0/../../../../../H-x86_64-pc-linux-gnu/nios2-elf/lib/libsmallc.a(lib_a-strlen.o)
 .bss           0x0000000000010758        0x0 /usr/local/3rdparty/altera/18.1/nios2eds/bin/gnu/H-x86_64-pc-linux-gnu/bin/../lib/gcc/nios2-elf/5.3.0/libgcc.a(lib2-divmod.o)
 *(COMMON)
                0x0000000000010758                . = ALIGN (0x4)
                0x0000000000010758                __bss_end = ABSOLUTE (.)

.onchip_memory2_0
                0x0000000000010758        0x0
                [!provide]                        PROVIDE (_alt_partition_onchip_memory2_0_start, ABSOLUTE (.))
 *(.onchip_memory2_0 .onchip_memory2_0. onchip_memory2_0.*)
                0x0000000000010758                . = ALIGN (0x4)
                [!provide]                        PROVIDE (_alt_partition_onchip_memory2_0_end, ABSOLUTE (.))
                0x0000000000010758                _end = ABSOLUTE (.)
                0x0000000000010758                end = ABSOLUTE (.)
                0x0000000000010758                __alt_stack_base = ABSOLUTE (.)
                [!provide]                        PROVIDE (_alt_partition_onchip_memory2_0_load_addr, LOADADDR (.onchip_memory2_0))

.stab
 *(.stab)

.stabstr
 *(.stabstr)

.stab.excl
 *(.stab.excl)

.stab.exclstr
 *(.stab.exclstr)

.stab.index
 *(.stab.index)

.stab.indexstr
 *(.stab.indexstr)

.comment        0x0000000000000000       0x23
 *(.comment)
 .comment       0x0000000000000000       0x23 obj/default/hello_world_small.o
                                         0x24 (size before relaxing)
 .comment       0x0000000000000023       0x24 /usr/local/3rdparty/altera/18.1/nios2eds/bin/gnu/H-x86_64-pc-linux-gnu/bin/../lib/gcc/nios2-elf/5.3.0/../../../../../H-x86_64-pc-linux-gnu/nios2-elf/lib/libsmallc.a(lib_a-rand.o)
 .comment       0x0000000000000023       0x24 /usr/local/3rdparty/altera/18.1/nios2eds/bin/gnu/H-x86_64-pc-linux-gnu/bin/../lib/gcc/nios2-elf/5.3.0/libgcc.a(_muldi3.o)
 .comment       0x0000000000000023       0x24 ../test_bsp//libhal_bsp.a(alt_load.o)
 .comment       0x0000000000000023       0x24 ../test_bsp//libhal_bsp.a(alt_main.o)
 .comment       0x0000000000000023       0x24 ../test_bsp//libhal_bsp.a(alt_putstr.o)
 .comment       0x0000000000000023       0x24 ../test_bsp//libhal_bsp.a(alt_usleep.o)
 .comment       0x0000000000000023       0x24 ../test_bsp//libhal_bsp.a(alt_sys_init.o)
 .comment       0x0000000000000023       0x24 ../test_bsp//libhal_bsp.a(altera_avalon_jtag_uart_write.o)
 .comment       0x0000000000000023       0x24 ../test_bsp//libhal_bsp.a(alt_busy_sleep.o)
 .comment       0x0000000000000023       0x24 ../test_bsp//libhal_bsp.a(alt_dcache_flush_all.o)
 .comment       0x0000000000000023       0x24 ../test_bsp//libhal_bsp.a(alt_icache_flush_all.o)
 .comment       0x0000000000000023       0x24 ../test_bsp//libhal_bsp.a(altera_nios2_gen2_irq.o)
 .comment       0x0000000000000023       0x24 ../test_bsp//libhal_bsp.a(alt_icache_flush.o)
 .comment       0x0000000000000023       0x24 /usr/local/3rdparty/altera/18.1/nios2eds/bin/gnu/H-x86_64-pc-linux-gnu/bin/../lib/gcc/nios2-elf/5.3.0/../../../../../H-x86_64-pc-linux-gnu/nios2-elf/lib/libsmallc.a(lib_a-strlen.o)
 .comment       0x0000000000000023       0x24 /usr/local/3rdparty/altera/18.1/nios2eds/bin/gnu/H-x86_64-pc-linux-gnu/bin/../lib/gcc/nios2-elf/5.3.0/libgcc.a(lib2-divmod.o)

.debug
 *(.debug)

.line
 *(.line)

.debug_srcinfo
 *(.debug_srcinfo)

.debug_sfnames
 *(.debug_sfnames)

.debug_aranges  0x0000000000000000      0x230
 *(.debug_aranges)
 .debug_aranges
                0x0000000000000000       0x28 ../test_bsp//obj/HAL/src/crt0.o
 .debug_aranges
                0x0000000000000028       0x20 obj/default/hello_world_small.o
 .debug_aranges
                0x0000000000000048       0x28 /usr/local/3rdparty/altera/18.1/nios2eds/bin/gnu/H-x86_64-pc-linux-gnu/bin/../lib/gcc/nios2-elf/5.3.0/../../../../../H-x86_64-pc-linux-gnu/nios2-elf/lib/libsmallc.a(lib_a-rand.o)
 .debug_aranges
                0x0000000000000070       0x20 /usr/local/3rdparty/altera/18.1/nios2eds/bin/gnu/H-x86_64-pc-linux-gnu/bin/../lib/gcc/nios2-elf/5.3.0/libgcc.a(_muldi3.o)
 .debug_aranges
                0x0000000000000090       0x20 ../test_bsp//libhal_bsp.a(alt_load.o)
 .debug_aranges
                0x00000000000000b0       0x20 ../test_bsp//libhal_bsp.a(alt_main.o)
 .debug_aranges
                0x00000000000000d0       0x20 ../test_bsp//libhal_bsp.a(alt_putstr.o)
 .debug_aranges
                0x00000000000000f0       0x20 ../test_bsp//libhal_bsp.a(alt_usleep.o)
 .debug_aranges
                0x0000000000000110       0x20 ../test_bsp//libhal_bsp.a(alt_sys_init.o)
 .debug_aranges
                0x0000000000000130       0x20 ../test_bsp//libhal_bsp.a(altera_avalon_jtag_uart_write.o)
 .debug_aranges
                0x0000000000000150       0x20 ../test_bsp//libhal_bsp.a(alt_busy_sleep.o)
 .debug_aranges
                0x0000000000000170       0x20 ../test_bsp//libhal_bsp.a(alt_dcache_flush_all.o)
 .debug_aranges
                0x0000000000000190       0x20 ../test_bsp//libhal_bsp.a(alt_icache_flush_all.o)
 .debug_aranges
                0x00000000000001b0       0x20 ../test_bsp//libhal_bsp.a(altera_nios2_gen2_irq.o)
 .debug_aranges
                0x00000000000001d0       0x20 ../test_bsp//libhal_bsp.a(alt_icache_flush.o)
 .debug_aranges
                0x00000000000001f0       0x20 /usr/local/3rdparty/altera/18.1/nios2eds/bin/gnu/H-x86_64-pc-linux-gnu/bin/../lib/gcc/nios2-elf/5.3.0/../../../../../H-x86_64-pc-linux-gnu/nios2-elf/lib/libsmallc.a(lib_a-strlen.o)
 .debug_aranges
                0x0000000000000210       0x20 /usr/local/3rdparty/altera/18.1/nios2eds/bin/gnu/H-x86_64-pc-linux-gnu/bin/../lib/gcc/nios2-elf/5.3.0/libgcc.a(lib2-divmod.o)

.debug_pubnames
 *(.debug_pubnames)

.debug_info     0x0000000000000000     0x197a
 *(.debug_info .gnu.linkonce.wi.*)
 .debug_info    0x0000000000000000       0x58 ../test_bsp//obj/HAL/src/crt0.o
 .debug_info    0x0000000000000058      0x1bd obj/default/hello_world_small.o
 .debug_info    0x0000000000000215      0x5ec /usr/local/3rdparty/altera/18.1/nios2eds/bin/gnu/H-x86_64-pc-linux-gnu/bin/../lib/gcc/nios2-elf/5.3.0/../../../../../H-x86_64-pc-linux-gnu/nios2-elf/lib/libsmallc.a(lib_a-rand.o)
 .debug_info    0x0000000000000801      0x1eb /usr/local/3rdparty/altera/18.1/nios2eds/bin/gnu/H-x86_64-pc-linux-gnu/bin/../lib/gcc/nios2-elf/5.3.0/libgcc.a(_muldi3.o)
 .debug_info    0x00000000000009ec      0x1c9 ../test_bsp//libhal_bsp.a(alt_load.o)
 .debug_info    0x0000000000000bb5      0x169 ../test_bsp//libhal_bsp.a(alt_main.o)
 .debug_info    0x0000000000000d1e      0x13a ../test_bsp//libhal_bsp.a(alt_putstr.o)
 .debug_info    0x0000000000000e58       0xd1 ../test_bsp//libhal_bsp.a(alt_usleep.o)
 .debug_info    0x0000000000000f29      0x185 ../test_bsp//libhal_bsp.a(alt_sys_init.o)
 .debug_info    0x00000000000010ae      0x197 ../test_bsp//libhal_bsp.a(altera_avalon_jtag_uart_write.o)
 .debug_info    0x0000000000001245       0xd8 ../test_bsp//libhal_bsp.a(alt_busy_sleep.o)
 .debug_info    0x000000000000131d       0xa6 ../test_bsp//libhal_bsp.a(alt_dcache_flush_all.o)
 .debug_info    0x00000000000013c3       0xb8 ../test_bsp//libhal_bsp.a(alt_icache_flush_all.o)
 .debug_info    0x000000000000147b       0x92 ../test_bsp//libhal_bsp.a(altera_nios2_gen2_irq.o)
 .debug_info    0x000000000000150d       0xde ../test_bsp//libhal_bsp.a(alt_icache_flush.o)
 .debug_info    0x00000000000015eb       0xc9 /usr/local/3rdparty/altera/18.1/nios2eds/bin/gnu/H-x86_64-pc-linux-gnu/bin/../lib/gcc/nios2-elf/5.3.0/../../../../../H-x86_64-pc-linux-gnu/nios2-elf/lib/libsmallc.a(lib_a-strlen.o)
 .debug_info    0x00000000000016b4      0x2c6 /usr/local/3rdparty/altera/18.1/nios2eds/bin/gnu/H-x86_64-pc-linux-gnu/bin/../lib/gcc/nios2-elf/5.3.0/libgcc.a(lib2-divmod.o)

.debug_abbrev   0x0000000000000000      0xc2f
 *(.debug_abbrev)
 .debug_abbrev  0x0000000000000000       0x12 ../test_bsp//obj/HAL/src/crt0.o
 .debug_abbrev  0x0000000000000012       0xcc obj/default/hello_world_small.o
 .debug_abbrev  0x00000000000000de      0x1a0 /usr/local/3rdparty/altera/18.1/nios2eds/bin/gnu/H-x86_64-pc-linux-gnu/bin/../lib/gcc/nios2-elf/5.3.0/../../../../../H-x86_64-pc-linux-gnu/nios2-elf/lib/libsmallc.a(lib_a-rand.o)
 .debug_abbrev  0x000000000000027e       0xef /usr/local/3rdparty/altera/18.1/nios2eds/bin/gnu/H-x86_64-pc-linux-gnu/bin/../lib/gcc/nios2-elf/5.3.0/libgcc.a(_muldi3.o)
 .debug_abbrev  0x000000000000036d       0xd8 ../test_bsp//libhal_bsp.a(alt_load.o)
 .debug_abbrev  0x0000000000000445       0xee ../test_bsp//libhal_bsp.a(alt_main.o)
 .debug_abbrev  0x0000000000000533       0xd3 ../test_bsp//libhal_bsp.a(alt_putstr.o)
 .debug_abbrev  0x0000000000000606       0x8d ../test_bsp//libhal_bsp.a(alt_usleep.o)
 .debug_abbrev  0x0000000000000693      0x107 ../test_bsp//libhal_bsp.a(alt_sys_init.o)
 .debug_abbrev  0x000000000000079a       0xd5 ../test_bsp//libhal_bsp.a(altera_avalon_jtag_uart_write.o)
 .debug_abbrev  0x000000000000086f       0x8d ../test_bsp//libhal_bsp.a(alt_busy_sleep.o)
 .debug_abbrev  0x00000000000008fc       0x5a ../test_bsp//libhal_bsp.a(alt_dcache_flush_all.o)
 .debug_abbrev  0x0000000000000956       0x6f ../test_bsp//libhal_bsp.a(alt_icache_flush_all.o)
 .debug_abbrev  0x00000000000009c5       0x42 ../test_bsp//libhal_bsp.a(altera_nios2_gen2_irq.o)
 .debug_abbrev  0x0000000000000a07       0x9b ../test_bsp//libhal_bsp.a(alt_icache_flush.o)
 .debug_abbrev  0x0000000000000aa2       0x7f /usr/local/3rdparty/altera/18.1/nios2eds/bin/gnu/H-x86_64-pc-linux-gnu/bin/../lib/gcc/nios2-elf/5.3.0/../../../../../H-x86_64-pc-linux-gnu/nios2-elf/lib/libsmallc.a(lib_a-strlen.o)
 .debug_abbrev  0x0000000000000b21      0x10e /usr/local/3rdparty/altera/18.1/nios2eds/bin/gnu/H-x86_64-pc-linux-gnu/bin/../lib/gcc/nios2-elf/5.3.0/libgcc.a(lib2-divmod.o)

.debug_line     0x0000000000000000      0xe11
 *(.debug_line)
 .debug_line    0x0000000000000000       0x72 ../test_bsp//obj/HAL/src/crt0.o
 .debug_line    0x0000000000000072      0x1b1 obj/default/hello_world_small.o
 .debug_line    0x0000000000000223      0x1e8 /usr/local/3rdparty/altera/18.1/nios2eds/bin/gnu/H-x86_64-pc-linux-gnu/bin/../lib/gcc/nios2-elf/5.3.0/../../../../../H-x86_64-pc-linux-gnu/nios2-elf/lib/libsmallc.a(lib_a-rand.o)
 .debug_line    0x000000000000040b       0x86 /usr/local/3rdparty/altera/18.1/nios2eds/bin/gnu/H-x86_64-pc-linux-gnu/bin/../lib/gcc/nios2-elf/5.3.0/libgcc.a(_muldi3.o)
 .debug_line    0x0000000000000491       0xa4 ../test_bsp//libhal_bsp.a(alt_load.o)
 .debug_line    0x0000000000000535       0xbd ../test_bsp//libhal_bsp.a(alt_main.o)
 .debug_line    0x00000000000005f2       0xae ../test_bsp//libhal_bsp.a(alt_putstr.o)
 .debug_line    0x00000000000006a0       0xdd ../test_bsp//libhal_bsp.a(alt_usleep.o)
 .debug_line    0x000000000000077d      0x101 ../test_bsp//libhal_bsp.a(alt_sys_init.o)
 .debug_line    0x000000000000087e       0xf0 ../test_bsp//libhal_bsp.a(altera_avalon_jtag_uart_write.o)
 .debug_line    0x000000000000096e       0xb3 ../test_bsp//libhal_bsp.a(alt_busy_sleep.o)
 .debug_line    0x0000000000000a21       0x5a ../test_bsp//libhal_bsp.a(alt_dcache_flush_all.o)
 .debug_line    0x0000000000000a7b       0x6e ../test_bsp//libhal_bsp.a(alt_icache_flush_all.o)
 .debug_line    0x0000000000000ae9       0x50 ../test_bsp//libhal_bsp.a(altera_nios2_gen2_irq.o)
 .debug_line    0x0000000000000b39       0x7d ../test_bsp//libhal_bsp.a(alt_icache_flush.o)
 .debug_line    0x0000000000000bb6      0x159 /usr/local/3rdparty/altera/18.1/nios2eds/bin/gnu/H-x86_64-pc-linux-gnu/bin/../lib/gcc/nios2-elf/5.3.0/../../../../../H-x86_64-pc-linux-gnu/nios2-elf/lib/libsmallc.a(lib_a-strlen.o)
 .debug_line    0x0000000000000d0f      0x102 /usr/local/3rdparty/altera/18.1/nios2eds/bin/gnu/H-x86_64-pc-linux-gnu/bin/../lib/gcc/nios2-elf/5.3.0/libgcc.a(lib2-divmod.o)

.debug_frame    0x0000000000000000      0x2c0
 *(.debug_frame)
 .debug_frame   0x0000000000000000       0x38 obj/default/hello_world_small.o
 .debug_frame   0x0000000000000038       0x40 /usr/local/3rdparty/altera/18.1/nios2eds/bin/gnu/H-x86_64-pc-linux-gnu/bin/../lib/gcc/nios2-elf/5.3.0/../../../../../H-x86_64-pc-linux-gnu/nios2-elf/lib/libsmallc.a(lib_a-rand.o)
 .debug_frame   0x0000000000000078       0x20 /usr/local/3rdparty/altera/18.1/nios2eds/bin/gnu/H-x86_64-pc-linux-gnu/bin/../lib/gcc/nios2-elf/5.3.0/libgcc.a(_muldi3.o)
 .debug_frame   0x0000000000000098       0x30 ../test_bsp//libhal_bsp.a(alt_load.o)
 .debug_frame   0x00000000000000c8       0x2c ../test_bsp//libhal_bsp.a(alt_main.o)
 .debug_frame   0x00000000000000f4       0x30 ../test_bsp//libhal_bsp.a(alt_putstr.o)
 .debug_frame   0x0000000000000124       0x20 ../test_bsp//libhal_bsp.a(alt_usleep.o)
 .debug_frame   0x0000000000000144       0x3c ../test_bsp//libhal_bsp.a(alt_sys_init.o)
 .debug_frame   0x0000000000000180       0x20 ../test_bsp//libhal_bsp.a(altera_avalon_jtag_uart_write.o)
 .debug_frame   0x00000000000001a0       0x30 ../test_bsp//libhal_bsp.a(alt_busy_sleep.o)
 .debug_frame   0x00000000000001d0       0x20 ../test_bsp//libhal_bsp.a(alt_dcache_flush_all.o)
 .debug_frame   0x00000000000001f0       0x20 ../test_bsp//libhal_bsp.a(alt_icache_flush_all.o)
 .debug_frame   0x0000000000000210       0x20 ../test_bsp//libhal_bsp.a(altera_nios2_gen2_irq.o)
 .debug_frame   0x0000000000000230       0x20 ../test_bsp//libhal_bsp.a(alt_icache_flush.o)
 .debug_frame   0x0000000000000250       0x20 /usr/local/3rdparty/altera/18.1/nios2eds/bin/gnu/H-x86_64-pc-linux-gnu/bin/../lib/gcc/nios2-elf/5.3.0/../../../../../H-x86_64-pc-linux-gnu/nios2-elf/lib/libsmallc.a(lib_a-strlen.o)
 .debug_frame   0x0000000000000270       0x50 /usr/local/3rdparty/altera/18.1/nios2eds/bin/gnu/H-x86_64-pc-linux-gnu/bin/../lib/gcc/nios2-elf/5.3.0/libgcc.a(lib2-divmod.o)

.debug_str      0x0000000000000000      0xb97
 *(.debug_str)
 .debug_str     0x0000000000000000      0x11a obj/default/hello_world_small.o
                                        0x15d (size before relaxing)
 .debug_str     0x000000000000011a      0x3e5 /usr/local/3rdparty/altera/18.1/nios2eds/bin/gnu/H-x86_64-pc-linux-gnu/bin/../lib/gcc/nios2-elf/5.3.0/../../../../../H-x86_64-pc-linux-gnu/nios2-elf/lib/libsmallc.a(lib_a-rand.o)
                                        0x4a6 (size before relaxing)
 .debug_str     0x00000000000004ff      0x183 /usr/local/3rdparty/altera/18.1/nios2eds/bin/gnu/H-x86_64-pc-linux-gnu/bin/../lib/gcc/nios2-elf/5.3.0/libgcc.a(_muldi3.o)
                                        0x20c (size before relaxing)
 .debug_str     0x0000000000000682      0x13f ../test_bsp//libhal_bsp.a(alt_load.o)
                                        0x223 (size before relaxing)
 .debug_str     0x00000000000007c1       0x8a ../test_bsp//libhal_bsp.a(alt_main.o)
                                        0x19c (size before relaxing)
 .debug_str     0x000000000000084b       0x66 ../test_bsp//libhal_bsp.a(alt_putstr.o)
                                        0x179 (size before relaxing)
 .debug_str     0x00000000000008b1       0x2f ../test_bsp//libhal_bsp.a(alt_usleep.o)
                                        0x13e (size before relaxing)
 .debug_str     0x00000000000008e0       0x86 ../test_bsp//libhal_bsp.a(alt_sys_init.o)
                                        0x20d (size before relaxing)
 .debug_str     0x0000000000000966       0x2c ../test_bsp//libhal_bsp.a(altera_avalon_jtag_uart_write.o)
                                        0x1fc (size before relaxing)
 .debug_str     0x0000000000000992       0x33 ../test_bsp//libhal_bsp.a(alt_busy_sleep.o)
                                        0x152 (size before relaxing)
 .debug_str     0x00000000000009c5       0x1f ../test_bsp//libhal_bsp.a(alt_dcache_flush_all.o)
                                        0x13c (size before relaxing)
 .debug_str     0x00000000000009e4       0x30 ../test_bsp//libhal_bsp.a(alt_icache_flush_all.o)
                                        0x14d (size before relaxing)
 .debug_str     0x0000000000000a14       0x20 ../test_bsp//libhal_bsp.a(altera_nios2_gen2_irq.o)
                                        0x143 (size before relaxing)
 .debug_str     0x0000000000000a34       0x1b ../test_bsp//libhal_bsp.a(alt_icache_flush.o)
                                        0x142 (size before relaxing)
 .debug_str     0x0000000000000a4f       0xcc /usr/local/3rdparty/altera/18.1/nios2eds/bin/gnu/H-x86_64-pc-linux-gnu/bin/../lib/gcc/nios2-elf/5.3.0/../../../../../H-x86_64-pc-linux-gnu/nios2-elf/lib/libsmallc.a(lib_a-strlen.o)
                                        0x1cc (size before relaxing)
 .debug_str     0x0000000000000b1b       0x7c /usr/local/3rdparty/altera/18.1/nios2eds/bin/gnu/H-x86_64-pc-linux-gnu/bin/../lib/gcc/nios2-elf/5.3.0/libgcc.a(lib2-divmod.o)
                                        0x1b9 (size before relaxing)

.debug_loc      0x0000000000000000      0x929
 *(.debug_loc)
 .debug_loc     0x0000000000000000      0x126 obj/default/hello_world_small.o
 .debug_loc     0x0000000000000126      0x12d /usr/local/3rdparty/altera/18.1/nios2eds/bin/gnu/H-x86_64-pc-linux-gnu/bin/../lib/gcc/nios2-elf/5.3.0/libgcc.a(_muldi3.o)
 .debug_loc     0x0000000000000253       0x37 ../test_bsp//libhal_bsp.a(alt_putstr.o)
 .debug_loc     0x000000000000028a       0x21 ../test_bsp//libhal_bsp.a(alt_usleep.o)
 .debug_loc     0x00000000000002ab       0x21 ../test_bsp//libhal_bsp.a(alt_sys_init.o)
 .debug_loc     0x00000000000002cc       0x8b ../test_bsp//libhal_bsp.a(altera_avalon_jtag_uart_write.o)
 .debug_loc     0x0000000000000357       0x75 ../test_bsp//libhal_bsp.a(alt_busy_sleep.o)
 .debug_loc     0x00000000000003cc       0x1f ../test_bsp//libhal_bsp.a(alt_dcache_flush_all.o)
 .debug_loc     0x00000000000003eb       0x52 ../test_bsp//libhal_bsp.a(alt_icache_flush.o)
 .debug_loc     0x000000000000043d       0x1e /usr/local/3rdparty/altera/18.1/nios2eds/bin/gnu/H-x86_64-pc-linux-gnu/bin/../lib/gcc/nios2-elf/5.3.0/../../../../../H-x86_64-pc-linux-gnu/nios2-elf/lib/libsmallc.a(lib_a-strlen.o)
 .debug_loc     0x000000000000045b      0x4ce /usr/local/3rdparty/altera/18.1/nios2eds/bin/gnu/H-x86_64-pc-linux-gnu/bin/../lib/gcc/nios2-elf/5.3.0/libgcc.a(lib2-divmod.o)

.debug_macinfo
 *(.debug_macinfo)

.debug_weaknames
 *(.debug_weaknames)

.debug_funcnames
 *(.debug_funcnames)

.debug_typenames
 *(.debug_typenames)

.debug_varnames
 *(.debug_varnames)

.debug_alt_sim_info
                0x0000000000000000       0x60
 *(.debug_alt_sim_info)
 .debug_alt_sim_info
                0x0000000000000000       0x30 ../test_bsp//obj/HAL/src/crt0.o
 .debug_alt_sim_info
                0x0000000000000030       0x30 ../test_bsp//libhal_bsp.a(alt_busy_sleep.o)
                0x0000000000020000                __alt_data_end = 0x20000
                0x0000000000020000                PROVIDE (__alt_stack_pointer, __alt_data_end)
                [!provide]                        PROVIDE (__alt_stack_limit, __alt_stack_base)
                [!provide]                        PROVIDE (__alt_heap_start, end)
                [!provide]                        PROVIDE (__alt_heap_limit, 0x20000)
OUTPUT(test.elf elf32-littlenios2)

.debug_ranges   0x0000000000000000      0x128
 .debug_ranges  0x0000000000000000       0x20 ../test_bsp//obj/HAL/src/crt0.o
 .debug_ranges  0x0000000000000020       0x10 obj/default/hello_world_small.o
 .debug_ranges  0x0000000000000030       0x18 /usr/local/3rdparty/altera/18.1/nios2eds/bin/gnu/H-x86_64-pc-linux-gnu/bin/../lib/gcc/nios2-elf/5.3.0/../../../../../H-x86_64-pc-linux-gnu/nios2-elf/lib/libsmallc.a(lib_a-rand.o)
 .debug_ranges  0x0000000000000048       0x18 /usr/local/3rdparty/altera/18.1/nios2eds/bin/gnu/H-x86_64-pc-linux-gnu/bin/../lib/gcc/nios2-elf/5.3.0/libgcc.a(_muldi3.o)
 .debug_ranges  0x0000000000000060       0x48 ../test_bsp//libhal_bsp.a(alt_load.o)
 .debug_ranges  0x00000000000000a8       0x10 ../test_bsp//libhal_bsp.a(alt_icache_flush.o)
 .debug_ranges  0x00000000000000b8       0x10 /usr/local/3rdparty/altera/18.1/nios2eds/bin/gnu/H-x86_64-pc-linux-gnu/bin/../lib/gcc/nios2-elf/5.3.0/../../../../../H-x86_64-pc-linux-gnu/nios2-elf/lib/libsmallc.a(lib_a-strlen.o)
 .debug_ranges  0x00000000000000c8       0x60 /usr/local/3rdparty/altera/18.1/nios2eds/bin/gnu/H-x86_64-pc-linux-gnu/bin/../lib/gcc/nios2-elf/5.3.0/libgcc.a(lib2-divmod.o)
