Archive member included to satisfy reference by file (symbol)

/usr/local/3rdparty/altera/18.1/nios2eds/bin/gnu/H-x86_64-pc-linux-gnu/bin/../lib/gcc/nios2-elf/5.3.0/libgcc.a(_fixunssfsi.o)
                              obj/default/hello_world_small.o (__fixunssfsi)
/usr/local/3rdparty/altera/18.1/nios2eds/bin/gnu/H-x86_64-pc-linux-gnu/bin/../lib/gcc/nios2-elf/5.3.0/libgcc.a(gesf2.o)
                              /usr/local/3rdparty/altera/18.1/nios2eds/bin/gnu/H-x86_64-pc-linux-gnu/bin/../lib/gcc/nios2-elf/5.3.0/libgcc.a(_fixunssfsi.o) (__gesf2)
/usr/local/3rdparty/altera/18.1/nios2eds/bin/gnu/H-x86_64-pc-linux-gnu/bin/../lib/gcc/nios2-elf/5.3.0/libgcc.a(mulsf3.o)
                              obj/default/hello_world_small.o (__mulsf3)
/usr/local/3rdparty/altera/18.1/nios2eds/bin/gnu/H-x86_64-pc-linux-gnu/bin/../lib/gcc/nios2-elf/5.3.0/libgcc.a(subsf3.o)
                              /usr/local/3rdparty/altera/18.1/nios2eds/bin/gnu/H-x86_64-pc-linux-gnu/bin/../lib/gcc/nios2-elf/5.3.0/libgcc.a(_fixunssfsi.o) (__subsf3)
/usr/local/3rdparty/altera/18.1/nios2eds/bin/gnu/H-x86_64-pc-linux-gnu/bin/../lib/gcc/nios2-elf/5.3.0/libgcc.a(fixsfsi.o)
                              /usr/local/3rdparty/altera/18.1/nios2eds/bin/gnu/H-x86_64-pc-linux-gnu/bin/../lib/gcc/nios2-elf/5.3.0/libgcc.a(_fixunssfsi.o) (__fixsfsi)
/usr/local/3rdparty/altera/18.1/nios2eds/bin/gnu/H-x86_64-pc-linux-gnu/bin/../lib/gcc/nios2-elf/5.3.0/libgcc.a(floatsisf.o)
                              obj/default/hello_world_small.o (__floatsisf)
/usr/local/3rdparty/altera/18.1/nios2eds/bin/gnu/H-x86_64-pc-linux-gnu/bin/../lib/gcc/nios2-elf/5.3.0/libgcc.a(_clzsi2.o)
                              /usr/local/3rdparty/altera/18.1/nios2eds/bin/gnu/H-x86_64-pc-linux-gnu/bin/../lib/gcc/nios2-elf/5.3.0/libgcc.a(mulsf3.o) (__clzsi2)
/usr/local/3rdparty/altera/18.1/nios2eds/bin/gnu/H-x86_64-pc-linux-gnu/bin/../lib/gcc/nios2-elf/5.3.0/libgcc.a(_clz.o)
                              /usr/local/3rdparty/altera/18.1/nios2eds/bin/gnu/H-x86_64-pc-linux-gnu/bin/../lib/gcc/nios2-elf/5.3.0/libgcc.a(_clzsi2.o) (__clz_tab)
../mytest_bsp//libhal_bsp.a(alt_load.o)
                              ../mytest_bsp//obj/HAL/src/crt0.o (alt_load)
../mytest_bsp//libhal_bsp.a(alt_main.o)
                              ../mytest_bsp//obj/HAL/src/crt0.o (alt_main)
../mytest_bsp//libhal_bsp.a(alt_putstr.o)
                              obj/default/hello_world_small.o (alt_putstr)
../mytest_bsp//libhal_bsp.a(alt_sys_init.o)
                              ../mytest_bsp//libhal_bsp.a(alt_main.o) (alt_irq_init)
../mytest_bsp//libhal_bsp.a(altera_avalon_jtag_uart_write.o)
                              ../mytest_bsp//libhal_bsp.a(alt_putstr.o) (altera_avalon_jtag_uart_write)
../mytest_bsp//libhal_bsp.a(altera_up_avalon_video_character_buffer_with_dma.o)
                              ../mytest_bsp//libhal_bsp.a(alt_sys_init.o) (alt_up_char_buffer_init)
../mytest_bsp//libhal_bsp.a(altera_up_avalon_video_pixel_buffer_dma.o)
                              obj/default/hello_world_small.o (alt_up_pixel_buffer_dma_open_dev)
../mytest_bsp//libhal_bsp.a(alt_dcache_flush_all.o)
                              ../mytest_bsp//libhal_bsp.a(alt_load.o) (alt_dcache_flush_all)
../mytest_bsp//libhal_bsp.a(alt_dev.o)
                              ../mytest_bsp//libhal_bsp.a(alt_sys_init.o) (alt_dev_list)
../mytest_bsp//libhal_bsp.a(alt_dev_llist_insert.o)
                              ../mytest_bsp//libhal_bsp.a(alt_sys_init.o) (alt_dev_llist_insert)
../mytest_bsp//libhal_bsp.a(alt_errno.o)
                              ../mytest_bsp//libhal_bsp.a(alt_dev_llist_insert.o) (alt_errno)
../mytest_bsp//libhal_bsp.a(alt_find_dev.o)
                              ../mytest_bsp//libhal_bsp.a(altera_up_avalon_video_character_buffer_with_dma.o) (alt_find_dev)
../mytest_bsp//libhal_bsp.a(alt_icache_flush_all.o)
                              ../mytest_bsp//libhal_bsp.a(alt_load.o) (alt_icache_flush_all)
../mytest_bsp//libhal_bsp.a(altera_nios2_gen2_irq.o)
                              ../mytest_bsp//libhal_bsp.a(alt_sys_init.o) (altera_nios2_gen2_irq_init)
../mytest_bsp//libhal_bsp.a(alt_icache_flush.o)
                              ../mytest_bsp//libhal_bsp.a(alt_icache_flush_all.o) (alt_icache_flush)
/usr/local/3rdparty/altera/18.1/nios2eds/bin/gnu/H-x86_64-pc-linux-gnu/bin/../lib/gcc/nios2-elf/5.3.0/../../../../../H-x86_64-pc-linux-gnu/nios2-elf/lib/libsmallc.a(lib_a-int_errno.o)
                              ../mytest_bsp//libhal_bsp.a(alt_dev_llist_insert.o) (errno)
/usr/local/3rdparty/altera/18.1/nios2eds/bin/gnu/H-x86_64-pc-linux-gnu/bin/../lib/gcc/nios2-elf/5.3.0/../../../../../H-x86_64-pc-linux-gnu/nios2-elf/lib/libsmallc.a(lib_a-memcmp.o)
                              ../mytest_bsp//libhal_bsp.a(alt_find_dev.o) (memcmp)
/usr/local/3rdparty/altera/18.1/nios2eds/bin/gnu/H-x86_64-pc-linux-gnu/bin/../lib/gcc/nios2-elf/5.3.0/../../../../../H-x86_64-pc-linux-gnu/nios2-elf/lib/libsmallc.a(lib_a-strcmp.o)
                              ../mytest_bsp//libhal_bsp.a(altera_up_avalon_video_character_buffer_with_dma.o) (strcmp)
/usr/local/3rdparty/altera/18.1/nios2eds/bin/gnu/H-x86_64-pc-linux-gnu/bin/../lib/gcc/nios2-elf/5.3.0/../../../../../H-x86_64-pc-linux-gnu/nios2-elf/lib/libsmallc.a(lib_a-strlen.o)
                              ../mytest_bsp//libhal_bsp.a(alt_putstr.o) (strlen)

Allocating common symbols
Common symbol       size              file

errno               0x4               /usr/local/3rdparty/altera/18.1/nios2eds/bin/gnu/H-x86_64-pc-linux-gnu/bin/../lib/gcc/nios2-elf/5.3.0/../../../../../H-x86_64-pc-linux-gnu/nios2-elf/lib/libsmallc.a(lib_a-int_errno.o)

Memory Configuration

Name             Origin             Length             Attributes
reset            0x0000000010000000 0x0000000000000020
sdram_controller 0x0000000010000020 0x0000000007ffffe0
*default*        0x0000000000000000 0xffffffffffffffff

Linker script and memory map

LOAD ../mytest_bsp//obj/HAL/src/crt0.o
LOAD obj/default/hello_world_small.o
LOAD obj/default/myfile.o
LOAD /usr/local/3rdparty/altera/18.1/nios2eds/bin/gnu/H-x86_64-pc-linux-gnu/bin/../lib/gcc/nios2-elf/5.3.0/../../../../../H-x86_64-pc-linux-gnu/nios2-elf/lib/libstdc++.a
LOAD /usr/local/3rdparty/altera/18.1/nios2eds/bin/gnu/H-x86_64-pc-linux-gnu/bin/../lib/gcc/nios2-elf/5.3.0/../../../../../H-x86_64-pc-linux-gnu/nios2-elf/lib/libm.a
LOAD /usr/local/3rdparty/altera/18.1/nios2eds/bin/gnu/H-x86_64-pc-linux-gnu/bin/../lib/gcc/nios2-elf/5.3.0/libgcc.a
START GROUP
LOAD /usr/local/3rdparty/altera/18.1/nios2eds/bin/gnu/H-x86_64-pc-linux-gnu/bin/../lib/gcc/nios2-elf/5.3.0/../../../../../H-x86_64-pc-linux-gnu/nios2-elf/lib/libsmallc.a
LOAD /usr/local/3rdparty/altera/18.1/nios2eds/bin/gnu/H-x86_64-pc-linux-gnu/bin/../lib/gcc/nios2-elf/5.3.0/libgcc.a
LOAD ../mytest_bsp//libhal_bsp.a
LOAD /usr/local/3rdparty/altera/18.1/nios2eds/bin/gnu/H-x86_64-pc-linux-gnu/bin/../lib/gcc/nios2-elf/5.3.0/../../../../../H-x86_64-pc-linux-gnu/nios2-elf/lib/libm.a
END GROUP
LOAD /usr/local/3rdparty/altera/18.1/nios2eds/bin/gnu/H-x86_64-pc-linux-gnu/bin/../lib/gcc/nios2-elf/5.3.0/libgcc.a
                0x0000000010000000                __alt_mem_sdram_controller = 0x10000000

.entry          0x0000000010000000       0x20
 *(.entry)
 .entry         0x0000000010000000       0x20 ../mytest_bsp//obj/HAL/src/crt0.o
                0x0000000010000000                __reset
                0x000000001000001c                _exit

.exceptions     0x0000000010000020        0x0
                0x0000000010000020                PROVIDE (__ram_exceptions_start, ABSOLUTE (.))
                0x0000000010000020                . = ALIGN (0x20)
 *(.irq)
 *(.exceptions.entry.label)
 *(.exceptions.entry.user)
 *(.exceptions.entry.ecc_fatal)
 *(.exceptions.entry)
 *(.exceptions.irqtest.user)
 *(.exceptions.irqtest)
 *(.exceptions.irqhandler.user)
 *(.exceptions.irqhandler)
 *(.exceptions.irqreturn.user)
 *(.exceptions.irqreturn)
 *(.exceptions.notirq.label)
 *(.exceptions.notirq.user)
 *(.exceptions.notirq)
 *(.exceptions.soft.user)
 *(.exceptions.soft)
 *(.exceptions.unknown.user)
 *(.exceptions.unknown)
 *(.exceptions.exit.label)
 *(.exceptions.exit.user)
 *(.exceptions.exit)
 *(.exceptions)
                0x0000000010000020                PROVIDE (__ram_exceptions_end, ABSOLUTE (.))
                0x0000000010000020                PROVIDE (__flash_exceptions_start, LOADADDR (.exceptions))

.text           0x0000000010000020     0x1cf4
                [!provide]                        PROVIDE (stext, ABSOLUTE (.))
 *(.interp)
 *(.hash)
 *(.dynsym)
 *(.dynstr)
 *(.gnu.version)
 *(.gnu.version_d)
 *(.gnu.version_r)
 *(.rel.init)
 *(.rela.init)
 *(.rel.text .rel.text.* .rel.gnu.linkonce.t.*)
 *(.rela.text .rela.text.* .rela.gnu.linkonce.t.*)
 *(.rel.fini)
 *(.rela.fini)
 *(.rel.rodata .rel.rodata.* .rel.gnu.linkonce.r.*)
 *(.rela.rodata .rela.rodata.* .rela.gnu.linkonce.r.*)
 *(.rel.data .rel.data.* .rel.gnu.linkonce.d.*)
 *(.rela.data .rela.data.* .rela.gnu.linkonce.d.*)
 *(.rel.tdata .rel.tdata.* .rel.gnu.linkonce.td.*)
 *(.rela.tdata .rela.tdata.* .rela.gnu.linkonce.td.*)
 *(.rel.tbss .rel.tbss.* .rel.gnu.linkonce.tb.*)
 *(.rela.tbss .rela.tbss.* .rela.gnu.linkonce.tb.*)
 *(.rel.ctors)
 *(.rela.ctors)
 *(.rel.dtors)
 *(.rela.dtors)
 *(.rel.got)
 *(.rela.got)
 *(.rel.sdata .rel.sdata.* .rel.gnu.linkonce.s.*)
 *(.rela.sdata .rela.sdata.* .rela.gnu.linkonce.s.*)
 *(.rel.sbss .rel.sbss.* .rel.gnu.linkonce.sb.*)
 *(.rela.sbss .rela.sbss.* .rela.gnu.linkonce.sb.*)
 *(.rel.sdata2 .rel.sdata2.* .rel.gnu.linkonce.s2.*)
 *(.rela.sdata2 .rela.sdata2.* .rela.gnu.linkonce.s2.*)
 *(.rel.sbss2 .rel.sbss2.* .rel.gnu.linkonce.sb2.*)
 *(.rela.sbss2 .rela.sbss2.* .rela.gnu.linkonce.sb2.*)
 *(.rel.bss .rel.bss.* .rel.gnu.linkonce.b.*)
 *(.rela.bss .rela.bss.* .rela.gnu.linkonce.b.*)
 *(.rel.plt)
 *(.rela.plt)
 *(.rel.dyn)
 *(.init)
 *(.plt)
 *(.text .stub .text.* .gnu.linkonce.t.*)
 .text          0x0000000010000020       0x4c ../mytest_bsp//obj/HAL/src/crt0.o
                0x0000000010000020                _start
 .text          0x000000001000006c        0x0 obj/default/hello_world_small.o
 .text.startup  0x000000001000006c      0x1b0 obj/default/hello_world_small.o
                0x000000001000006c                main
 .text          0x000000001000021c        0x0 obj/default/myfile.o
 .text          0x000000001000021c       0x60 /usr/local/3rdparty/altera/18.1/nios2eds/bin/gnu/H-x86_64-pc-linux-gnu/bin/../lib/gcc/nios2-elf/5.3.0/libgcc.a(_fixunssfsi.o)
                0x000000001000021c                __fixunssfsi
 .text          0x000000001000027c       0xbc /usr/local/3rdparty/altera/18.1/nios2eds/bin/gnu/H-x86_64-pc-linux-gnu/bin/../lib/gcc/nios2-elf/5.3.0/libgcc.a(gesf2.o)
                0x000000001000027c                __gtsf2
                0x000000001000027c                __gesf2
 .text          0x0000000010000338      0x3fc /usr/local/3rdparty/altera/18.1/nios2eds/bin/gnu/H-x86_64-pc-linux-gnu/bin/../lib/gcc/nios2-elf/5.3.0/libgcc.a(mulsf3.o)
                0x0000000010000338                __mulsf3
 .text          0x0000000010000734      0x4e4 /usr/local/3rdparty/altera/18.1/nios2eds/bin/gnu/H-x86_64-pc-linux-gnu/bin/../lib/gcc/nios2-elf/5.3.0/libgcc.a(subsf3.o)
                0x0000000010000734                __subsf3
 .text          0x0000000010000c18       0x70 /usr/local/3rdparty/altera/18.1/nios2eds/bin/gnu/H-x86_64-pc-linux-gnu/bin/../lib/gcc/nios2-elf/5.3.0/libgcc.a(fixsfsi.o)
                0x0000000010000c18                __fixsfsi
 .text          0x0000000010000c88      0x124 /usr/local/3rdparty/altera/18.1/nios2eds/bin/gnu/H-x86_64-pc-linux-gnu/bin/../lib/gcc/nios2-elf/5.3.0/libgcc.a(floatsisf.o)
                0x0000000010000c88                __floatsisf
 .text          0x0000000010000dac       0x64 /usr/local/3rdparty/altera/18.1/nios2eds/bin/gnu/H-x86_64-pc-linux-gnu/bin/../lib/gcc/nios2-elf/5.3.0/libgcc.a(_clzsi2.o)
                0x0000000010000dac                __clzsi2
 .text          0x0000000010000e10        0x0 /usr/local/3rdparty/altera/18.1/nios2eds/bin/gnu/H-x86_64-pc-linux-gnu/bin/../lib/gcc/nios2-elf/5.3.0/libgcc.a(_clz.o)
 .text          0x0000000010000e10       0xe0 ../mytest_bsp//libhal_bsp.a(alt_load.o)
                0x0000000010000e10                alt_load
 .text          0x0000000010000ef0       0x2c ../mytest_bsp//libhal_bsp.a(alt_main.o)
                0x0000000010000ef0                alt_main
 .text          0x0000000010000f1c       0x38 ../mytest_bsp//libhal_bsp.a(alt_putstr.o)
                0x0000000010000f1c                alt_putstr
 .text          0x0000000010000f54      0x1cc ../mytest_bsp//libhal_bsp.a(alt_sys_init.o)
                0x0000000010000f54                alt_irq_init
                0x0000000010000f74                alt_sys_init
 .text          0x0000000010001120       0x34 ../mytest_bsp//libhal_bsp.a(altera_avalon_jtag_uart_write.o)
                0x0000000010001120                altera_avalon_jtag_uart_write
 .text          0x0000000010001154      0x130 ../mytest_bsp//libhal_bsp.a(altera_up_avalon_video_character_buffer_with_dma.o)
                0x0000000010001154                alt_up_char_buffer_init
                0x00000000100011a0                alt_up_char_buffer_open_dev
                0x00000000100011a8                alt_up_char_buffer_draw
                0x00000000100011f8                alt_up_char_buffer_string
                0x0000000010001264                alt_up_char_buffer_clear
 .text          0x0000000010001284      0x8c0 ../mytest_bsp//libhal_bsp.a(altera_up_avalon_video_pixel_buffer_dma.o)
                0x0000000010001284                alt_up_pixel_buffer_dma_open_dev
                0x000000001000128c                alt_up_pixel_buffer_dma_draw
                0x0000000010001324                alt_up_pixel_buffer_dma_change_back_buffer_address
                0x0000000010001340                alt_up_pixel_buffer_dma_swap_buffers
                0x0000000010001364                alt_up_pixel_buffer_dma_check_swap_buffers_status
                0x0000000010001374                alt_up_pixel_buffer_dma_clear_screen
                0x0000000010001404                alt_up_pixel_buffer_dma_draw_box
                0x00000000100015cc                alt_up_pixel_buffer_dma_draw_hline
                0x0000000010001708                alt_up_pixel_buffer_dma_draw_vline
                0x0000000010001864                alt_up_pixel_buffer_dma_draw_rectangle
                0x0000000010001930                helper_plot_pixel
                0x000000001000197c                alt_up_pixel_buffer_dma_draw_line
 .text          0x0000000010001b44       0x18 ../mytest_bsp//libhal_bsp.a(alt_dcache_flush_all.o)
                0x0000000010001b44                alt_dcache_flush_all
 .text          0x0000000010001b5c        0x8 ../mytest_bsp//libhal_bsp.a(alt_dev.o)
 .text          0x0000000010001b64       0x6c ../mytest_bsp//libhal_bsp.a(alt_dev_llist_insert.o)
                0x0000000010001b64                alt_dev_llist_insert
 .text          0x0000000010001bd0        0x0 ../mytest_bsp//libhal_bsp.a(alt_errno.o)
 .text          0x0000000010001bd0       0x74 ../mytest_bsp//libhal_bsp.a(alt_find_dev.o)
                0x0000000010001bd0                alt_find_dev
 .text          0x0000000010001c44        0xc ../mytest_bsp//libhal_bsp.a(alt_icache_flush_all.o)
                0x0000000010001c44                alt_icache_flush_all
 .text          0x0000000010001c50        0x8 ../mytest_bsp//libhal_bsp.a(altera_nios2_gen2_irq.o)
                0x0000000010001c50                altera_nios2_gen2_irq_init
 .text          0x0000000010001c58       0x38 ../mytest_bsp//libhal_bsp.a(alt_icache_flush.o)
                0x0000000010001c58                alt_icache_flush
 .text          0x0000000010001c90        0x0 /usr/local/3rdparty/altera/18.1/nios2eds/bin/gnu/H-x86_64-pc-linux-gnu/bin/../lib/gcc/nios2-elf/5.3.0/../../../../../H-x86_64-pc-linux-gnu/nios2-elf/lib/libsmallc.a(lib_a-int_errno.o)
 .text          0x0000000010001c90        0x0 /usr/local/3rdparty/altera/18.1/nios2eds/bin/gnu/H-x86_64-pc-linux-gnu/bin/../lib/gcc/nios2-elf/5.3.0/../../../../../H-x86_64-pc-linux-gnu/nios2-elf/lib/libsmallc.a(lib_a-memcmp.o)
 .text.memcmp   0x0000000010001c90       0x30 /usr/local/3rdparty/altera/18.1/nios2eds/bin/gnu/H-x86_64-pc-linux-gnu/bin/../lib/gcc/nios2-elf/5.3.0/../../../../../H-x86_64-pc-linux-gnu/nios2-elf/lib/libsmallc.a(lib_a-memcmp.o)
                0x0000000010001c90                memcmp
 .text          0x0000000010001cc0        0x0 /usr/local/3rdparty/altera/18.1/nios2eds/bin/gnu/H-x86_64-pc-linux-gnu/bin/../lib/gcc/nios2-elf/5.3.0/../../../../../H-x86_64-pc-linux-gnu/nios2-elf/lib/libsmallc.a(lib_a-strcmp.o)
 .text.strcmp   0x0000000010001cc0       0x38 /usr/local/3rdparty/altera/18.1/nios2eds/bin/gnu/H-x86_64-pc-linux-gnu/bin/../lib/gcc/nios2-elf/5.3.0/../../../../../H-x86_64-pc-linux-gnu/nios2-elf/lib/libsmallc.a(lib_a-strcmp.o)
                0x0000000010001cc0                strcmp
 .text          0x0000000010001cf8        0x0 /usr/local/3rdparty/altera/18.1/nios2eds/bin/gnu/H-x86_64-pc-linux-gnu/bin/../lib/gcc/nios2-elf/5.3.0/../../../../../H-x86_64-pc-linux-gnu/nios2-elf/lib/libsmallc.a(lib_a-strlen.o)
 .text.strlen   0x0000000010001cf8       0x1c /usr/local/3rdparty/altera/18.1/nios2eds/bin/gnu/H-x86_64-pc-linux-gnu/bin/../lib/gcc/nios2-elf/5.3.0/../../../../../H-x86_64-pc-linux-gnu/nios2-elf/lib/libsmallc.a(lib_a-strlen.o)
                0x0000000010001cf8                strlen
 *(.gnu.warning.*)
 *(.fini)
                [!provide]                        PROVIDE (__etext, ABSOLUTE (.))
                [!provide]                        PROVIDE (_etext, ABSOLUTE (.))
                [!provide]                        PROVIDE (etext, ABSOLUTE (.))
 *(.eh_frame_hdr)
                0x0000000010001d14                . = ALIGN (0x4)
                [!provide]                        PROVIDE (__preinit_array_start, ABSOLUTE (.))
 *(.preinit_array)
                [!provide]                        PROVIDE (__preinit_array_end, ABSOLUTE (.))
                [!provide]                        PROVIDE (__init_array_start, ABSOLUTE (.))
 *(.init_array)
                [!provide]                        PROVIDE (__init_array_end, ABSOLUTE (.))
                [!provide]                        PROVIDE (__fini_array_start, ABSOLUTE (.))
 *(.fini_array)
                [!provide]                        PROVIDE (__fini_array_end, ABSOLUTE (.))
 *(.eh_frame)
 *(.gcc_except_table .gcc_except_table.*)
 *(.dynamic)
                [!provide]                        PROVIDE (__CTOR_LIST__, ABSOLUTE (.))
 *(.ctors)
 *(SORT(.ctors.*))
                [!provide]                        PROVIDE (__CTOR_END__, ABSOLUTE (.))
                [!provide]                        PROVIDE (__DTOR_LIST__, ABSOLUTE (.))
 *(.dtors)
 *(SORT(.dtors.*))
                [!provide]                        PROVIDE (__DTOR_END__, ABSOLUTE (.))
 *(.jcr)
                0x0000000010001d14                . = ALIGN (0x4)

.rodata         0x0000000010001d14   0x1c21d4
                0x0000000010001d14                PROVIDE (__ram_rodata_start, ABSOLUTE (.))
                0x0000000010001d14                . = ALIGN (0x4)
 *(.rodata .rodata.* .gnu.linkonce.r.*)
 .rodata.str1.4
                0x0000000010001d14       0x57 obj/default/hello_world_small.o
 .rodata        0x0000000010001d6b   0x1c2000 obj/default/myfile.o
                0x0000000010001d6b                myimage
 .rodata        0x00000000101c3d6b      0x100 /usr/local/3rdparty/altera/18.1/nios2eds/bin/gnu/H-x86_64-pc-linux-gnu/bin/../lib/gcc/nios2-elf/5.3.0/libgcc.a(_clz.o)
                0x00000000101c3d6b                __clz_tab
 *fill*         0x00000000101c3e6b        0x1 
 .rodata.str1.4
                0x00000000101c3e6c       0x54 ../mytest_bsp//libhal_bsp.a(alt_sys_init.o)
                                         0x64 (size before relaxing)
 .rodata.str1.4
                0x00000000101c3ec0       0x1a ../mytest_bsp//libhal_bsp.a(altera_up_avalon_video_character_buffer_with_dma.o)
 *fill*         0x00000000101c3eda        0x2 
 .rodata.str1.4
                0x00000000101c3edc        0xc ../mytest_bsp//libhal_bsp.a(alt_dev.o)
                                          0xa (size before relaxing)
 *(.rodata1)
                0x00000000101c3ee8                . = ALIGN (0x4)
                0x00000000101c3ee8                PROVIDE (__ram_rodata_end, ABSOLUTE (.))
                0x0000000010001d14                PROVIDE (__flash_rodata_start, LOADADDR (.rodata))

.rwdata         0x00000000101c3ee8      0x154 load address 0x00000000101c403c
                0x00000000101c3ee8                PROVIDE (__ram_rwdata_start, ABSOLUTE (.))
                0x00000000101c3ee8                . = ALIGN (0x4)
 *(.got.plt)
 *(.got)
 *(.data1)
 *(.data .data.* .gnu.linkonce.d.*)
 .data          0x00000000101c3ee8        0x0 ../mytest_bsp//obj/HAL/src/crt0.o
 .data          0x00000000101c3ee8        0x0 obj/default/hello_world_small.o
 .data          0x00000000101c3ee8        0x0 obj/default/myfile.o
 .data          0x00000000101c3ee8        0x0 /usr/local/3rdparty/altera/18.1/nios2eds/bin/gnu/H-x86_64-pc-linux-gnu/bin/../lib/gcc/nios2-elf/5.3.0/libgcc.a(_fixunssfsi.o)
 .data          0x00000000101c3ee8        0x0 /usr/local/3rdparty/altera/18.1/nios2eds/bin/gnu/H-x86_64-pc-linux-gnu/bin/../lib/gcc/nios2-elf/5.3.0/libgcc.a(gesf2.o)
 .data          0x00000000101c3ee8        0x0 /usr/local/3rdparty/altera/18.1/nios2eds/bin/gnu/H-x86_64-pc-linux-gnu/bin/../lib/gcc/nios2-elf/5.3.0/libgcc.a(mulsf3.o)
 .data          0x00000000101c3ee8        0x0 /usr/local/3rdparty/altera/18.1/nios2eds/bin/gnu/H-x86_64-pc-linux-gnu/bin/../lib/gcc/nios2-elf/5.3.0/libgcc.a(subsf3.o)
 .data          0x00000000101c3ee8        0x0 /usr/local/3rdparty/altera/18.1/nios2eds/bin/gnu/H-x86_64-pc-linux-gnu/bin/../lib/gcc/nios2-elf/5.3.0/libgcc.a(fixsfsi.o)
 .data          0x00000000101c3ee8        0x0 /usr/local/3rdparty/altera/18.1/nios2eds/bin/gnu/H-x86_64-pc-linux-gnu/bin/../lib/gcc/nios2-elf/5.3.0/libgcc.a(floatsisf.o)
 .data          0x00000000101c3ee8        0x0 /usr/local/3rdparty/altera/18.1/nios2eds/bin/gnu/H-x86_64-pc-linux-gnu/bin/../lib/gcc/nios2-elf/5.3.0/libgcc.a(_clzsi2.o)
 .data          0x00000000101c3ee8        0x0 /usr/local/3rdparty/altera/18.1/nios2eds/bin/gnu/H-x86_64-pc-linux-gnu/bin/../lib/gcc/nios2-elf/5.3.0/libgcc.a(_clz.o)
 .data          0x00000000101c3ee8        0x0 ../mytest_bsp//libhal_bsp.a(alt_load.o)
 .data          0x00000000101c3ee8        0x0 ../mytest_bsp//libhal_bsp.a(alt_main.o)
 .data          0x00000000101c3ee8        0x0 ../mytest_bsp//libhal_bsp.a(alt_putstr.o)
 .data          0x00000000101c3ee8       0xe0 ../mytest_bsp//libhal_bsp.a(alt_sys_init.o)
 .data          0x00000000101c3fc8        0x0 ../mytest_bsp//libhal_bsp.a(altera_avalon_jtag_uart_write.o)
 .data          0x00000000101c3fc8        0x0 ../mytest_bsp//libhal_bsp.a(altera_up_avalon_video_character_buffer_with_dma.o)
 .data          0x00000000101c3fc8        0x0 ../mytest_bsp//libhal_bsp.a(altera_up_avalon_video_pixel_buffer_dma.o)
 .data          0x00000000101c3fc8        0x0 ../mytest_bsp//libhal_bsp.a(alt_dcache_flush_all.o)
 .data          0x00000000101c3fc8       0x58 ../mytest_bsp//libhal_bsp.a(alt_dev.o)
                0x00000000101c3fc8                alt_fd_list
                0x00000000101c3ff8                alt_dev_null
 .data          0x00000000101c4020        0x0 ../mytest_bsp//libhal_bsp.a(alt_dev_llist_insert.o)
 .data          0x00000000101c4020        0x0 ../mytest_bsp//libhal_bsp.a(alt_errno.o)
 .data          0x00000000101c4020        0x0 ../mytest_bsp//libhal_bsp.a(alt_find_dev.o)
 .data          0x00000000101c4020        0x0 ../mytest_bsp//libhal_bsp.a(alt_icache_flush_all.o)
 .data          0x00000000101c4020        0x0 ../mytest_bsp//libhal_bsp.a(altera_nios2_gen2_irq.o)
 .data          0x00000000101c4020        0x0 ../mytest_bsp//libhal_bsp.a(alt_icache_flush.o)
 .data          0x00000000101c4020        0x0 /usr/local/3rdparty/altera/18.1/nios2eds/bin/gnu/H-x86_64-pc-linux-gnu/bin/../lib/gcc/nios2-elf/5.3.0/../../../../../H-x86_64-pc-linux-gnu/nios2-elf/lib/libsmallc.a(lib_a-int_errno.o)
 .data          0x00000000101c4020        0x0 /usr/local/3rdparty/altera/18.1/nios2eds/bin/gnu/H-x86_64-pc-linux-gnu/bin/../lib/gcc/nios2-elf/5.3.0/../../../../../H-x86_64-pc-linux-gnu/nios2-elf/lib/libsmallc.a(lib_a-memcmp.o)
 .data          0x00000000101c4020        0x0 /usr/local/3rdparty/altera/18.1/nios2eds/bin/gnu/H-x86_64-pc-linux-gnu/bin/../lib/gcc/nios2-elf/5.3.0/../../../../../H-x86_64-pc-linux-gnu/nios2-elf/lib/libsmallc.a(lib_a-strcmp.o)
 .data          0x00000000101c4020        0x0 /usr/local/3rdparty/altera/18.1/nios2eds/bin/gnu/H-x86_64-pc-linux-gnu/bin/../lib/gcc/nios2-elf/5.3.0/../../../../../H-x86_64-pc-linux-gnu/nios2-elf/lib/libsmallc.a(lib_a-strlen.o)
                0x00000000101cc020                _gp = ABSOLUTE ((. + 0x8000))
                [!provide]                        PROVIDE (gp, _gp)
 *(.rwdata .rwdata.*)
 *(.sdata .sdata.* .gnu.linkonce.s.*)
 .sdata         0x00000000101c4020        0x4 ../mytest_bsp//libhal_bsp.a(alt_sys_init.o)
                0x00000000101c4020                jtag
 .sdata         0x00000000101c4024       0x14 ../mytest_bsp//libhal_bsp.a(alt_dev.o)
                0x00000000101c4024                alt_max_fd
                0x00000000101c4028                alt_dev_list
                0x00000000101c4030                alt_fs_list
 .sdata         0x00000000101c4038        0x4 ../mytest_bsp//libhal_bsp.a(alt_errno.o)
                0x00000000101c4038                alt_errno
 *(.sdata2 .sdata2.* .gnu.linkonce.s2.*)
                0x00000000101c403c                . = ALIGN (0x4)
                0x00000000101c403c                _edata = ABSOLUTE (.)
                [!provide]                        PROVIDE (edata, ABSOLUTE (.))
                0x00000000101c403c                PROVIDE (__ram_rwdata_end, ABSOLUTE (.))
                0x00000000101c403c                PROVIDE (__flash_rwdata_start, LOADADDR (.rwdata))

.bss            0x00000000101c4190       0x10
                0x00000000101c4190                __bss_start = ABSOLUTE (.)
                [!provide]                        PROVIDE (__sbss_start, ABSOLUTE (.))
                [!provide]                        PROVIDE (___sbss_start, ABSOLUTE (.))
 *(.dynsbss)
 *(.sbss .sbss.* .gnu.linkonce.sb.*)
 .sbss          0x00000000101c4190        0xc ../mytest_bsp//libhal_bsp.a(alt_main.o)
                0x00000000101c4190                alt_envp
                0x00000000101c4194                alt_argv
                0x00000000101c4198                alt_argc
 .sbss          0x00000000101c419c        0x4 /usr/local/3rdparty/altera/18.1/nios2eds/bin/gnu/H-x86_64-pc-linux-gnu/bin/../lib/gcc/nios2-elf/5.3.0/../../../../../H-x86_64-pc-linux-gnu/nios2-elf/lib/libsmallc.a(lib_a-int_errno.o)
                0x00000000101c419c                errno
 *(.sbss2 .sbss2.* .gnu.linkonce.sb2.*)
 *(.scommon)
                [!provide]                        PROVIDE (__sbss_end, ABSOLUTE (.))
                [!provide]                        PROVIDE (___sbss_end, ABSOLUTE (.))
 *(.dynbss)
 *(.bss .bss.* .gnu.linkonce.b.*)
 .bss           0x00000000101c41a0        0x0 ../mytest_bsp//obj/HAL/src/crt0.o
 .bss           0x00000000101c41a0        0x0 obj/default/hello_world_small.o
 .bss           0x00000000101c41a0        0x0 obj/default/myfile.o
 .bss           0x00000000101c41a0        0x0 /usr/local/3rdparty/altera/18.1/nios2eds/bin/gnu/H-x86_64-pc-linux-gnu/bin/../lib/gcc/nios2-elf/5.3.0/libgcc.a(_fixunssfsi.o)
 .bss           0x00000000101c41a0        0x0 /usr/local/3rdparty/altera/18.1/nios2eds/bin/gnu/H-x86_64-pc-linux-gnu/bin/../lib/gcc/nios2-elf/5.3.0/libgcc.a(gesf2.o)
 .bss           0x00000000101c41a0        0x0 /usr/local/3rdparty/altera/18.1/nios2eds/bin/gnu/H-x86_64-pc-linux-gnu/bin/../lib/gcc/nios2-elf/5.3.0/libgcc.a(mulsf3.o)
 .bss           0x00000000101c41a0        0x0 /usr/local/3rdparty/altera/18.1/nios2eds/bin/gnu/H-x86_64-pc-linux-gnu/bin/../lib/gcc/nios2-elf/5.3.0/libgcc.a(subsf3.o)
 .bss           0x00000000101c41a0        0x0 /usr/local/3rdparty/altera/18.1/nios2eds/bin/gnu/H-x86_64-pc-linux-gnu/bin/../lib/gcc/nios2-elf/5.3.0/libgcc.a(fixsfsi.o)
 .bss           0x00000000101c41a0        0x0 /usr/local/3rdparty/altera/18.1/nios2eds/bin/gnu/H-x86_64-pc-linux-gnu/bin/../lib/gcc/nios2-elf/5.3.0/libgcc.a(floatsisf.o)
 .bss           0x00000000101c41a0        0x0 /usr/local/3rdparty/altera/18.1/nios2eds/bin/gnu/H-x86_64-pc-linux-gnu/bin/../lib/gcc/nios2-elf/5.3.0/libgcc.a(_clzsi2.o)
 .bss           0x00000000101c41a0        0x0 /usr/local/3rdparty/altera/18.1/nios2eds/bin/gnu/H-x86_64-pc-linux-gnu/bin/../lib/gcc/nios2-elf/5.3.0/libgcc.a(_clz.o)
 .bss           0x00000000101c41a0        0x0 ../mytest_bsp//libhal_bsp.a(alt_load.o)
 .bss           0x00000000101c41a0        0x0 ../mytest_bsp//libhal_bsp.a(alt_main.o)
 .bss           0x00000000101c41a0        0x0 ../mytest_bsp//libhal_bsp.a(alt_putstr.o)
 .bss           0x00000000101c41a0        0x0 ../mytest_bsp//libhal_bsp.a(alt_sys_init.o)
 .bss           0x00000000101c41a0        0x0 ../mytest_bsp//libhal_bsp.a(altera_avalon_jtag_uart_write.o)
 .bss           0x00000000101c41a0        0x0 ../mytest_bsp//libhal_bsp.a(altera_up_avalon_video_character_buffer_with_dma.o)
 .bss           0x00000000101c41a0        0x0 ../mytest_bsp//libhal_bsp.a(altera_up_avalon_video_pixel_buffer_dma.o)
 .bss           0x00000000101c41a0        0x0 ../mytest_bsp//libhal_bsp.a(alt_dcache_flush_all.o)
 .bss           0x00000000101c41a0        0x0 ../mytest_bsp//libhal_bsp.a(alt_dev.o)
 .bss           0x00000000101c41a0        0x0 ../mytest_bsp//libhal_bsp.a(alt_dev_llist_insert.o)
 .bss           0x00000000101c41a0        0x0 ../mytest_bsp//libhal_bsp.a(alt_errno.o)
 .bss           0x00000000101c41a0        0x0 ../mytest_bsp//libhal_bsp.a(alt_find_dev.o)
 .bss           0x00000000101c41a0        0x0 ../mytest_bsp//libhal_bsp.a(alt_icache_flush_all.o)
 .bss           0x00000000101c41a0        0x0 ../mytest_bsp//libhal_bsp.a(altera_nios2_gen2_irq.o)
 .bss           0x00000000101c41a0        0x0 ../mytest_bsp//libhal_bsp.a(alt_icache_flush.o)
 .bss           0x00000000101c41a0        0x0 /usr/local/3rdparty/altera/18.1/nios2eds/bin/gnu/H-x86_64-pc-linux-gnu/bin/../lib/gcc/nios2-elf/5.3.0/../../../../../H-x86_64-pc-linux-gnu/nios2-elf/lib/libsmallc.a(lib_a-int_errno.o)
 .bss           0x00000000101c41a0        0x0 /usr/local/3rdparty/altera/18.1/nios2eds/bin/gnu/H-x86_64-pc-linux-gnu/bin/../lib/gcc/nios2-elf/5.3.0/../../../../../H-x86_64-pc-linux-gnu/nios2-elf/lib/libsmallc.a(lib_a-memcmp.o)
 .bss           0x00000000101c41a0        0x0 /usr/local/3rdparty/altera/18.1/nios2eds/bin/gnu/H-x86_64-pc-linux-gnu/bin/../lib/gcc/nios2-elf/5.3.0/../../../../../H-x86_64-pc-linux-gnu/nios2-elf/lib/libsmallc.a(lib_a-strcmp.o)
 .bss           0x00000000101c41a0        0x0 /usr/local/3rdparty/altera/18.1/nios2eds/bin/gnu/H-x86_64-pc-linux-gnu/bin/../lib/gcc/nios2-elf/5.3.0/../../../../../H-x86_64-pc-linux-gnu/nios2-elf/lib/libsmallc.a(lib_a-strlen.o)
 *(COMMON)
                0x00000000101c41a0                . = ALIGN (0x4)
                0x00000000101c41a0                __bss_end = ABSOLUTE (.)

.sdram_controller
                0x00000000101c41a0        0x0
                [!provide]                        PROVIDE (_alt_partition_sdram_controller_start, ABSOLUTE (.))
 *(.sdram_controller .sdram_controller. sdram_controller.*)
                0x00000000101c41a0                . = ALIGN (0x4)
                [!provide]                        PROVIDE (_alt_partition_sdram_controller_end, ABSOLUTE (.))
                0x00000000101c41a0                _end = ABSOLUTE (.)
                0x00000000101c41a0                end = ABSOLUTE (.)
                0x00000000101c41a0                __alt_stack_base = ABSOLUTE (.)
                [!provide]                        PROVIDE (_alt_partition_sdram_controller_load_addr, LOADADDR (.sdram_controller))

.stab
 *(.stab)

.stabstr
 *(.stabstr)

.stab.excl
 *(.stab.excl)

.stab.exclstr
 *(.stab.exclstr)

.stab.index
 *(.stab.index)

.stab.indexstr
 *(.stab.indexstr)

.comment        0x0000000000000000       0x23
 *(.comment)
 .comment       0x0000000000000000       0x23 obj/default/hello_world_small.o
                                         0x24 (size before relaxing)
 .comment       0x0000000000000023       0x24 obj/default/myfile.o
 .comment       0x0000000000000023       0x24 /usr/local/3rdparty/altera/18.1/nios2eds/bin/gnu/H-x86_64-pc-linux-gnu/bin/../lib/gcc/nios2-elf/5.3.0/libgcc.a(_fixunssfsi.o)
 .comment       0x0000000000000023       0x24 /usr/local/3rdparty/altera/18.1/nios2eds/bin/gnu/H-x86_64-pc-linux-gnu/bin/../lib/gcc/nios2-elf/5.3.0/libgcc.a(gesf2.o)
 .comment       0x0000000000000023       0x24 /usr/local/3rdparty/altera/18.1/nios2eds/bin/gnu/H-x86_64-pc-linux-gnu/bin/../lib/gcc/nios2-elf/5.3.0/libgcc.a(mulsf3.o)
 .comment       0x0000000000000023       0x24 /usr/local/3rdparty/altera/18.1/nios2eds/bin/gnu/H-x86_64-pc-linux-gnu/bin/../lib/gcc/nios2-elf/5.3.0/libgcc.a(subsf3.o)
 .comment       0x0000000000000023       0x24 /usr/local/3rdparty/altera/18.1/nios2eds/bin/gnu/H-x86_64-pc-linux-gnu/bin/../lib/gcc/nios2-elf/5.3.0/libgcc.a(fixsfsi.o)
 .comment       0x0000000000000023       0x24 /usr/local/3rdparty/altera/18.1/nios2eds/bin/gnu/H-x86_64-pc-linux-gnu/bin/../lib/gcc/nios2-elf/5.3.0/libgcc.a(floatsisf.o)
 .comment       0x0000000000000023       0x24 /usr/local/3rdparty/altera/18.1/nios2eds/bin/gnu/H-x86_64-pc-linux-gnu/bin/../lib/gcc/nios2-elf/5.3.0/libgcc.a(_clzsi2.o)
 .comment       0x0000000000000023       0x24 /usr/local/3rdparty/altera/18.1/nios2eds/bin/gnu/H-x86_64-pc-linux-gnu/bin/../lib/gcc/nios2-elf/5.3.0/libgcc.a(_clz.o)
 .comment       0x0000000000000023       0x24 ../mytest_bsp//libhal_bsp.a(alt_load.o)
 .comment       0x0000000000000023       0x24 ../mytest_bsp//libhal_bsp.a(alt_main.o)
 .comment       0x0000000000000023       0x24 ../mytest_bsp//libhal_bsp.a(alt_putstr.o)
 .comment       0x0000000000000023       0x24 ../mytest_bsp//libhal_bsp.a(alt_sys_init.o)
 .comment       0x0000000000000023       0x24 ../mytest_bsp//libhal_bsp.a(altera_avalon_jtag_uart_write.o)
 .comment       0x0000000000000023       0x24 ../mytest_bsp//libhal_bsp.a(altera_up_avalon_video_character_buffer_with_dma.o)
 .comment       0x0000000000000023       0x24 ../mytest_bsp//libhal_bsp.a(altera_up_avalon_video_pixel_buffer_dma.o)
 .comment       0x0000000000000023       0x24 ../mytest_bsp//libhal_bsp.a(alt_dcache_flush_all.o)
 .comment       0x0000000000000023       0x24 ../mytest_bsp//libhal_bsp.a(alt_dev.o)
 .comment       0x0000000000000023       0x24 ../mytest_bsp//libhal_bsp.a(alt_dev_llist_insert.o)
 .comment       0x0000000000000023       0x24 ../mytest_bsp//libhal_bsp.a(alt_errno.o)
 .comment       0x0000000000000023       0x24 ../mytest_bsp//libhal_bsp.a(alt_find_dev.o)
 .comment       0x0000000000000023       0x24 ../mytest_bsp//libhal_bsp.a(alt_icache_flush_all.o)
 .comment       0x0000000000000023       0x24 ../mytest_bsp//libhal_bsp.a(altera_nios2_gen2_irq.o)
 .comment       0x0000000000000023       0x24 ../mytest_bsp//libhal_bsp.a(alt_icache_flush.o)
 .comment       0x0000000000000023       0x24 /usr/local/3rdparty/altera/18.1/nios2eds/bin/gnu/H-x86_64-pc-linux-gnu/bin/../lib/gcc/nios2-elf/5.3.0/../../../../../H-x86_64-pc-linux-gnu/nios2-elf/lib/libsmallc.a(lib_a-int_errno.o)
 .comment       0x0000000000000023       0x24 /usr/local/3rdparty/altera/18.1/nios2eds/bin/gnu/H-x86_64-pc-linux-gnu/bin/../lib/gcc/nios2-elf/5.3.0/../../../../../H-x86_64-pc-linux-gnu/nios2-elf/lib/libsmallc.a(lib_a-memcmp.o)
 .comment       0x0000000000000023       0x24 /usr/local/3rdparty/altera/18.1/nios2eds/bin/gnu/H-x86_64-pc-linux-gnu/bin/../lib/gcc/nios2-elf/5.3.0/../../../../../H-x86_64-pc-linux-gnu/nios2-elf/lib/libsmallc.a(lib_a-strcmp.o)
 .comment       0x0000000000000023       0x24 /usr/local/3rdparty/altera/18.1/nios2eds/bin/gnu/H-x86_64-pc-linux-gnu/bin/../lib/gcc/nios2-elf/5.3.0/../../../../../H-x86_64-pc-linux-gnu/nios2-elf/lib/libsmallc.a(lib_a-strlen.o)

.debug
 *(.debug)

.line
 *(.line)

.debug_srcinfo
 *(.debug_srcinfo)

.debug_sfnames
 *(.debug_sfnames)

.debug_aranges  0x0000000000000000      0x3a8
 *(.debug_aranges)
 .debug_aranges
                0x0000000000000000       0x28 ../mytest_bsp//obj/HAL/src/crt0.o
 .debug_aranges
                0x0000000000000028       0x20 obj/default/hello_world_small.o
 .debug_aranges
                0x0000000000000048       0x18 obj/default/myfile.o
 .debug_aranges
                0x0000000000000060       0x20 /usr/local/3rdparty/altera/18.1/nios2eds/bin/gnu/H-x86_64-pc-linux-gnu/bin/../lib/gcc/nios2-elf/5.3.0/libgcc.a(_fixunssfsi.o)
 .debug_aranges
                0x0000000000000080       0x20 /usr/local/3rdparty/altera/18.1/nios2eds/bin/gnu/H-x86_64-pc-linux-gnu/bin/../lib/gcc/nios2-elf/5.3.0/libgcc.a(gesf2.o)
 .debug_aranges
                0x00000000000000a0       0x20 /usr/local/3rdparty/altera/18.1/nios2eds/bin/gnu/H-x86_64-pc-linux-gnu/bin/../lib/gcc/nios2-elf/5.3.0/libgcc.a(mulsf3.o)
 .debug_aranges
                0x00000000000000c0       0x20 /usr/local/3rdparty/altera/18.1/nios2eds/bin/gnu/H-x86_64-pc-linux-gnu/bin/../lib/gcc/nios2-elf/5.3.0/libgcc.a(subsf3.o)
 .debug_aranges
                0x00000000000000e0       0x20 /usr/local/3rdparty/altera/18.1/nios2eds/bin/gnu/H-x86_64-pc-linux-gnu/bin/../lib/gcc/nios2-elf/5.3.0/libgcc.a(fixsfsi.o)
 .debug_aranges
                0x0000000000000100       0x20 /usr/local/3rdparty/altera/18.1/nios2eds/bin/gnu/H-x86_64-pc-linux-gnu/bin/../lib/gcc/nios2-elf/5.3.0/libgcc.a(floatsisf.o)
 .debug_aranges
                0x0000000000000120       0x20 /usr/local/3rdparty/altera/18.1/nios2eds/bin/gnu/H-x86_64-pc-linux-gnu/bin/../lib/gcc/nios2-elf/5.3.0/libgcc.a(_clzsi2.o)
 .debug_aranges
                0x0000000000000140       0x18 /usr/local/3rdparty/altera/18.1/nios2eds/bin/gnu/H-x86_64-pc-linux-gnu/bin/../lib/gcc/nios2-elf/5.3.0/libgcc.a(_clz.o)
 .debug_aranges
                0x0000000000000158       0x20 ../mytest_bsp//libhal_bsp.a(alt_load.o)
 .debug_aranges
                0x0000000000000178       0x20 ../mytest_bsp//libhal_bsp.a(alt_main.o)
 .debug_aranges
                0x0000000000000198       0x20 ../mytest_bsp//libhal_bsp.a(alt_putstr.o)
 .debug_aranges
                0x00000000000001b8       0x20 ../mytest_bsp//libhal_bsp.a(alt_sys_init.o)
 .debug_aranges
                0x00000000000001d8       0x20 ../mytest_bsp//libhal_bsp.a(altera_avalon_jtag_uart_write.o)
 .debug_aranges
                0x00000000000001f8       0x20 ../mytest_bsp//libhal_bsp.a(altera_up_avalon_video_character_buffer_with_dma.o)
 .debug_aranges
                0x0000000000000218       0x20 ../mytest_bsp//libhal_bsp.a(altera_up_avalon_video_pixel_buffer_dma.o)
 .debug_aranges
                0x0000000000000238       0x20 ../mytest_bsp//libhal_bsp.a(alt_dcache_flush_all.o)
 .debug_aranges
                0x0000000000000258       0x20 ../mytest_bsp//libhal_bsp.a(alt_dev.o)
 .debug_aranges
                0x0000000000000278       0x20 ../mytest_bsp//libhal_bsp.a(alt_dev_llist_insert.o)
 .debug_aranges
                0x0000000000000298       0x18 ../mytest_bsp//libhal_bsp.a(alt_errno.o)
 .debug_aranges
                0x00000000000002b0       0x20 ../mytest_bsp//libhal_bsp.a(alt_find_dev.o)
 .debug_aranges
                0x00000000000002d0       0x20 ../mytest_bsp//libhal_bsp.a(alt_icache_flush_all.o)
 .debug_aranges
                0x00000000000002f0       0x20 ../mytest_bsp//libhal_bsp.a(altera_nios2_gen2_irq.o)
 .debug_aranges
                0x0000000000000310       0x20 ../mytest_bsp//libhal_bsp.a(alt_icache_flush.o)
 .debug_aranges
                0x0000000000000330       0x18 /usr/local/3rdparty/altera/18.1/nios2eds/bin/gnu/H-x86_64-pc-linux-gnu/bin/../lib/gcc/nios2-elf/5.3.0/../../../../../H-x86_64-pc-linux-gnu/nios2-elf/lib/libsmallc.a(lib_a-int_errno.o)
 .debug_aranges
                0x0000000000000348       0x20 /usr/local/3rdparty/altera/18.1/nios2eds/bin/gnu/H-x86_64-pc-linux-gnu/bin/../lib/gcc/nios2-elf/5.3.0/../../../../../H-x86_64-pc-linux-gnu/nios2-elf/lib/libsmallc.a(lib_a-memcmp.o)
 .debug_aranges
                0x0000000000000368       0x20 /usr/local/3rdparty/altera/18.1/nios2eds/bin/gnu/H-x86_64-pc-linux-gnu/bin/../lib/gcc/nios2-elf/5.3.0/../../../../../H-x86_64-pc-linux-gnu/nios2-elf/lib/libsmallc.a(lib_a-strcmp.o)
 .debug_aranges
                0x0000000000000388       0x20 /usr/local/3rdparty/altera/18.1/nios2eds/bin/gnu/H-x86_64-pc-linux-gnu/bin/../lib/gcc/nios2-elf/5.3.0/../../../../../H-x86_64-pc-linux-gnu/nios2-elf/lib/libsmallc.a(lib_a-strlen.o)

.debug_pubnames
 *(.debug_pubnames)

.debug_info     0x0000000000000000     0x4111
 *(.debug_info .gnu.linkonce.wi.*)
 .debug_info    0x0000000000000000       0x5c ../mytest_bsp//obj/HAL/src/crt0.o
 .debug_info    0x000000000000005c      0x50a obj/default/hello_world_small.o
 .debug_info    0x0000000000000566       0x91 obj/default/myfile.o
 .debug_info    0x00000000000005f7       0xc7 /usr/local/3rdparty/altera/18.1/nios2eds/bin/gnu/H-x86_64-pc-linux-gnu/bin/../lib/gcc/nios2-elf/5.3.0/libgcc.a(_fixunssfsi.o)
 .debug_info    0x00000000000006be      0x1d3 /usr/local/3rdparty/altera/18.1/nios2eds/bin/gnu/H-x86_64-pc-linux-gnu/bin/../lib/gcc/nios2-elf/5.3.0/libgcc.a(gesf2.o)
 .debug_info    0x0000000000000891      0x31d /usr/local/3rdparty/altera/18.1/nios2eds/bin/gnu/H-x86_64-pc-linux-gnu/bin/../lib/gcc/nios2-elf/5.3.0/libgcc.a(mulsf3.o)
 .debug_info    0x0000000000000bae      0x2b7 /usr/local/3rdparty/altera/18.1/nios2eds/bin/gnu/H-x86_64-pc-linux-gnu/bin/../lib/gcc/nios2-elf/5.3.0/libgcc.a(subsf3.o)
 .debug_info    0x0000000000000e65      0x18b /usr/local/3rdparty/altera/18.1/nios2eds/bin/gnu/H-x86_64-pc-linux-gnu/bin/../lib/gcc/nios2-elf/5.3.0/libgcc.a(fixsfsi.o)
 .debug_info    0x0000000000000ff0      0x1c7 /usr/local/3rdparty/altera/18.1/nios2eds/bin/gnu/H-x86_64-pc-linux-gnu/bin/../lib/gcc/nios2-elf/5.3.0/libgcc.a(floatsisf.o)
 .debug_info    0x00000000000011b7      0x124 /usr/local/3rdparty/altera/18.1/nios2eds/bin/gnu/H-x86_64-pc-linux-gnu/bin/../lib/gcc/nios2-elf/5.3.0/libgcc.a(_clzsi2.o)
 .debug_info    0x00000000000012db       0xb2 /usr/local/3rdparty/altera/18.1/nios2eds/bin/gnu/H-x86_64-pc-linux-gnu/bin/../lib/gcc/nios2-elf/5.3.0/libgcc.a(_clz.o)
 .debug_info    0x000000000000138d      0x1c9 ../mytest_bsp//libhal_bsp.a(alt_load.o)
 .debug_info    0x0000000000001556      0x169 ../mytest_bsp//libhal_bsp.a(alt_main.o)
 .debug_info    0x00000000000016bf      0x13a ../mytest_bsp//libhal_bsp.a(alt_putstr.o)
 .debug_info    0x00000000000017f9      0x687 ../mytest_bsp//libhal_bsp.a(alt_sys_init.o)
 .debug_info    0x0000000000001e80      0x197 ../mytest_bsp//libhal_bsp.a(altera_avalon_jtag_uart_write.o)
 .debug_info    0x0000000000002017      0x4ab ../mytest_bsp//libhal_bsp.a(altera_up_avalon_video_character_buffer_with_dma.o)
 .debug_info    0x00000000000024c2      0xc5d ../mytest_bsp//libhal_bsp.a(altera_up_avalon_video_pixel_buffer_dma.o)
 .debug_info    0x000000000000311f       0xa6 ../mytest_bsp//libhal_bsp.a(alt_dcache_flush_all.o)
 .debug_info    0x00000000000031c5      0x499 ../mytest_bsp//libhal_bsp.a(alt_dev.o)
 .debug_info    0x000000000000365e      0x1b3 ../mytest_bsp//libhal_bsp.a(alt_dev_llist_insert.o)
 .debug_info    0x0000000000003811       0xa6 ../mytest_bsp//libhal_bsp.a(alt_errno.o)
 .debug_info    0x00000000000038b7      0x32d ../mytest_bsp//libhal_bsp.a(alt_find_dev.o)
 .debug_info    0x0000000000003be4       0xb8 ../mytest_bsp//libhal_bsp.a(alt_icache_flush_all.o)
 .debug_info    0x0000000000003c9c       0x92 ../mytest_bsp//libhal_bsp.a(altera_nios2_gen2_irq.o)
 .debug_info    0x0000000000003d2e       0xde ../mytest_bsp//libhal_bsp.a(alt_icache_flush.o)
 .debug_info    0x0000000000003e0c       0x8a /usr/local/3rdparty/altera/18.1/nios2eds/bin/gnu/H-x86_64-pc-linux-gnu/bin/../lib/gcc/nios2-elf/5.3.0/../../../../../H-x86_64-pc-linux-gnu/nios2-elf/lib/libsmallc.a(lib_a-int_errno.o)
 .debug_info    0x0000000000003e96       0xf4 /usr/local/3rdparty/altera/18.1/nios2eds/bin/gnu/H-x86_64-pc-linux-gnu/bin/../lib/gcc/nios2-elf/5.3.0/../../../../../H-x86_64-pc-linux-gnu/nios2-elf/lib/libsmallc.a(lib_a-memcmp.o)
 .debug_info    0x0000000000003f8a       0xbe /usr/local/3rdparty/altera/18.1/nios2eds/bin/gnu/H-x86_64-pc-linux-gnu/bin/../lib/gcc/nios2-elf/5.3.0/../../../../../H-x86_64-pc-linux-gnu/nios2-elf/lib/libsmallc.a(lib_a-strcmp.o)
 .debug_info    0x0000000000004048       0xc9 /usr/local/3rdparty/altera/18.1/nios2eds/bin/gnu/H-x86_64-pc-linux-gnu/bin/../lib/gcc/nios2-elf/5.3.0/../../../../../H-x86_64-pc-linux-gnu/nios2-elf/lib/libsmallc.a(lib_a-strlen.o)

.debug_abbrev   0x0000000000000000     0x1907
 *(.debug_abbrev)
 .debug_abbrev  0x0000000000000000       0x12 ../mytest_bsp//obj/HAL/src/crt0.o
 .debug_abbrev  0x0000000000000012      0x13e obj/default/hello_world_small.o
 .debug_abbrev  0x0000000000000150       0x52 obj/default/myfile.o
 .debug_abbrev  0x00000000000001a2       0x60 /usr/local/3rdparty/altera/18.1/nios2eds/bin/gnu/H-x86_64-pc-linux-gnu/bin/../lib/gcc/nios2-elf/5.3.0/libgcc.a(_fixunssfsi.o)
 .debug_abbrev  0x0000000000000202      0x128 /usr/local/3rdparty/altera/18.1/nios2eds/bin/gnu/H-x86_64-pc-linux-gnu/bin/../lib/gcc/nios2-elf/5.3.0/libgcc.a(gesf2.o)
 .debug_abbrev  0x000000000000032a      0x12d /usr/local/3rdparty/altera/18.1/nios2eds/bin/gnu/H-x86_64-pc-linux-gnu/bin/../lib/gcc/nios2-elf/5.3.0/libgcc.a(mulsf3.o)
 .debug_abbrev  0x0000000000000457      0x13a /usr/local/3rdparty/altera/18.1/nios2eds/bin/gnu/H-x86_64-pc-linux-gnu/bin/../lib/gcc/nios2-elf/5.3.0/libgcc.a(subsf3.o)
 .debug_abbrev  0x0000000000000591      0x135 /usr/local/3rdparty/altera/18.1/nios2eds/bin/gnu/H-x86_64-pc-linux-gnu/bin/../lib/gcc/nios2-elf/5.3.0/libgcc.a(fixsfsi.o)
 .debug_abbrev  0x00000000000006c6      0x147 /usr/local/3rdparty/altera/18.1/nios2eds/bin/gnu/H-x86_64-pc-linux-gnu/bin/../lib/gcc/nios2-elf/5.3.0/libgcc.a(floatsisf.o)
 .debug_abbrev  0x000000000000080d       0xbe /usr/local/3rdparty/altera/18.1/nios2eds/bin/gnu/H-x86_64-pc-linux-gnu/bin/../lib/gcc/nios2-elf/5.3.0/libgcc.a(_clzsi2.o)
 .debug_abbrev  0x00000000000008cb       0x5d /usr/local/3rdparty/altera/18.1/nios2eds/bin/gnu/H-x86_64-pc-linux-gnu/bin/../lib/gcc/nios2-elf/5.3.0/libgcc.a(_clz.o)
 .debug_abbrev  0x0000000000000928       0xd8 ../mytest_bsp//libhal_bsp.a(alt_load.o)
 .debug_abbrev  0x0000000000000a00       0xee ../mytest_bsp//libhal_bsp.a(alt_main.o)
 .debug_abbrev  0x0000000000000aee       0xd3 ../mytest_bsp//libhal_bsp.a(alt_putstr.o)
 .debug_abbrev  0x0000000000000bc1      0x1fe ../mytest_bsp//libhal_bsp.a(alt_sys_init.o)
 .debug_abbrev  0x0000000000000dbf       0xd5 ../mytest_bsp//libhal_bsp.a(altera_avalon_jtag_uart_write.o)
 .debug_abbrev  0x0000000000000e94      0x16b ../mytest_bsp//libhal_bsp.a(altera_up_avalon_video_character_buffer_with_dma.o)
 .debug_abbrev  0x0000000000000fff      0x256 ../mytest_bsp//libhal_bsp.a(altera_up_avalon_video_pixel_buffer_dma.o)
 .debug_abbrev  0x0000000000001255       0x5a ../mytest_bsp//libhal_bsp.a(alt_dcache_flush_all.o)
 .debug_abbrev  0x00000000000012af       0xd9 ../mytest_bsp//libhal_bsp.a(alt_dev.o)
 .debug_abbrev  0x0000000000001388      0x11c ../mytest_bsp//libhal_bsp.a(alt_dev_llist_insert.o)
 .debug_abbrev  0x00000000000014a4       0x5a ../mytest_bsp//libhal_bsp.a(alt_errno.o)
 .debug_abbrev  0x00000000000014fe      0x125 ../mytest_bsp//libhal_bsp.a(alt_find_dev.o)
 .debug_abbrev  0x0000000000001623       0x6f ../mytest_bsp//libhal_bsp.a(alt_icache_flush_all.o)
 .debug_abbrev  0x0000000000001692       0x42 ../mytest_bsp//libhal_bsp.a(altera_nios2_gen2_irq.o)
 .debug_abbrev  0x00000000000016d4       0x9b ../mytest_bsp//libhal_bsp.a(alt_icache_flush.o)
 .debug_abbrev  0x000000000000176f       0x37 /usr/local/3rdparty/altera/18.1/nios2eds/bin/gnu/H-x86_64-pc-linux-gnu/bin/../lib/gcc/nios2-elf/5.3.0/../../../../../H-x86_64-pc-linux-gnu/nios2-elf/lib/libsmallc.a(lib_a-int_errno.o)
 .debug_abbrev  0x00000000000017a6       0x7f /usr/local/3rdparty/altera/18.1/nios2eds/bin/gnu/H-x86_64-pc-linux-gnu/bin/../lib/gcc/nios2-elf/5.3.0/../../../../../H-x86_64-pc-linux-gnu/nios2-elf/lib/libsmallc.a(lib_a-memcmp.o)
 .debug_abbrev  0x0000000000001825       0x63 /usr/local/3rdparty/altera/18.1/nios2eds/bin/gnu/H-x86_64-pc-linux-gnu/bin/../lib/gcc/nios2-elf/5.3.0/../../../../../H-x86_64-pc-linux-gnu/nios2-elf/lib/libsmallc.a(lib_a-strcmp.o)
 .debug_abbrev  0x0000000000001888       0x7f /usr/local/3rdparty/altera/18.1/nios2eds/bin/gnu/H-x86_64-pc-linux-gnu/bin/../lib/gcc/nios2-elf/5.3.0/../../../../../H-x86_64-pc-linux-gnu/nios2-elf/lib/libsmallc.a(lib_a-strlen.o)

.debug_line     0x0000000000000000     0x1d3f
 *(.debug_line)
 .debug_line    0x0000000000000000       0x72 ../mytest_bsp//obj/HAL/src/crt0.o
 .debug_line    0x0000000000000072      0x180 obj/default/hello_world_small.o
 .debug_line    0x00000000000001f2       0x4f obj/default/myfile.o
 .debug_line    0x0000000000000241       0x6b /usr/local/3rdparty/altera/18.1/nios2eds/bin/gnu/H-x86_64-pc-linux-gnu/bin/../lib/gcc/nios2-elf/5.3.0/libgcc.a(_fixunssfsi.o)
 .debug_line    0x00000000000002ac       0xbc /usr/local/3rdparty/altera/18.1/nios2eds/bin/gnu/H-x86_64-pc-linux-gnu/bin/../lib/gcc/nios2-elf/5.3.0/libgcc.a(gesf2.o)
 .debug_line    0x0000000000000368      0x159 /usr/local/3rdparty/altera/18.1/nios2eds/bin/gnu/H-x86_64-pc-linux-gnu/bin/../lib/gcc/nios2-elf/5.3.0/libgcc.a(mulsf3.o)
 .debug_line    0x00000000000004c1      0x295 /usr/local/3rdparty/altera/18.1/nios2eds/bin/gnu/H-x86_64-pc-linux-gnu/bin/../lib/gcc/nios2-elf/5.3.0/libgcc.a(subsf3.o)
 .debug_line    0x0000000000000756       0x97 /usr/local/3rdparty/altera/18.1/nios2eds/bin/gnu/H-x86_64-pc-linux-gnu/bin/../lib/gcc/nios2-elf/5.3.0/libgcc.a(fixsfsi.o)
 .debug_line    0x00000000000007ed       0xb0 /usr/local/3rdparty/altera/18.1/nios2eds/bin/gnu/H-x86_64-pc-linux-gnu/bin/../lib/gcc/nios2-elf/5.3.0/libgcc.a(floatsisf.o)
 .debug_line    0x000000000000089d       0xb7 /usr/local/3rdparty/altera/18.1/nios2eds/bin/gnu/H-x86_64-pc-linux-gnu/bin/../lib/gcc/nios2-elf/5.3.0/libgcc.a(_clzsi2.o)
 .debug_line    0x0000000000000954       0x53 /usr/local/3rdparty/altera/18.1/nios2eds/bin/gnu/H-x86_64-pc-linux-gnu/bin/../lib/gcc/nios2-elf/5.3.0/libgcc.a(_clz.o)
 .debug_line    0x00000000000009a7       0xa4 ../mytest_bsp//libhal_bsp.a(alt_load.o)
 .debug_line    0x0000000000000a4b       0xbd ../mytest_bsp//libhal_bsp.a(alt_main.o)
 .debug_line    0x0000000000000b08       0xae ../mytest_bsp//libhal_bsp.a(alt_putstr.o)
 .debug_line    0x0000000000000bb6      0x23a ../mytest_bsp//libhal_bsp.a(alt_sys_init.o)
 .debug_line    0x0000000000000df0       0xf0 ../mytest_bsp//libhal_bsp.a(altera_avalon_jtag_uart_write.o)
 .debug_line    0x0000000000000ee0      0x1b3 ../mytest_bsp//libhal_bsp.a(altera_up_avalon_video_character_buffer_with_dma.o)
 .debug_line    0x0000000000001093      0x3df ../mytest_bsp//libhal_bsp.a(altera_up_avalon_video_pixel_buffer_dma.o)
 .debug_line    0x0000000000001472       0x5a ../mytest_bsp//libhal_bsp.a(alt_dcache_flush_all.o)
 .debug_line    0x00000000000014cc      0x104 ../mytest_bsp//libhal_bsp.a(alt_dev.o)
 .debug_line    0x00000000000015d0       0xd8 ../mytest_bsp//libhal_bsp.a(alt_dev_llist_insert.o)
 .debug_line    0x00000000000016a8       0x51 ../mytest_bsp//libhal_bsp.a(alt_errno.o)
 .debug_line    0x00000000000016f9      0x115 ../mytest_bsp//libhal_bsp.a(alt_find_dev.o)
 .debug_line    0x000000000000180e       0x6e ../mytest_bsp//libhal_bsp.a(alt_icache_flush_all.o)
 .debug_line    0x000000000000187c       0x50 ../mytest_bsp//libhal_bsp.a(altera_nios2_gen2_irq.o)
 .debug_line    0x00000000000018cc       0x7d ../mytest_bsp//libhal_bsp.a(alt_icache_flush.o)
 .debug_line    0x0000000000001949       0x5c /usr/local/3rdparty/altera/18.1/nios2eds/bin/gnu/H-x86_64-pc-linux-gnu/bin/../lib/gcc/nios2-elf/5.3.0/../../../../../H-x86_64-pc-linux-gnu/nios2-elf/lib/libsmallc.a(lib_a-int_errno.o)
 .debug_line    0x00000000000019a5      0x15d /usr/local/3rdparty/altera/18.1/nios2eds/bin/gnu/H-x86_64-pc-linux-gnu/bin/../lib/gcc/nios2-elf/5.3.0/../../../../../H-x86_64-pc-linux-gnu/nios2-elf/lib/libsmallc.a(lib_a-memcmp.o)
 .debug_line    0x0000000000001b02       0xe4 /usr/local/3rdparty/altera/18.1/nios2eds/bin/gnu/H-x86_64-pc-linux-gnu/bin/../lib/gcc/nios2-elf/5.3.0/../../../../../H-x86_64-pc-linux-gnu/nios2-elf/lib/libsmallc.a(lib_a-strcmp.o)
 .debug_line    0x0000000000001be6      0x159 /usr/local/3rdparty/altera/18.1/nios2eds/bin/gnu/H-x86_64-pc-linux-gnu/bin/../lib/gcc/nios2-elf/5.3.0/../../../../../H-x86_64-pc-linux-gnu/nios2-elf/lib/libsmallc.a(lib_a-strlen.o)

.debug_frame    0x0000000000000000      0x5a0
 *(.debug_frame)
 .debug_frame   0x0000000000000000       0x38 obj/default/hello_world_small.o
 .debug_frame   0x0000000000000038       0x38 /usr/local/3rdparty/altera/18.1/nios2eds/bin/gnu/H-x86_64-pc-linux-gnu/bin/../lib/gcc/nios2-elf/5.3.0/libgcc.a(_fixunssfsi.o)
 .debug_frame   0x0000000000000070       0x20 /usr/local/3rdparty/altera/18.1/nios2eds/bin/gnu/H-x86_64-pc-linux-gnu/bin/../lib/gcc/nios2-elf/5.3.0/libgcc.a(gesf2.o)
 .debug_frame   0x0000000000000090       0x58 /usr/local/3rdparty/altera/18.1/nios2eds/bin/gnu/H-x86_64-pc-linux-gnu/bin/../lib/gcc/nios2-elf/5.3.0/libgcc.a(mulsf3.o)
 .debug_frame   0x00000000000000e8       0x40 /usr/local/3rdparty/altera/18.1/nios2eds/bin/gnu/H-x86_64-pc-linux-gnu/bin/../lib/gcc/nios2-elf/5.3.0/libgcc.a(subsf3.o)
 .debug_frame   0x0000000000000128       0x20 /usr/local/3rdparty/altera/18.1/nios2eds/bin/gnu/H-x86_64-pc-linux-gnu/bin/../lib/gcc/nios2-elf/5.3.0/libgcc.a(fixsfsi.o)
 .debug_frame   0x0000000000000148       0x38 /usr/local/3rdparty/altera/18.1/nios2eds/bin/gnu/H-x86_64-pc-linux-gnu/bin/../lib/gcc/nios2-elf/5.3.0/libgcc.a(floatsisf.o)
 .debug_frame   0x0000000000000180       0x20 /usr/local/3rdparty/altera/18.1/nios2eds/bin/gnu/H-x86_64-pc-linux-gnu/bin/../lib/gcc/nios2-elf/5.3.0/libgcc.a(_clzsi2.o)
 .debug_frame   0x00000000000001a0       0x30 ../mytest_bsp//libhal_bsp.a(alt_load.o)
 .debug_frame   0x00000000000001d0       0x2c ../mytest_bsp//libhal_bsp.a(alt_main.o)
 .debug_frame   0x00000000000001fc       0x30 ../mytest_bsp//libhal_bsp.a(alt_putstr.o)
 .debug_frame   0x000000000000022c       0x4c ../mytest_bsp//libhal_bsp.a(alt_sys_init.o)
 .debug_frame   0x0000000000000278       0x20 ../mytest_bsp//libhal_bsp.a(altera_avalon_jtag_uart_write.o)
 .debug_frame   0x0000000000000298       0x70 ../mytest_bsp//libhal_bsp.a(altera_up_avalon_video_character_buffer_with_dma.o)
 .debug_frame   0x0000000000000308      0x130 ../mytest_bsp//libhal_bsp.a(altera_up_avalon_video_pixel_buffer_dma.o)
 .debug_frame   0x0000000000000438       0x20 ../mytest_bsp//libhal_bsp.a(alt_dcache_flush_all.o)
 .debug_frame   0x0000000000000458       0x20 ../mytest_bsp//libhal_bsp.a(alt_dev.o)
 .debug_frame   0x0000000000000478       0x2c ../mytest_bsp//libhal_bsp.a(alt_dev_llist_insert.o)
 .debug_frame   0x00000000000004a4       0x3c ../mytest_bsp//libhal_bsp.a(alt_find_dev.o)
 .debug_frame   0x00000000000004e0       0x20 ../mytest_bsp//libhal_bsp.a(alt_icache_flush_all.o)
 .debug_frame   0x0000000000000500       0x20 ../mytest_bsp//libhal_bsp.a(altera_nios2_gen2_irq.o)
 .debug_frame   0x0000000000000520       0x20 ../mytest_bsp//libhal_bsp.a(alt_icache_flush.o)
 .debug_frame   0x0000000000000540       0x20 /usr/local/3rdparty/altera/18.1/nios2eds/bin/gnu/H-x86_64-pc-linux-gnu/bin/../lib/gcc/nios2-elf/5.3.0/../../../../../H-x86_64-pc-linux-gnu/nios2-elf/lib/libsmallc.a(lib_a-memcmp.o)
 .debug_frame   0x0000000000000560       0x20 /usr/local/3rdparty/altera/18.1/nios2eds/bin/gnu/H-x86_64-pc-linux-gnu/bin/../lib/gcc/nios2-elf/5.3.0/../../../../../H-x86_64-pc-linux-gnu/nios2-elf/lib/libsmallc.a(lib_a-strcmp.o)
 .debug_frame   0x0000000000000580       0x20 /usr/local/3rdparty/altera/18.1/nios2eds/bin/gnu/H-x86_64-pc-linux-gnu/bin/../lib/gcc/nios2-elf/5.3.0/../../../../../H-x86_64-pc-linux-gnu/nios2-elf/lib/libsmallc.a(lib_a-strlen.o)

.debug_str      0x0000000000000000     0x124b
 *(.debug_str)
 .debug_str     0x0000000000000000      0x2c4 obj/default/hello_world_small.o
                                        0x33a (size before relaxing)
 .debug_str     0x00000000000002c4        0x9 obj/default/myfile.o
                                        0x102 (size before relaxing)
 .debug_str     0x00000000000002cd      0x149 /usr/local/3rdparty/altera/18.1/nios2eds/bin/gnu/H-x86_64-pc-linux-gnu/bin/../lib/gcc/nios2-elf/5.3.0/libgcc.a(_fixunssfsi.o)
                                        0x1d2 (size before relaxing)
 .debug_str     0x0000000000000416       0x8d /usr/local/3rdparty/altera/18.1/nios2eds/bin/gnu/H-x86_64-pc-linux-gnu/bin/../lib/gcc/nios2-elf/5.3.0/libgcc.a(gesf2.o)
                                        0x1fe (size before relaxing)
 .debug_str     0x00000000000004a3       0xe1 /usr/local/3rdparty/altera/18.1/nios2eds/bin/gnu/H-x86_64-pc-linux-gnu/bin/../lib/gcc/nios2-elf/5.3.0/libgcc.a(mulsf3.o)
                                        0x287 (size before relaxing)
 .debug_str     0x0000000000000584       0xb1 /usr/local/3rdparty/altera/18.1/nios2eds/bin/gnu/H-x86_64-pc-linux-gnu/bin/../lib/gcc/nios2-elf/5.3.0/libgcc.a(subsf3.o)
                                        0x26a (size before relaxing)
 .debug_str     0x0000000000000635       0x4b /usr/local/3rdparty/altera/18.1/nios2eds/bin/gnu/H-x86_64-pc-linux-gnu/bin/../lib/gcc/nios2-elf/5.3.0/libgcc.a(fixsfsi.o)
                                        0x200 (size before relaxing)
 .debug_str     0x0000000000000680       0x69 /usr/local/3rdparty/altera/18.1/nios2eds/bin/gnu/H-x86_64-pc-linux-gnu/bin/../lib/gcc/nios2-elf/5.3.0/libgcc.a(floatsisf.o)
                                        0x235 (size before relaxing)
 .debug_str     0x00000000000006e9       0x20 /usr/local/3rdparty/altera/18.1/nios2eds/bin/gnu/H-x86_64-pc-linux-gnu/bin/../lib/gcc/nios2-elf/5.3.0/libgcc.a(_clzsi2.o)
                                        0x1e7 (size before relaxing)
 .debug_str     0x0000000000000709      0x1ca /usr/local/3rdparty/altera/18.1/nios2eds/bin/gnu/H-x86_64-pc-linux-gnu/bin/../lib/gcc/nios2-elf/5.3.0/libgcc.a(_clz.o)
 .debug_str     0x0000000000000709      0x13b ../mytest_bsp//libhal_bsp.a(alt_load.o)
                                        0x227 (size before relaxing)
 .debug_str     0x0000000000000844       0x5e ../mytest_bsp//libhal_bsp.a(alt_main.o)
                                        0x1a0 (size before relaxing)
 .debug_str     0x00000000000008a2       0x5f ../mytest_bsp//libhal_bsp.a(alt_putstr.o)
                                        0x176 (size before relaxing)
 .debug_str     0x0000000000000901      0x1af ../mytest_bsp//libhal_bsp.a(alt_sys_init.o)
                                        0x47a (size before relaxing)
 .debug_str     0x0000000000000ab0       0x32 ../mytest_bsp//libhal_bsp.a(altera_avalon_jtag_uart_write.o)
                                        0x200 (size before relaxing)
 .debug_str     0x0000000000000ae2       0xcb ../mytest_bsp//libhal_bsp.a(altera_up_avalon_video_character_buffer_with_dma.o)
                                        0x321 (size before relaxing)
 .debug_str     0x0000000000000bad      0x20d ../mytest_bsp//libhal_bsp.a(altera_up_avalon_video_pixel_buffer_dma.o)
                                        0x509 (size before relaxing)
 .debug_str     0x0000000000000dba       0x1f ../mytest_bsp//libhal_bsp.a(alt_dcache_flush_all.o)
                                        0x140 (size before relaxing)
 .debug_str     0x0000000000000dd9      0x12c ../mytest_bsp//libhal_bsp.a(alt_dev.o)
                                        0x2f0 (size before relaxing)
 .debug_str     0x0000000000000f05       0x4e ../mytest_bsp//libhal_bsp.a(alt_dev_llist_insert.o)
                                        0x1b7 (size before relaxing)
 .debug_str     0x0000000000000f53       0x14 ../mytest_bsp//libhal_bsp.a(alt_errno.o)
                                        0x130 (size before relaxing)
 .debug_str     0x0000000000000f67       0x1e ../mytest_bsp//libhal_bsp.a(alt_find_dev.o)
                                        0x1e5 (size before relaxing)
 .debug_str     0x0000000000000f85       0x30 ../mytest_bsp//libhal_bsp.a(alt_icache_flush_all.o)
                                        0x151 (size before relaxing)
 .debug_str     0x0000000000000fb5       0x20 ../mytest_bsp//libhal_bsp.a(altera_nios2_gen2_irq.o)
                                        0x147 (size before relaxing)
 .debug_str     0x0000000000000fd5       0x1b ../mytest_bsp//libhal_bsp.a(alt_icache_flush.o)
                                        0x146 (size before relaxing)
 .debug_str     0x0000000000000ff0      0x11b /usr/local/3rdparty/altera/18.1/nios2eds/bin/gnu/H-x86_64-pc-linux-gnu/bin/../lib/gcc/nios2-elf/5.3.0/../../../../../H-x86_64-pc-linux-gnu/nios2-elf/lib/libsmallc.a(lib_a-int_errno.o)
                                        0x1bf (size before relaxing)
 .debug_str     0x000000000000110b       0xcc /usr/local/3rdparty/altera/18.1/nios2eds/bin/gnu/H-x86_64-pc-linux-gnu/bin/../lib/gcc/nios2-elf/5.3.0/../../../../../H-x86_64-pc-linux-gnu/nios2-elf/lib/libsmallc.a(lib_a-memcmp.o)
                                        0x1c6 (size before relaxing)
 .debug_str     0x00000000000011d7       0x3a /usr/local/3rdparty/altera/18.1/nios2eds/bin/gnu/H-x86_64-pc-linux-gnu/bin/../lib/gcc/nios2-elf/5.3.0/../../../../../H-x86_64-pc-linux-gnu/nios2-elf/lib/libsmallc.a(lib_a-strcmp.o)
                                        0x1bf (size before relaxing)
 .debug_str     0x0000000000001211       0x3a /usr/local/3rdparty/altera/18.1/nios2eds/bin/gnu/H-x86_64-pc-linux-gnu/bin/../lib/gcc/nios2-elf/5.3.0/../../../../../H-x86_64-pc-linux-gnu/nios2-elf/lib/libsmallc.a(lib_a-strlen.o)
                                        0x1cc (size before relaxing)

.debug_loc      0x0000000000000000     0x2f6d
 *(.debug_loc)
 .debug_loc     0x0000000000000000      0x12e obj/default/hello_world_small.o
 .debug_loc     0x000000000000012e       0x23 /usr/local/3rdparty/altera/18.1/nios2eds/bin/gnu/H-x86_64-pc-linux-gnu/bin/../lib/gcc/nios2-elf/5.3.0/libgcc.a(_fixunssfsi.o)
 .debug_loc     0x0000000000000151      0x13f /usr/local/3rdparty/altera/18.1/nios2eds/bin/gnu/H-x86_64-pc-linux-gnu/bin/../lib/gcc/nios2-elf/5.3.0/libgcc.a(gesf2.o)
 .debug_loc     0x0000000000000290      0x740 /usr/local/3rdparty/altera/18.1/nios2eds/bin/gnu/H-x86_64-pc-linux-gnu/bin/../lib/gcc/nios2-elf/5.3.0/libgcc.a(mulsf3.o)
 .debug_loc     0x00000000000009d0      0xaf4 /usr/local/3rdparty/altera/18.1/nios2eds/bin/gnu/H-x86_64-pc-linux-gnu/bin/../lib/gcc/nios2-elf/5.3.0/libgcc.a(subsf3.o)
 .debug_loc     0x00000000000014c4       0xc3 /usr/local/3rdparty/altera/18.1/nios2eds/bin/gnu/H-x86_64-pc-linux-gnu/bin/../lib/gcc/nios2-elf/5.3.0/libgcc.a(fixsfsi.o)
 .debug_loc     0x0000000000001587      0x187 /usr/local/3rdparty/altera/18.1/nios2eds/bin/gnu/H-x86_64-pc-linux-gnu/bin/../lib/gcc/nios2-elf/5.3.0/libgcc.a(floatsisf.o)
 .debug_loc     0x000000000000170e       0x6b /usr/local/3rdparty/altera/18.1/nios2eds/bin/gnu/H-x86_64-pc-linux-gnu/bin/../lib/gcc/nios2-elf/5.3.0/libgcc.a(_clzsi2.o)
 .debug_loc     0x0000000000001779       0x37 ../mytest_bsp//libhal_bsp.a(alt_putstr.o)
 .debug_loc     0x00000000000017b0       0x77 ../mytest_bsp//libhal_bsp.a(alt_sys_init.o)
 .debug_loc     0x0000000000001827       0x8b ../mytest_bsp//libhal_bsp.a(altera_avalon_jtag_uart_write.o)
 .debug_loc     0x00000000000018b2      0x1e7 ../mytest_bsp//libhal_bsp.a(altera_up_avalon_video_character_buffer_with_dma.o)
 .debug_loc     0x0000000000001a99     0x1279 ../mytest_bsp//libhal_bsp.a(altera_up_avalon_video_pixel_buffer_dma.o)
 .debug_loc     0x0000000000002d12       0x1f ../mytest_bsp//libhal_bsp.a(alt_dcache_flush_all.o)
 .debug_loc     0x0000000000002d31       0x7e ../mytest_bsp//libhal_bsp.a(alt_dev_llist_insert.o)
 .debug_loc     0x0000000000002daf       0x7e ../mytest_bsp//libhal_bsp.a(alt_find_dev.o)
 .debug_loc     0x0000000000002e2d       0x52 ../mytest_bsp//libhal_bsp.a(alt_icache_flush.o)
 .debug_loc     0x0000000000002e7f       0x94 /usr/local/3rdparty/altera/18.1/nios2eds/bin/gnu/H-x86_64-pc-linux-gnu/bin/../lib/gcc/nios2-elf/5.3.0/../../../../../H-x86_64-pc-linux-gnu/nios2-elf/lib/libsmallc.a(lib_a-memcmp.o)
 .debug_loc     0x0000000000002f13       0x3c /usr/local/3rdparty/altera/18.1/nios2eds/bin/gnu/H-x86_64-pc-linux-gnu/bin/../lib/gcc/nios2-elf/5.3.0/../../../../../H-x86_64-pc-linux-gnu/nios2-elf/lib/libsmallc.a(lib_a-strcmp.o)
 .debug_loc     0x0000000000002f4f       0x1e /usr/local/3rdparty/altera/18.1/nios2eds/bin/gnu/H-x86_64-pc-linux-gnu/bin/../lib/gcc/nios2-elf/5.3.0/../../../../../H-x86_64-pc-linux-gnu/nios2-elf/lib/libsmallc.a(lib_a-strlen.o)

.debug_macinfo
 *(.debug_macinfo)

.debug_weaknames
 *(.debug_weaknames)

.debug_funcnames
 *(.debug_funcnames)

.debug_typenames
 *(.debug_typenames)

.debug_varnames
 *(.debug_varnames)

.debug_alt_sim_info
                0x0000000000000000       0x30
 *(.debug_alt_sim_info)
 .debug_alt_sim_info
                0x0000000000000000       0x30 ../mytest_bsp//obj/HAL/src/crt0.o
                0x0000000018000000                __alt_data_end = 0x18000000
                0x0000000018000000                PROVIDE (__alt_stack_pointer, __alt_data_end)
                [!provide]                        PROVIDE (__alt_stack_limit, __alt_stack_base)
                [!provide]                        PROVIDE (__alt_heap_start, end)
                [!provide]                        PROVIDE (__alt_heap_limit, 0x18000000)
OUTPUT(mytest.elf elf32-littlenios2)

.debug_ranges   0x0000000000000000      0x410
 .debug_ranges  0x0000000000000000       0x20 ../mytest_bsp//obj/HAL/src/crt0.o
 .debug_ranges  0x0000000000000020       0x28 obj/default/hello_world_small.o
 .debug_ranges  0x0000000000000048       0x88 /usr/local/3rdparty/altera/18.1/nios2eds/bin/gnu/H-x86_64-pc-linux-gnu/bin/../lib/gcc/nios2-elf/5.3.0/libgcc.a(gesf2.o)
 .debug_ranges  0x00000000000000d0       0x68 /usr/local/3rdparty/altera/18.1/nios2eds/bin/gnu/H-x86_64-pc-linux-gnu/bin/../lib/gcc/nios2-elf/5.3.0/libgcc.a(mulsf3.o)
 .debug_ranges  0x0000000000000138      0x178 /usr/local/3rdparty/altera/18.1/nios2eds/bin/gnu/H-x86_64-pc-linux-gnu/bin/../lib/gcc/nios2-elf/5.3.0/libgcc.a(subsf3.o)
 .debug_ranges  0x00000000000002b0       0x30 /usr/local/3rdparty/altera/18.1/nios2eds/bin/gnu/H-x86_64-pc-linux-gnu/bin/../lib/gcc/nios2-elf/5.3.0/libgcc.a(fixsfsi.o)
 .debug_ranges  0x00000000000002e0       0x38 /usr/local/3rdparty/altera/18.1/nios2eds/bin/gnu/H-x86_64-pc-linux-gnu/bin/../lib/gcc/nios2-elf/5.3.0/libgcc.a(floatsisf.o)
 .debug_ranges  0x0000000000000318       0x18 /usr/local/3rdparty/altera/18.1/nios2eds/bin/gnu/H-x86_64-pc-linux-gnu/bin/../lib/gcc/nios2-elf/5.3.0/libgcc.a(_clzsi2.o)
 .debug_ranges  0x0000000000000330       0x48 ../mytest_bsp//libhal_bsp.a(alt_load.o)
 .debug_ranges  0x0000000000000378       0x38 ../mytest_bsp//libhal_bsp.a(alt_sys_init.o)
 .debug_ranges  0x00000000000003b0       0x20 ../mytest_bsp//libhal_bsp.a(alt_dev_llist_insert.o)
 .debug_ranges  0x00000000000003d0       0x10 ../mytest_bsp//libhal_bsp.a(alt_icache_flush.o)
 .debug_ranges  0x00000000000003e0       0x10 /usr/local/3rdparty/altera/18.1/nios2eds/bin/gnu/H-x86_64-pc-linux-gnu/bin/../lib/gcc/nios2-elf/5.3.0/../../../../../H-x86_64-pc-linux-gnu/nios2-elf/lib/libsmallc.a(lib_a-memcmp.o)
 .debug_ranges  0x00000000000003f0       0x10 /usr/local/3rdparty/altera/18.1/nios2eds/bin/gnu/H-x86_64-pc-linux-gnu/bin/../lib/gcc/nios2-elf/5.3.0/../../../../../H-x86_64-pc-linux-gnu/nios2-elf/lib/libsmallc.a(lib_a-strcmp.o)
 .debug_ranges  0x0000000000000400       0x10 /usr/local/3rdparty/altera/18.1/nios2eds/bin/gnu/H-x86_64-pc-linux-gnu/bin/../lib/gcc/nios2-elf/5.3.0/../../../../../H-x86_64-pc-linux-gnu/nios2-elf/lib/libsmallc.a(lib_a-strlen.o)
