Archive member included to satisfy reference by file (symbol)

/usr/local/3rdparty/altera/18.1/nios2eds/bin/gnu/H-x86_64-pc-linux-gnu/bin/../lib/gcc/nios2-elf/5.3.0/../../../../../H-x86_64-pc-linux-gnu/nios2-elf/lib/libsmallc.a(lib_a-rand.o)
                              obj/default/hello_world_small.o (rand)
/usr/local/3rdparty/altera/18.1/nios2eds/bin/gnu/H-x86_64-pc-linux-gnu/bin/../lib/gcc/nios2-elf/5.3.0/libgcc.a(_muldi3.o)
                              /usr/local/3rdparty/altera/18.1/nios2eds/bin/gnu/H-x86_64-pc-linux-gnu/bin/../lib/gcc/nios2-elf/5.3.0/../../../../../H-x86_64-pc-linux-gnu/nios2-elf/lib/libsmallc.a(lib_a-rand.o) (__muldi3)
../p3_bsp//libhal_bsp.a(alt_load.o)
                              ../p3_bsp//obj/HAL/src/crt0.o (alt_load)
../p3_bsp//libhal_bsp.a(alt_main.o)
                              ../p3_bsp//obj/HAL/src/crt0.o (alt_main)
../p3_bsp//libhal_bsp.a(alt_putstr.o)
                              obj/default/hello_world_small.o (alt_putstr)
../p3_bsp//libhal_bsp.a(alt_usleep.o)
                              obj/default/hello_world_small.o (usleep)
../p3_bsp//libhal_bsp.a(alt_sys_init.o)
                              ../p3_bsp//libhal_bsp.a(alt_main.o) (alt_irq_init)
../p3_bsp//libhal_bsp.a(altera_avalon_jtag_uart_write.o)
                              ../p3_bsp//libhal_bsp.a(alt_putstr.o) (altera_avalon_jtag_uart_write)
../p3_bsp//libhal_bsp.a(alt_busy_sleep.o)
                              ../p3_bsp//libhal_bsp.a(alt_usleep.o) (alt_busy_sleep)
../p3_bsp//libhal_bsp.a(alt_dcache_flush_all.o)
                              ../p3_bsp//libhal_bsp.a(alt_load.o) (alt_dcache_flush_all)
../p3_bsp//libhal_bsp.a(alt_icache_flush_all.o)
                              ../p3_bsp//libhal_bsp.a(alt_load.o) (alt_icache_flush_all)
../p3_bsp//libhal_bsp.a(altera_nios2_gen2_irq.o)
                              ../p3_bsp//libhal_bsp.a(alt_sys_init.o) (altera_nios2_gen2_irq_init)
../p3_bsp//libhal_bsp.a(alt_icache_flush.o)
                              ../p3_bsp//libhal_bsp.a(alt_icache_flush_all.o) (alt_icache_flush)
/usr/local/3rdparty/altera/18.1/nios2eds/bin/gnu/H-x86_64-pc-linux-gnu/bin/../lib/gcc/nios2-elf/5.3.0/../../../../../H-x86_64-pc-linux-gnu/nios2-elf/lib/libsmallc.a(lib_a-strlen.o)
                              ../p3_bsp//libhal_bsp.a(alt_putstr.o) (strlen)
/usr/local/3rdparty/altera/18.1/nios2eds/bin/gnu/H-x86_64-pc-linux-gnu/bin/../lib/gcc/nios2-elf/5.3.0/libgcc.a(lib2-divmod.o)
                              ../p3_bsp//libhal_bsp.a(alt_busy_sleep.o) (__udivsi3)

Memory Configuration

Name             Origin             Length             Attributes
reset            0x0000000000010000 0x0000000000000020
onchip_memory2_0 0x0000000000010020 0x000000000000ffe0
*default*        0x0000000000000000 0xffffffffffffffff

Linker script and memory map

LOAD ../p3_bsp//obj/HAL/src/crt0.o
LOAD obj/default/hello_world_small.o
LOAD /usr/local/3rdparty/altera/18.1/nios2eds/bin/gnu/H-x86_64-pc-linux-gnu/bin/../lib/gcc/nios2-elf/5.3.0/../../../../../H-x86_64-pc-linux-gnu/nios2-elf/lib/libstdc++.a
LOAD /usr/local/3rdparty/altera/18.1/nios2eds/bin/gnu/H-x86_64-pc-linux-gnu/bin/../lib/gcc/nios2-elf/5.3.0/../../../../../H-x86_64-pc-linux-gnu/nios2-elf/lib/libm.a
LOAD /usr/local/3rdparty/altera/18.1/nios2eds/bin/gnu/H-x86_64-pc-linux-gnu/bin/../lib/gcc/nios2-elf/5.3.0/libgcc.a
START GROUP
LOAD /usr/local/3rdparty/altera/18.1/nios2eds/bin/gnu/H-x86_64-pc-linux-gnu/bin/../lib/gcc/nios2-elf/5.3.0/../../../../../H-x86_64-pc-linux-gnu/nios2-elf/lib/libsmallc.a
LOAD /usr/local/3rdparty/altera/18.1/nios2eds/bin/gnu/H-x86_64-pc-linux-gnu/bin/../lib/gcc/nios2-elf/5.3.0/libgcc.a
LOAD ../p3_bsp//libhal_bsp.a
LOAD /usr/local/3rdparty/altera/18.1/nios2eds/bin/gnu/H-x86_64-pc-linux-gnu/bin/../lib/gcc/nios2-elf/5.3.0/../../../../../H-x86_64-pc-linux-gnu/nios2-elf/lib/libm.a
END GROUP
LOAD /usr/local/3rdparty/altera/18.1/nios2eds/bin/gnu/H-x86_64-pc-linux-gnu/bin/../lib/gcc/nios2-elf/5.3.0/libgcc.a
                0x0000000000010000                __alt_mem_onchip_memory2_0 = 0x10000

.entry          0x0000000000010000       0x20
 *(.entry)
 .entry         0x0000000000010000       0x20 ../p3_bsp//obj/HAL/src/crt0.o
                0x0000000000010000                __reset
                0x000000000001001c                _exit

.exceptions     0x0000000000010020        0x0
                0x0000000000010020                PROVIDE (__ram_exceptions_start, ABSOLUTE (.))
                0x0000000000010020                . = ALIGN (0x20)
 *(.irq)
 *(.exceptions.entry.label)
 *(.exceptions.entry.user)
 *(.exceptions.entry.ecc_fatal)
 *(.exceptions.entry)
 *(.exceptions.irqtest.user)
 *(.exceptions.irqtest)
 *(.exceptions.irqhandler.user)
 *(.exceptions.irqhandler)
 *(.exceptions.irqreturn.user)
 *(.exceptions.irqreturn)
 *(.exceptions.notirq.label)
 *(.exceptions.notirq.user)
 *(.exceptions.notirq)
 *(.exceptions.soft.user)
 *(.exceptions.soft)
 *(.exceptions.unknown.user)
 *(.exceptions.unknown)
 *(.exceptions.exit.label)
 *(.exceptions.exit.user)
 *(.exceptions.exit)
 *(.exceptions)
                0x0000000000010020                PROVIDE (__ram_exceptions_end, ABSOLUTE (.))
                0x0000000000010020                PROVIDE (__flash_exceptions_start, LOADADDR (.exceptions))

.text           0x0000000000010020      0x7a4
                [!provide]                        PROVIDE (stext, ABSOLUTE (.))
 *(.interp)
 *(.hash)
 *(.dynsym)
 *(.dynstr)
 *(.gnu.version)
 *(.gnu.version_d)
 *(.gnu.version_r)
 *(.rel.init)
 *(.rela.init)
 *(.rel.text .rel.text.* .rel.gnu.linkonce.t.*)
 *(.rela.text .rela.text.* .rela.gnu.linkonce.t.*)
 *(.rel.fini)
 *(.rela.fini)
 *(.rel.rodata .rel.rodata.* .rel.gnu.linkonce.r.*)
 *(.rela.rodata .rela.rodata.* .rela.gnu.linkonce.r.*)
 *(.rel.data .rel.data.* .rel.gnu.linkonce.d.*)
 *(.rela.data .rela.data.* .rela.gnu.linkonce.d.*)
 *(.rel.tdata .rel.tdata.* .rel.gnu.linkonce.td.*)
 *(.rela.tdata .rela.tdata.* .rela.gnu.linkonce.td.*)
 *(.rel.tbss .rel.tbss.* .rel.gnu.linkonce.tb.*)
 *(.rela.tbss .rela.tbss.* .rela.gnu.linkonce.tb.*)
 *(.rel.ctors)
 *(.rela.ctors)
 *(.rel.dtors)
 *(.rela.dtors)
 *(.rel.got)
 *(.rela.got)
 *(.rel.sdata .rel.sdata.* .rel.gnu.linkonce.s.*)
 *(.rela.sdata .rela.sdata.* .rela.gnu.linkonce.s.*)
 *(.rel.sbss .rel.sbss.* .rel.gnu.linkonce.sb.*)
 *(.rela.sbss .rela.sbss.* .rela.gnu.linkonce.sb.*)
 *(.rel.sdata2 .rel.sdata2.* .rel.gnu.linkonce.s2.*)
 *(.rela.sdata2 .rela.sdata2.* .rela.gnu.linkonce.s2.*)
 *(.rel.sbss2 .rel.sbss2.* .rel.gnu.linkonce.sb2.*)
 *(.rela.sbss2 .rela.sbss2.* .rela.gnu.linkonce.sb2.*)
 *(.rel.bss .rel.bss.* .rel.gnu.linkonce.b.*)
 *(.rela.bss .rela.bss.* .rela.gnu.linkonce.b.*)
 *(.rel.plt)
 *(.rela.plt)
 *(.rel.dyn)
 *(.init)
 *(.plt)
 *(.text .stub .text.* .gnu.linkonce.t.*)
 .text          0x0000000000010020       0x4c ../p3_bsp//obj/HAL/src/crt0.o
                0x0000000000010020                _start
 .text          0x000000000001006c       0x28 obj/default/hello_world_small.o
                0x000000000001006c                bcdEncode
 .text.startup  0x0000000000010094      0x210 obj/default/hello_world_small.o
                0x0000000000010094                main
 .text          0x00000000000102a4        0x0 /usr/local/3rdparty/altera/18.1/nios2eds/bin/gnu/H-x86_64-pc-linux-gnu/bin/../lib/gcc/nios2-elf/5.3.0/../../../../../H-x86_64-pc-linux-gnu/nios2-elf/lib/libsmallc.a(lib_a-rand.o)
 .text.srand    0x00000000000102a4       0x14 /usr/local/3rdparty/altera/18.1/nios2eds/bin/gnu/H-x86_64-pc-linux-gnu/bin/../lib/gcc/nios2-elf/5.3.0/../../../../../H-x86_64-pc-linux-gnu/nios2-elf/lib/libsmallc.a(lib_a-rand.o)
                0x00000000000102a4                srand
 .text.rand     0x00000000000102b8       0x60 /usr/local/3rdparty/altera/18.1/nios2eds/bin/gnu/H-x86_64-pc-linux-gnu/bin/../lib/gcc/nios2-elf/5.3.0/../../../../../H-x86_64-pc-linux-gnu/nios2-elf/lib/libsmallc.a(lib_a-rand.o)
                0x00000000000102b8                rand
 .text          0x0000000000010318       0x60 /usr/local/3rdparty/altera/18.1/nios2eds/bin/gnu/H-x86_64-pc-linux-gnu/bin/../lib/gcc/nios2-elf/5.3.0/libgcc.a(_muldi3.o)
                0x0000000000010318                __muldi3
 .text          0x0000000000010378       0xe0 ../p3_bsp//libhal_bsp.a(alt_load.o)
                0x0000000000010378                alt_load
 .text          0x0000000000010458       0x2c ../p3_bsp//libhal_bsp.a(alt_main.o)
                0x0000000000010458                alt_main
 .text          0x0000000000010484       0x38 ../p3_bsp//libhal_bsp.a(alt_putstr.o)
                0x0000000000010484                alt_putstr
 .text          0x00000000000104bc        0x4 ../p3_bsp//libhal_bsp.a(alt_usleep.o)
                0x00000000000104bc                usleep
 .text          0x00000000000104c0       0x24 ../p3_bsp//libhal_bsp.a(alt_sys_init.o)
                0x00000000000104c0                alt_irq_init
                0x00000000000104e0                alt_sys_init
 .text          0x00000000000104e4       0x34 ../p3_bsp//libhal_bsp.a(altera_avalon_jtag_uart_write.o)
                0x00000000000104e4                altera_avalon_jtag_uart_write
 .text          0x0000000000010518       0x78 ../p3_bsp//libhal_bsp.a(alt_busy_sleep.o)
                0x0000000000010518                alt_busy_sleep
 .text          0x0000000000010590       0x18 ../p3_bsp//libhal_bsp.a(alt_dcache_flush_all.o)
                0x0000000000010590                alt_dcache_flush_all
 .text          0x00000000000105a8        0xc ../p3_bsp//libhal_bsp.a(alt_icache_flush_all.o)
                0x00000000000105a8                alt_icache_flush_all
 .text          0x00000000000105b4        0x8 ../p3_bsp//libhal_bsp.a(altera_nios2_gen2_irq.o)
                0x00000000000105b4                altera_nios2_gen2_irq_init
 .text          0x00000000000105bc       0x38 ../p3_bsp//libhal_bsp.a(alt_icache_flush.o)
                0x00000000000105bc                alt_icache_flush
 .text          0x00000000000105f4        0x0 /usr/local/3rdparty/altera/18.1/nios2eds/bin/gnu/H-x86_64-pc-linux-gnu/bin/../lib/gcc/nios2-elf/5.3.0/../../../../../H-x86_64-pc-linux-gnu/nios2-elf/lib/libsmallc.a(lib_a-strlen.o)
 .text.strlen   0x00000000000105f4       0x1c /usr/local/3rdparty/altera/18.1/nios2eds/bin/gnu/H-x86_64-pc-linux-gnu/bin/../lib/gcc/nios2-elf/5.3.0/../../../../../H-x86_64-pc-linux-gnu/nios2-elf/lib/libsmallc.a(lib_a-strlen.o)
                0x00000000000105f4                strlen
 .text          0x0000000000010610      0x1b4 /usr/local/3rdparty/altera/18.1/nios2eds/bin/gnu/H-x86_64-pc-linux-gnu/bin/../lib/gcc/nios2-elf/5.3.0/libgcc.a(lib2-divmod.o)
                0x0000000000010610                __divsi3
                0x0000000000010694                __modsi3
                0x0000000000010708                __udivsi3
                0x000000000001076c                __umodsi3
 *(.gnu.warning.*)
 *(.fini)
                [!provide]                        PROVIDE (__etext, ABSOLUTE (.))
                [!provide]                        PROVIDE (_etext, ABSOLUTE (.))
                [!provide]                        PROVIDE (etext, ABSOLUTE (.))
 *(.eh_frame_hdr)
                0x00000000000107c4                . = ALIGN (0x4)
                [!provide]                        PROVIDE (__preinit_array_start, ABSOLUTE (.))
 *(.preinit_array)
                [!provide]                        PROVIDE (__preinit_array_end, ABSOLUTE (.))
                [!provide]                        PROVIDE (__init_array_start, ABSOLUTE (.))
 *(.init_array)
                [!provide]                        PROVIDE (__init_array_end, ABSOLUTE (.))
                [!provide]                        PROVIDE (__fini_array_start, ABSOLUTE (.))
 *(.fini_array)
                [!provide]                        PROVIDE (__fini_array_end, ABSOLUTE (.))
 *(.eh_frame)
 *(.gcc_except_table .gcc_except_table.*)
 *(.dynamic)
                [!provide]                        PROVIDE (__CTOR_LIST__, ABSOLUTE (.))
 *(.ctors)
 *(SORT(.ctors.*))
                [!provide]                        PROVIDE (__CTOR_END__, ABSOLUTE (.))
                [!provide]                        PROVIDE (__DTOR_LIST__, ABSOLUTE (.))
 *(.dtors)
 *(SORT(.dtors.*))
                [!provide]                        PROVIDE (__DTOR_END__, ABSOLUTE (.))
 *(.jcr)
                0x00000000000107c4                . = ALIGN (0x4)

.rodata         0x00000000000107c4       0xd4
                0x00000000000107c4                PROVIDE (__ram_rodata_start, ABSOLUTE (.))
                0x00000000000107c4                . = ALIGN (0x4)
 *(.rodata .rodata.* .gnu.linkonce.r.*)
 .rodata.str1.4
                0x00000000000107c4       0xc4 obj/default/hello_world_small.o
                                         0xc1 (size before relaxing)
 .rodata        0x0000000000010888       0x10 obj/default/hello_world_small.o
 *(.rodata1)
                0x0000000000010898                . = ALIGN (0x4)
                0x0000000000010898                PROVIDE (__ram_rodata_end, ABSOLUTE (.))
                0x00000000000107c4                PROVIDE (__flash_rodata_start, LOADADDR (.rodata))

.rwdata         0x0000000000010898        0x4 load address 0x000000000001089c
                0x0000000000010898                PROVIDE (__ram_rwdata_start, ABSOLUTE (.))
                0x0000000000010898                . = ALIGN (0x4)
 *(.got.plt)
 *(.got)
 *(.data1)
 *(.data .data.* .gnu.linkonce.d.*)
 .data          0x0000000000010898        0x0 ../p3_bsp//obj/HAL/src/crt0.o
 .data          0x0000000000010898        0x0 obj/default/hello_world_small.o
 .data          0x0000000000010898        0x0 /usr/local/3rdparty/altera/18.1/nios2eds/bin/gnu/H-x86_64-pc-linux-gnu/bin/../lib/gcc/nios2-elf/5.3.0/../../../../../H-x86_64-pc-linux-gnu/nios2-elf/lib/libsmallc.a(lib_a-rand.o)
 .data          0x0000000000010898        0x0 /usr/local/3rdparty/altera/18.1/nios2eds/bin/gnu/H-x86_64-pc-linux-gnu/bin/../lib/gcc/nios2-elf/5.3.0/libgcc.a(_muldi3.o)
 .data          0x0000000000010898        0x0 ../p3_bsp//libhal_bsp.a(alt_load.o)
 .data          0x0000000000010898        0x0 ../p3_bsp//libhal_bsp.a(alt_main.o)
 .data          0x0000000000010898        0x0 ../p3_bsp//libhal_bsp.a(alt_putstr.o)
 .data          0x0000000000010898        0x0 ../p3_bsp//libhal_bsp.a(alt_usleep.o)
 .data          0x0000000000010898        0x0 ../p3_bsp//libhal_bsp.a(alt_sys_init.o)
 .data          0x0000000000010898        0x0 ../p3_bsp//libhal_bsp.a(altera_avalon_jtag_uart_write.o)
 .data          0x0000000000010898        0x0 ../p3_bsp//libhal_bsp.a(alt_busy_sleep.o)
 .data          0x0000000000010898        0x0 ../p3_bsp//libhal_bsp.a(alt_dcache_flush_all.o)
 .data          0x0000000000010898        0x0 ../p3_bsp//libhal_bsp.a(alt_icache_flush_all.o)
 .data          0x0000000000010898        0x0 ../p3_bsp//libhal_bsp.a(altera_nios2_gen2_irq.o)
 .data          0x0000000000010898        0x0 ../p3_bsp//libhal_bsp.a(alt_icache_flush.o)
 .data          0x0000000000010898        0x0 /usr/local/3rdparty/altera/18.1/nios2eds/bin/gnu/H-x86_64-pc-linux-gnu/bin/../lib/gcc/nios2-elf/5.3.0/../../../../../H-x86_64-pc-linux-gnu/nios2-elf/lib/libsmallc.a(lib_a-strlen.o)
 .data          0x0000000000010898        0x0 /usr/local/3rdparty/altera/18.1/nios2eds/bin/gnu/H-x86_64-pc-linux-gnu/bin/../lib/gcc/nios2-elf/5.3.0/libgcc.a(lib2-divmod.o)
                0x0000000000018898                _gp = ABSOLUTE ((. + 0x8000))
                [!provide]                        PROVIDE (gp, _gp)
 *(.rwdata .rwdata.*)
 *(.sdata .sdata.* .gnu.linkonce.s.*)
 .sdata         0x0000000000010898        0x4 ../p3_bsp//libhal_bsp.a(alt_sys_init.o)
                0x0000000000010898                jtag_uart_0
 *(.sdata2 .sdata2.* .gnu.linkonce.s2.*)
                0x000000000001089c                . = ALIGN (0x4)
                0x000000000001089c                _edata = ABSOLUTE (.)
                [!provide]                        PROVIDE (edata, ABSOLUTE (.))
                0x000000000001089c                PROVIDE (__ram_rwdata_end, ABSOLUTE (.))
                0x000000000001089c                PROVIDE (__flash_rwdata_start, LOADADDR (.rwdata))

.bss            0x00000000000108a0       0x14
                0x00000000000108a0                __bss_start = ABSOLUTE (.)
                [!provide]                        PROVIDE (__sbss_start, ABSOLUTE (.))
                [!provide]                        PROVIDE (___sbss_start, ABSOLUTE (.))
 *(.dynsbss)
 *(.sbss .sbss.* .gnu.linkonce.sb.*)
 .sbss._randbits
                0x00000000000108a0        0x8 /usr/local/3rdparty/altera/18.1/nios2eds/bin/gnu/H-x86_64-pc-linux-gnu/bin/../lib/gcc/nios2-elf/5.3.0/../../../../../H-x86_64-pc-linux-gnu/nios2-elf/lib/libsmallc.a(lib_a-rand.o)
 .sbss          0x00000000000108a8        0xc ../p3_bsp//libhal_bsp.a(alt_main.o)
                0x00000000000108a8                alt_envp
                0x00000000000108ac                alt_argv
                0x00000000000108b0                alt_argc
 *(.sbss2 .sbss2.* .gnu.linkonce.sb2.*)
 *(.scommon)
                [!provide]                        PROVIDE (__sbss_end, ABSOLUTE (.))
                [!provide]                        PROVIDE (___sbss_end, ABSOLUTE (.))
 *(.dynbss)
 *(.bss .bss.* .gnu.linkonce.b.*)
 .bss           0x00000000000108b4        0x0 ../p3_bsp//obj/HAL/src/crt0.o
 .bss           0x00000000000108b4        0x0 obj/default/hello_world_small.o
 .bss           0x00000000000108b4        0x0 /usr/local/3rdparty/altera/18.1/nios2eds/bin/gnu/H-x86_64-pc-linux-gnu/bin/../lib/gcc/nios2-elf/5.3.0/../../../../../H-x86_64-pc-linux-gnu/nios2-elf/lib/libsmallc.a(lib_a-rand.o)
 .bss           0x00000000000108b4        0x0 /usr/local/3rdparty/altera/18.1/nios2eds/bin/gnu/H-x86_64-pc-linux-gnu/bin/../lib/gcc/nios2-elf/5.3.0/libgcc.a(_muldi3.o)
 .bss           0x00000000000108b4        0x0 ../p3_bsp//libhal_bsp.a(alt_load.o)
 .bss           0x00000000000108b4        0x0 ../p3_bsp//libhal_bsp.a(alt_main.o)
 .bss           0x00000000000108b4        0x0 ../p3_bsp//libhal_bsp.a(alt_putstr.o)
 .bss           0x00000000000108b4        0x0 ../p3_bsp//libhal_bsp.a(alt_usleep.o)
 .bss           0x00000000000108b4        0x0 ../p3_bsp//libhal_bsp.a(alt_sys_init.o)
 .bss           0x00000000000108b4        0x0 ../p3_bsp//libhal_bsp.a(altera_avalon_jtag_uart_write.o)
 .bss           0x00000000000108b4        0x0 ../p3_bsp//libhal_bsp.a(alt_busy_sleep.o)
 .bss           0x00000000000108b4        0x0 ../p3_bsp//libhal_bsp.a(alt_dcache_flush_all.o)
 .bss           0x00000000000108b4        0x0 ../p3_bsp//libhal_bsp.a(alt_icache_flush_all.o)
 .bss           0x00000000000108b4        0x0 ../p3_bsp//libhal_bsp.a(altera_nios2_gen2_irq.o)
 .bss           0x00000000000108b4        0x0 ../p3_bsp//libhal_bsp.a(alt_icache_flush.o)
 .bss           0x00000000000108b4        0x0 /usr/local/3rdparty/altera/18.1/nios2eds/bin/gnu/H-x86_64-pc-linux-gnu/bin/../lib/gcc/nios2-elf/5.3.0/../../../../../H-x86_64-pc-linux-gnu/nios2-elf/lib/libsmallc.a(lib_a-strlen.o)
 .bss           0x00000000000108b4        0x0 /usr/local/3rdparty/altera/18.1/nios2eds/bin/gnu/H-x86_64-pc-linux-gnu/bin/../lib/gcc/nios2-elf/5.3.0/libgcc.a(lib2-divmod.o)
 *(COMMON)
                0x00000000000108b4                . = ALIGN (0x4)
                0x00000000000108b4                __bss_end = ABSOLUTE (.)

.onchip_memory2_0
                0x00000000000108b4        0x0
                [!provide]                        PROVIDE (_alt_partition_onchip_memory2_0_start, ABSOLUTE (.))
 *(.onchip_memory2_0 .onchip_memory2_0. onchip_memory2_0.*)
                0x00000000000108b4                . = ALIGN (0x4)
                [!provide]                        PROVIDE (_alt_partition_onchip_memory2_0_end, ABSOLUTE (.))
                0x00000000000108b4                _end = ABSOLUTE (.)
                0x00000000000108b4                end = ABSOLUTE (.)
                0x00000000000108b4                __alt_stack_base = ABSOLUTE (.)
                [!provide]                        PROVIDE (_alt_partition_onchip_memory2_0_load_addr, LOADADDR (.onchip_memory2_0))

.stab
 *(.stab)

.stabstr
 *(.stabstr)

.stab.excl
 *(.stab.excl)

.stab.exclstr
 *(.stab.exclstr)

.stab.index
 *(.stab.index)

.stab.indexstr
 *(.stab.indexstr)

.comment        0x0000000000000000       0x23
 *(.comment)
 .comment       0x0000000000000000       0x23 obj/default/hello_world_small.o
                                         0x24 (size before relaxing)
 .comment       0x0000000000000023       0x24 /usr/local/3rdparty/altera/18.1/nios2eds/bin/gnu/H-x86_64-pc-linux-gnu/bin/../lib/gcc/nios2-elf/5.3.0/../../../../../H-x86_64-pc-linux-gnu/nios2-elf/lib/libsmallc.a(lib_a-rand.o)
 .comment       0x0000000000000023       0x24 /usr/local/3rdparty/altera/18.1/nios2eds/bin/gnu/H-x86_64-pc-linux-gnu/bin/../lib/gcc/nios2-elf/5.3.0/libgcc.a(_muldi3.o)
 .comment       0x0000000000000023       0x24 ../p3_bsp//libhal_bsp.a(alt_load.o)
 .comment       0x0000000000000023       0x24 ../p3_bsp//libhal_bsp.a(alt_main.o)
 .comment       0x0000000000000023       0x24 ../p3_bsp//libhal_bsp.a(alt_putstr.o)
 .comment       0x0000000000000023       0x24 ../p3_bsp//libhal_bsp.a(alt_usleep.o)
 .comment       0x0000000000000023       0x24 ../p3_bsp//libhal_bsp.a(alt_sys_init.o)
 .comment       0x0000000000000023       0x24 ../p3_bsp//libhal_bsp.a(altera_avalon_jtag_uart_write.o)
 .comment       0x0000000000000023       0x24 ../p3_bsp//libhal_bsp.a(alt_busy_sleep.o)
 .comment       0x0000000000000023       0x24 ../p3_bsp//libhal_bsp.a(alt_dcache_flush_all.o)
 .comment       0x0000000000000023       0x24 ../p3_bsp//libhal_bsp.a(alt_icache_flush_all.o)
 .comment       0x0000000000000023       0x24 ../p3_bsp//libhal_bsp.a(altera_nios2_gen2_irq.o)
 .comment       0x0000000000000023       0x24 ../p3_bsp//libhal_bsp.a(alt_icache_flush.o)
 .comment       0x0000000000000023       0x24 /usr/local/3rdparty/altera/18.1/nios2eds/bin/gnu/H-x86_64-pc-linux-gnu/bin/../lib/gcc/nios2-elf/5.3.0/../../../../../H-x86_64-pc-linux-gnu/nios2-elf/lib/libsmallc.a(lib_a-strlen.o)
 .comment       0x0000000000000023       0x24 /usr/local/3rdparty/altera/18.1/nios2eds/bin/gnu/H-x86_64-pc-linux-gnu/bin/../lib/gcc/nios2-elf/5.3.0/libgcc.a(lib2-divmod.o)

.debug
 *(.debug)

.line
 *(.line)

.debug_srcinfo
 *(.debug_srcinfo)

.debug_sfnames
 *(.debug_sfnames)

.debug_aranges  0x0000000000000000      0x238
 *(.debug_aranges)
 .debug_aranges
                0x0000000000000000       0x28 ../p3_bsp//obj/HAL/src/crt0.o
 .debug_aranges
                0x0000000000000028       0x28 obj/default/hello_world_small.o
 .debug_aranges
                0x0000000000000050       0x28 /usr/local/3rdparty/altera/18.1/nios2eds/bin/gnu/H-x86_64-pc-linux-gnu/bin/../lib/gcc/nios2-elf/5.3.0/../../../../../H-x86_64-pc-linux-gnu/nios2-elf/lib/libsmallc.a(lib_a-rand.o)
 .debug_aranges
                0x0000000000000078       0x20 /usr/local/3rdparty/altera/18.1/nios2eds/bin/gnu/H-x86_64-pc-linux-gnu/bin/../lib/gcc/nios2-elf/5.3.0/libgcc.a(_muldi3.o)
 .debug_aranges
                0x0000000000000098       0x20 ../p3_bsp//libhal_bsp.a(alt_load.o)
 .debug_aranges
                0x00000000000000b8       0x20 ../p3_bsp//libhal_bsp.a(alt_main.o)
 .debug_aranges
                0x00000000000000d8       0x20 ../p3_bsp//libhal_bsp.a(alt_putstr.o)
 .debug_aranges
                0x00000000000000f8       0x20 ../p3_bsp//libhal_bsp.a(alt_usleep.o)
 .debug_aranges
                0x0000000000000118       0x20 ../p3_bsp//libhal_bsp.a(alt_sys_init.o)
 .debug_aranges
                0x0000000000000138       0x20 ../p3_bsp//libhal_bsp.a(altera_avalon_jtag_uart_write.o)
 .debug_aranges
                0x0000000000000158       0x20 ../p3_bsp//libhal_bsp.a(alt_busy_sleep.o)
 .debug_aranges
                0x0000000000000178       0x20 ../p3_bsp//libhal_bsp.a(alt_dcache_flush_all.o)
 .debug_aranges
                0x0000000000000198       0x20 ../p3_bsp//libhal_bsp.a(alt_icache_flush_all.o)
 .debug_aranges
                0x00000000000001b8       0x20 ../p3_bsp//libhal_bsp.a(altera_nios2_gen2_irq.o)
 .debug_aranges
                0x00000000000001d8       0x20 ../p3_bsp//libhal_bsp.a(alt_icache_flush.o)
 .debug_aranges
                0x00000000000001f8       0x20 /usr/local/3rdparty/altera/18.1/nios2eds/bin/gnu/H-x86_64-pc-linux-gnu/bin/../lib/gcc/nios2-elf/5.3.0/../../../../../H-x86_64-pc-linux-gnu/nios2-elf/lib/libsmallc.a(lib_a-strlen.o)
 .debug_aranges
                0x0000000000000218       0x20 /usr/local/3rdparty/altera/18.1/nios2eds/bin/gnu/H-x86_64-pc-linux-gnu/bin/../lib/gcc/nios2-elf/5.3.0/libgcc.a(lib2-divmod.o)

.debug_pubnames
 *(.debug_pubnames)

.debug_info     0x0000000000000000     0x1a1f
 *(.debug_info .gnu.linkonce.wi.*)
 .debug_info    0x0000000000000000       0x56 ../p3_bsp//obj/HAL/src/crt0.o
 .debug_info    0x0000000000000056      0x264 obj/default/hello_world_small.o
 .debug_info    0x00000000000002ba      0x5ec /usr/local/3rdparty/altera/18.1/nios2eds/bin/gnu/H-x86_64-pc-linux-gnu/bin/../lib/gcc/nios2-elf/5.3.0/../../../../../H-x86_64-pc-linux-gnu/nios2-elf/lib/libsmallc.a(lib_a-rand.o)
 .debug_info    0x00000000000008a6      0x1eb /usr/local/3rdparty/altera/18.1/nios2eds/bin/gnu/H-x86_64-pc-linux-gnu/bin/../lib/gcc/nios2-elf/5.3.0/libgcc.a(_muldi3.o)
 .debug_info    0x0000000000000a91      0x1c9 ../p3_bsp//libhal_bsp.a(alt_load.o)
 .debug_info    0x0000000000000c5a      0x169 ../p3_bsp//libhal_bsp.a(alt_main.o)
 .debug_info    0x0000000000000dc3      0x13a ../p3_bsp//libhal_bsp.a(alt_putstr.o)
 .debug_info    0x0000000000000efd       0xd1 ../p3_bsp//libhal_bsp.a(alt_usleep.o)
 .debug_info    0x0000000000000fce      0x185 ../p3_bsp//libhal_bsp.a(alt_sys_init.o)
 .debug_info    0x0000000000001153      0x197 ../p3_bsp//libhal_bsp.a(altera_avalon_jtag_uart_write.o)
 .debug_info    0x00000000000012ea       0xd8 ../p3_bsp//libhal_bsp.a(alt_busy_sleep.o)
 .debug_info    0x00000000000013c2       0xa6 ../p3_bsp//libhal_bsp.a(alt_dcache_flush_all.o)
 .debug_info    0x0000000000001468       0xb8 ../p3_bsp//libhal_bsp.a(alt_icache_flush_all.o)
 .debug_info    0x0000000000001520       0x92 ../p3_bsp//libhal_bsp.a(altera_nios2_gen2_irq.o)
 .debug_info    0x00000000000015b2       0xde ../p3_bsp//libhal_bsp.a(alt_icache_flush.o)
 .debug_info    0x0000000000001690       0xc9 /usr/local/3rdparty/altera/18.1/nios2eds/bin/gnu/H-x86_64-pc-linux-gnu/bin/../lib/gcc/nios2-elf/5.3.0/../../../../../H-x86_64-pc-linux-gnu/nios2-elf/lib/libsmallc.a(lib_a-strlen.o)
 .debug_info    0x0000000000001759      0x2c6 /usr/local/3rdparty/altera/18.1/nios2eds/bin/gnu/H-x86_64-pc-linux-gnu/bin/../lib/gcc/nios2-elf/5.3.0/libgcc.a(lib2-divmod.o)

.debug_abbrev   0x0000000000000000      0xc4e
 *(.debug_abbrev)
 .debug_abbrev  0x0000000000000000       0x12 ../p3_bsp//obj/HAL/src/crt0.o
 .debug_abbrev  0x0000000000000012       0xeb obj/default/hello_world_small.o
 .debug_abbrev  0x00000000000000fd      0x1a0 /usr/local/3rdparty/altera/18.1/nios2eds/bin/gnu/H-x86_64-pc-linux-gnu/bin/../lib/gcc/nios2-elf/5.3.0/../../../../../H-x86_64-pc-linux-gnu/nios2-elf/lib/libsmallc.a(lib_a-rand.o)
 .debug_abbrev  0x000000000000029d       0xef /usr/local/3rdparty/altera/18.1/nios2eds/bin/gnu/H-x86_64-pc-linux-gnu/bin/../lib/gcc/nios2-elf/5.3.0/libgcc.a(_muldi3.o)
 .debug_abbrev  0x000000000000038c       0xd8 ../p3_bsp//libhal_bsp.a(alt_load.o)
 .debug_abbrev  0x0000000000000464       0xee ../p3_bsp//libhal_bsp.a(alt_main.o)
 .debug_abbrev  0x0000000000000552       0xd3 ../p3_bsp//libhal_bsp.a(alt_putstr.o)
 .debug_abbrev  0x0000000000000625       0x8d ../p3_bsp//libhal_bsp.a(alt_usleep.o)
 .debug_abbrev  0x00000000000006b2      0x107 ../p3_bsp//libhal_bsp.a(alt_sys_init.o)
 .debug_abbrev  0x00000000000007b9       0xd5 ../p3_bsp//libhal_bsp.a(altera_avalon_jtag_uart_write.o)
 .debug_abbrev  0x000000000000088e       0x8d ../p3_bsp//libhal_bsp.a(alt_busy_sleep.o)
 .debug_abbrev  0x000000000000091b       0x5a ../p3_bsp//libhal_bsp.a(alt_dcache_flush_all.o)
 .debug_abbrev  0x0000000000000975       0x6f ../p3_bsp//libhal_bsp.a(alt_icache_flush_all.o)
 .debug_abbrev  0x00000000000009e4       0x42 ../p3_bsp//libhal_bsp.a(altera_nios2_gen2_irq.o)
 .debug_abbrev  0x0000000000000a26       0x9b ../p3_bsp//libhal_bsp.a(alt_icache_flush.o)
 .debug_abbrev  0x0000000000000ac1       0x7f /usr/local/3rdparty/altera/18.1/nios2eds/bin/gnu/H-x86_64-pc-linux-gnu/bin/../lib/gcc/nios2-elf/5.3.0/../../../../../H-x86_64-pc-linux-gnu/nios2-elf/lib/libsmallc.a(lib_a-strlen.o)
 .debug_abbrev  0x0000000000000b40      0x10e /usr/local/3rdparty/altera/18.1/nios2eds/bin/gnu/H-x86_64-pc-linux-gnu/bin/../lib/gcc/nios2-elf/5.3.0/libgcc.a(lib2-divmod.o)

.debug_line     0x0000000000000000      0xe0d
 *(.debug_line)
 .debug_line    0x0000000000000000       0x72 ../p3_bsp//obj/HAL/src/crt0.o
 .debug_line    0x0000000000000072      0x1ad obj/default/hello_world_small.o
 .debug_line    0x000000000000021f      0x1e8 /usr/local/3rdparty/altera/18.1/nios2eds/bin/gnu/H-x86_64-pc-linux-gnu/bin/../lib/gcc/nios2-elf/5.3.0/../../../../../H-x86_64-pc-linux-gnu/nios2-elf/lib/libsmallc.a(lib_a-rand.o)
 .debug_line    0x0000000000000407       0x86 /usr/local/3rdparty/altera/18.1/nios2eds/bin/gnu/H-x86_64-pc-linux-gnu/bin/../lib/gcc/nios2-elf/5.3.0/libgcc.a(_muldi3.o)
 .debug_line    0x000000000000048d       0xa4 ../p3_bsp//libhal_bsp.a(alt_load.o)
 .debug_line    0x0000000000000531       0xbd ../p3_bsp//libhal_bsp.a(alt_main.o)
 .debug_line    0x00000000000005ee       0xae ../p3_bsp//libhal_bsp.a(alt_putstr.o)
 .debug_line    0x000000000000069c       0xdd ../p3_bsp//libhal_bsp.a(alt_usleep.o)
 .debug_line    0x0000000000000779      0x101 ../p3_bsp//libhal_bsp.a(alt_sys_init.o)
 .debug_line    0x000000000000087a       0xf0 ../p3_bsp//libhal_bsp.a(altera_avalon_jtag_uart_write.o)
 .debug_line    0x000000000000096a       0xb3 ../p3_bsp//libhal_bsp.a(alt_busy_sleep.o)
 .debug_line    0x0000000000000a1d       0x5a ../p3_bsp//libhal_bsp.a(alt_dcache_flush_all.o)
 .debug_line    0x0000000000000a77       0x6e ../p3_bsp//libhal_bsp.a(alt_icache_flush_all.o)
 .debug_line    0x0000000000000ae5       0x50 ../p3_bsp//libhal_bsp.a(altera_nios2_gen2_irq.o)
 .debug_line    0x0000000000000b35       0x7d ../p3_bsp//libhal_bsp.a(alt_icache_flush.o)
 .debug_line    0x0000000000000bb2      0x159 /usr/local/3rdparty/altera/18.1/nios2eds/bin/gnu/H-x86_64-pc-linux-gnu/bin/../lib/gcc/nios2-elf/5.3.0/../../../../../H-x86_64-pc-linux-gnu/nios2-elf/lib/libsmallc.a(lib_a-strlen.o)
 .debug_line    0x0000000000000d0b      0x102 /usr/local/3rdparty/altera/18.1/nios2eds/bin/gnu/H-x86_64-pc-linux-gnu/bin/../lib/gcc/nios2-elf/5.3.0/libgcc.a(lib2-divmod.o)

.debug_frame    0x0000000000000000      0x2d0
 *(.debug_frame)
 .debug_frame   0x0000000000000000       0x48 obj/default/hello_world_small.o
 .debug_frame   0x0000000000000048       0x40 /usr/local/3rdparty/altera/18.1/nios2eds/bin/gnu/H-x86_64-pc-linux-gnu/bin/../lib/gcc/nios2-elf/5.3.0/../../../../../H-x86_64-pc-linux-gnu/nios2-elf/lib/libsmallc.a(lib_a-rand.o)
 .debug_frame   0x0000000000000088       0x20 /usr/local/3rdparty/altera/18.1/nios2eds/bin/gnu/H-x86_64-pc-linux-gnu/bin/../lib/gcc/nios2-elf/5.3.0/libgcc.a(_muldi3.o)
 .debug_frame   0x00000000000000a8       0x30 ../p3_bsp//libhal_bsp.a(alt_load.o)
 .debug_frame   0x00000000000000d8       0x2c ../p3_bsp//libhal_bsp.a(alt_main.o)
 .debug_frame   0x0000000000000104       0x30 ../p3_bsp//libhal_bsp.a(alt_putstr.o)
 .debug_frame   0x0000000000000134       0x20 ../p3_bsp//libhal_bsp.a(alt_usleep.o)
 .debug_frame   0x0000000000000154       0x3c ../p3_bsp//libhal_bsp.a(alt_sys_init.o)
 .debug_frame   0x0000000000000190       0x20 ../p3_bsp//libhal_bsp.a(altera_avalon_jtag_uart_write.o)
 .debug_frame   0x00000000000001b0       0x30 ../p3_bsp//libhal_bsp.a(alt_busy_sleep.o)
 .debug_frame   0x00000000000001e0       0x20 ../p3_bsp//libhal_bsp.a(alt_dcache_flush_all.o)
 .debug_frame   0x0000000000000200       0x20 ../p3_bsp//libhal_bsp.a(alt_icache_flush_all.o)
 .debug_frame   0x0000000000000220       0x20 ../p3_bsp//libhal_bsp.a(altera_nios2_gen2_irq.o)
 .debug_frame   0x0000000000000240       0x20 ../p3_bsp//libhal_bsp.a(alt_icache_flush.o)
 .debug_frame   0x0000000000000260       0x20 /usr/local/3rdparty/altera/18.1/nios2eds/bin/gnu/H-x86_64-pc-linux-gnu/bin/../lib/gcc/nios2-elf/5.3.0/../../../../../H-x86_64-pc-linux-gnu/nios2-elf/lib/libsmallc.a(lib_a-strlen.o)
 .debug_frame   0x0000000000000280       0x50 /usr/local/3rdparty/altera/18.1/nios2eds/bin/gnu/H-x86_64-pc-linux-gnu/bin/../lib/gcc/nios2-elf/5.3.0/libgcc.a(lib2-divmod.o)

.debug_str      0x0000000000000000      0xbdb
 *(.debug_str)
 .debug_str     0x0000000000000000      0x160 obj/default/hello_world_small.o
                                        0x1a3 (size before relaxing)
 .debug_str     0x0000000000000160      0x3e5 /usr/local/3rdparty/altera/18.1/nios2eds/bin/gnu/H-x86_64-pc-linux-gnu/bin/../lib/gcc/nios2-elf/5.3.0/../../../../../H-x86_64-pc-linux-gnu/nios2-elf/lib/libsmallc.a(lib_a-rand.o)
                                        0x4a6 (size before relaxing)
 .debug_str     0x0000000000000545      0x183 /usr/local/3rdparty/altera/18.1/nios2eds/bin/gnu/H-x86_64-pc-linux-gnu/bin/../lib/gcc/nios2-elf/5.3.0/libgcc.a(_muldi3.o)
                                        0x20c (size before relaxing)
 .debug_str     0x00000000000006c8      0x13d ../p3_bsp//libhal_bsp.a(alt_load.o)
                                        0x221 (size before relaxing)
 .debug_str     0x0000000000000805       0x8a ../p3_bsp//libhal_bsp.a(alt_main.o)
                                        0x19a (size before relaxing)
 .debug_str     0x000000000000088f       0x66 ../p3_bsp//libhal_bsp.a(alt_putstr.o)
                                        0x177 (size before relaxing)
 .debug_str     0x00000000000008f5       0x2f ../p3_bsp//libhal_bsp.a(alt_usleep.o)
                                        0x13c (size before relaxing)
 .debug_str     0x0000000000000924       0x86 ../p3_bsp//libhal_bsp.a(alt_sys_init.o)
                                        0x20b (size before relaxing)
 .debug_str     0x00000000000009aa       0x2c ../p3_bsp//libhal_bsp.a(altera_avalon_jtag_uart_write.o)
                                        0x1fa (size before relaxing)
 .debug_str     0x00000000000009d6       0x33 ../p3_bsp//libhal_bsp.a(alt_busy_sleep.o)
                                        0x150 (size before relaxing)
 .debug_str     0x0000000000000a09       0x1f ../p3_bsp//libhal_bsp.a(alt_dcache_flush_all.o)
                                        0x13a (size before relaxing)
 .debug_str     0x0000000000000a28       0x30 ../p3_bsp//libhal_bsp.a(alt_icache_flush_all.o)
                                        0x14b (size before relaxing)
 .debug_str     0x0000000000000a58       0x20 ../p3_bsp//libhal_bsp.a(altera_nios2_gen2_irq.o)
                                        0x141 (size before relaxing)
 .debug_str     0x0000000000000a78       0x1b ../p3_bsp//libhal_bsp.a(alt_icache_flush.o)
                                        0x140 (size before relaxing)
 .debug_str     0x0000000000000a93       0xcc /usr/local/3rdparty/altera/18.1/nios2eds/bin/gnu/H-x86_64-pc-linux-gnu/bin/../lib/gcc/nios2-elf/5.3.0/../../../../../H-x86_64-pc-linux-gnu/nios2-elf/lib/libsmallc.a(lib_a-strlen.o)
                                        0x1cc (size before relaxing)
 .debug_str     0x0000000000000b5f       0x7c /usr/local/3rdparty/altera/18.1/nios2eds/bin/gnu/H-x86_64-pc-linux-gnu/bin/../lib/gcc/nios2-elf/5.3.0/libgcc.a(lib2-divmod.o)
                                        0x1b9 (size before relaxing)

.debug_loc      0x0000000000000000      0x9dd
 *(.debug_loc)
 .debug_loc     0x0000000000000000      0x1da obj/default/hello_world_small.o
 .debug_loc     0x00000000000001da      0x12d /usr/local/3rdparty/altera/18.1/nios2eds/bin/gnu/H-x86_64-pc-linux-gnu/bin/../lib/gcc/nios2-elf/5.3.0/libgcc.a(_muldi3.o)
 .debug_loc     0x0000000000000307       0x37 ../p3_bsp//libhal_bsp.a(alt_putstr.o)
 .debug_loc     0x000000000000033e       0x21 ../p3_bsp//libhal_bsp.a(alt_usleep.o)
 .debug_loc     0x000000000000035f       0x21 ../p3_bsp//libhal_bsp.a(alt_sys_init.o)
 .debug_loc     0x0000000000000380       0x8b ../p3_bsp//libhal_bsp.a(altera_avalon_jtag_uart_write.o)
 .debug_loc     0x000000000000040b       0x75 ../p3_bsp//libhal_bsp.a(alt_busy_sleep.o)
 .debug_loc     0x0000000000000480       0x1f ../p3_bsp//libhal_bsp.a(alt_dcache_flush_all.o)
 .debug_loc     0x000000000000049f       0x52 ../p3_bsp//libhal_bsp.a(alt_icache_flush.o)
 .debug_loc     0x00000000000004f1       0x1e /usr/local/3rdparty/altera/18.1/nios2eds/bin/gnu/H-x86_64-pc-linux-gnu/bin/../lib/gcc/nios2-elf/5.3.0/../../../../../H-x86_64-pc-linux-gnu/nios2-elf/lib/libsmallc.a(lib_a-strlen.o)
 .debug_loc     0x000000000000050f      0x4ce /usr/local/3rdparty/altera/18.1/nios2eds/bin/gnu/H-x86_64-pc-linux-gnu/bin/../lib/gcc/nios2-elf/5.3.0/libgcc.a(lib2-divmod.o)

.debug_macinfo
 *(.debug_macinfo)

.debug_weaknames
 *(.debug_weaknames)

.debug_funcnames
 *(.debug_funcnames)

.debug_typenames
 *(.debug_typenames)

.debug_varnames
 *(.debug_varnames)

.debug_alt_sim_info
                0x0000000000000000       0x60
 *(.debug_alt_sim_info)
 .debug_alt_sim_info
                0x0000000000000000       0x30 ../p3_bsp//obj/HAL/src/crt0.o
 .debug_alt_sim_info
                0x0000000000000030       0x30 ../p3_bsp//libhal_bsp.a(alt_busy_sleep.o)
                0x0000000000020000                __alt_data_end = 0x20000
                0x0000000000020000                PROVIDE (__alt_stack_pointer, __alt_data_end)
                [!provide]                        PROVIDE (__alt_stack_limit, __alt_stack_base)
                [!provide]                        PROVIDE (__alt_heap_start, end)
                [!provide]                        PROVIDE (__alt_heap_limit, 0x20000)
OUTPUT(p3.elf elf32-littlenios2)

.debug_ranges   0x0000000000000000      0x130
 .debug_ranges  0x0000000000000000       0x20 ../p3_bsp//obj/HAL/src/crt0.o
 .debug_ranges  0x0000000000000020       0x18 obj/default/hello_world_small.o
 .debug_ranges  0x0000000000000038       0x18 /usr/local/3rdparty/altera/18.1/nios2eds/bin/gnu/H-x86_64-pc-linux-gnu/bin/../lib/gcc/nios2-elf/5.3.0/../../../../../H-x86_64-pc-linux-gnu/nios2-elf/lib/libsmallc.a(lib_a-rand.o)
 .debug_ranges  0x0000000000000050       0x18 /usr/local/3rdparty/altera/18.1/nios2eds/bin/gnu/H-x86_64-pc-linux-gnu/bin/../lib/gcc/nios2-elf/5.3.0/libgcc.a(_muldi3.o)
 .debug_ranges  0x0000000000000068       0x48 ../p3_bsp//libhal_bsp.a(alt_load.o)
 .debug_ranges  0x00000000000000b0       0x10 ../p3_bsp//libhal_bsp.a(alt_icache_flush.o)
 .debug_ranges  0x00000000000000c0       0x10 /usr/local/3rdparty/altera/18.1/nios2eds/bin/gnu/H-x86_64-pc-linux-gnu/bin/../lib/gcc/nios2-elf/5.3.0/../../../../../H-x86_64-pc-linux-gnu/nios2-elf/lib/libsmallc.a(lib_a-strlen.o)
 .debug_ranges  0x00000000000000d0       0x60 /usr/local/3rdparty/altera/18.1/nios2eds/bin/gnu/H-x86_64-pc-linux-gnu/bin/../lib/gcc/nios2-elf/5.3.0/libgcc.a(lib2-divmod.o)
